recipe: densenet121 seed 2 ep 120 ema 0.999 tau 4.09*mu+1.259
  ARM: {'save_swa': True, 'rot_deg': 31.7, 'sagfuse': 'attnres', 'sagfuse_aug': True, 'sagfuse_aux': 0.3, 'anchor_guard': True, 'ndt_anchor': 'striatal', 'mask3d_cache': '/ssd/datasets/DAT_SCAN/boxcache/canonv2mask_ell.u8.npy', 'lesion_p': 0.25, 'lesion_lo': 0.45, 'lesion_hi': 0.9, 'fuse_lr_mult': 0.3, 'box_cache': '/ssd/datasets/DAT_SCAN/boxcache/canonv2.f16.npy', 'splits': 'meta/cv_round3.csv'}
  NDT anchor = STRIATAL (one scalar per scan, mask through the image affine, window fallback)
  weight EMA decay=0.999 (this IS the shipped artifact, not the last weights)
  COUNTERFACTUAL LESION: p=0.25 sev [0.45,0.9] order_w=0.0 k=8 margin=0.5
  LESION FIRED: 4 normals relabelled abnormal, 0 ordering pairs, batch 24 -> 24 rows
  SAGFUSE_AUX FIRED: w=0.3, 2 view logits supervised
[fu_a2_dnet f1] ep00 val ll 0.6595 auc 0.8149 (best 0.6595@0)
[fu_a2_dnet f1] ep10 val ll 0.2960 auc 0.9475 (best 0.2960@10)
[fu_a2_dnet f1] ep20 val ll 0.2323 auc 0.9672 (best 0.2323@20)
[fu_a2_dnet f1] ep30 val ll 0.3886 auc 0.9588 (best 0.2323@20)
[fu_a2_dnet f1] ep40 val ll 0.2592 auc 0.9623 (best 0.2323@20)
[fu_a2_dnet f1] ep50 val ll 0.2627 auc 0.9661 (best 0.2323@20)
[fu_a2_dnet f1] ep60 val ll 0.2519 auc 0.9668 (best 0.2323@20)
[fu_a2_dnet f1] ep70 val ll 0.2521 auc 0.9678 (best 0.2323@20)
[fu_a2_dnet f1] ep80 val ll 0.2396 auc 0.9687 (best 0.2273@79)
[fu_a2_dnet f1] ep90 val ll 0.2390 auc 0.9682 (best 0.2273@79)
[fu_a2_dnet f1] ep100 val ll 0.2345 auc 0.9704 (best 0.2273@79)
[fu_a2_dnet f1] ep110 val ll 0.2283 auc 0.9697 (best 0.2273@79)
[fu_a2_dnet f1] ep119 val ll 0.2423 auc 0.9691 (best 0.2273@79)
[fu_a2_dnet f1] EMA checkpoint + BN recal (242 layers)
[fu_a2_dnet f1] done 53.7 min: ll 0.2409 auc 0.9698
