recipe: densenet121 seed 10 ep 120 ema 0.999 tau 4.09*mu+1.259
  ARM: {'save_swa': True, 'rot_deg': 31.7, 'sagfuse': 'attnres', 'sagfuse_aug': True, 'sagfuse_aux': 0.3, 'anchor_guard': True, 'ndt_anchor': 'striatal', 'mask3d_cache': '/ssd/datasets/DAT_SCAN/boxcache/canonv2mask_ell.u8.npy', 'lesion_p': 0.25, 'lesion_lo': 0.45, 'lesion_hi': 0.9, 'fuse_lr_mult': 0.3, 'box_cache': '/ssd/datasets/DAT_SCAN/boxcache/canonv2.f16.npy', 'splits': 'meta/cv_round11.csv'}
  NDT anchor = STRIATAL (one scalar per scan, mask through the image affine, window fallback)
  weight EMA decay=0.999 (this IS the shipped artifact, not the last weights)
  COUNTERFACTUAL LESION: p=0.25 sev [0.45,0.9] order_w=0.0 k=8 margin=0.5
  LESION FIRED: 0 normals relabelled abnormal, 0 ordering pairs, batch 24 -> 24 rows
  SAGFUSE_AUX FIRED: w=0.3, 2 view logits supervised
[fu_a10_dnet f0] ep00 val ll 0.6884 auc 0.7524 (best 0.6884@0)
[fu_a10_dnet f0] ep10 val ll 0.3672 auc 0.9260 (best 0.3672@10)
[fu_a10_dnet f0] ep20 val ll 0.3116 auc 0.9459 (best 0.2704@18)
[fu_a10_dnet f0] ep30 val ll 0.2873 auc 0.9523 (best 0.2618@25)
[fu_a10_dnet f0] ep40 val ll 0.4158 auc 0.9563 (best 0.2484@36)
[fu_a10_dnet f0] ep50 val ll 0.2548 auc 0.9600 (best 0.2484@36)
[fu_a10_dnet f0] ep60 val ll 0.2843 auc 0.9582 (best 0.2377@51)
[fu_a10_dnet f0] ep70 val ll 0.2664 auc 0.9615 (best 0.2375@62)
[fu_a10_dnet f0] ep80 val ll 0.2867 auc 0.9575 (best 0.2375@62)
[fu_a10_dnet f0] ep90 val ll 0.2674 auc 0.9615 (best 0.2375@62)
[fu_a10_dnet f0] ep100 val ll 0.2559 auc 0.9631 (best 0.2375@62)
[fu_a10_dnet f0] ep110 val ll 0.2706 auc 0.9621 (best 0.2375@62)
[fu_a10_dnet f0] ep119 val ll 0.2560 auc 0.9628 (best 0.2375@62)
[fu_a10_dnet f0] EMA checkpoint + BN recal (242 layers)
[fu_a10_dnet f0] done 52.3 min: ll 0.2671 auc 0.9630
