recipe: densenet121 seed 3 ep 120 ema 0.999 tau 4.09*mu+1.259
  ARM: {'save_swa': True, 'rot_deg': 31.7, 'sagfuse': 'attnres', 'sagfuse_aug': True, 'sagfuse_aux': 0.3, 'anchor_guard': True, 'ndt_anchor': 'striatal', 'mask3d_cache': '/ssd/datasets/DAT_SCAN/boxcache/canonv2mask_ell.u8.npy', 'lesion_p': 0.25, 'lesion_lo': 0.45, 'lesion_hi': 0.9, 'fuse_lr_mult': 0.3, 'box_cache': '/ssd/datasets/DAT_SCAN/boxcache/canonv2.f16.npy', 'splits': 'meta/cv_round4.csv'}
  NDT anchor = STRIATAL (one scalar per scan, mask through the image affine, window fallback)
  weight EMA decay=0.999 (this IS the shipped artifact, not the last weights)
  COUNTERFACTUAL LESION: p=0.25 sev [0.45,0.9] order_w=0.0 k=8 margin=0.5
  LESION FIRED: 2 normals relabelled abnormal, 0 ordering pairs, batch 24 -> 24 rows
  SAGFUSE_AUX FIRED: w=0.3, 2 view logits supervised
[fu_a3_dnet f2] ep00 val ll 0.7079 auc 0.6460 (best 0.7079@0)
[fu_a3_dnet f2] ep10 val ll 0.3432 auc 0.9409 (best 0.3432@10)
[fu_a3_dnet f2] ep20 val ll 0.3099 auc 0.9470 (best 0.2595@19)
[fu_a3_dnet f2] ep30 val ll 0.2725 auc 0.9628 (best 0.2521@26)
[fu_a3_dnet f2] ep40 val ll 0.3139 auc 0.9529 (best 0.2513@37)
[fu_a3_dnet f2] ep50 val ll 0.2557 auc 0.9557 (best 0.2266@45)
[fu_a3_dnet f2] ep60 val ll 0.2372 auc 0.9644 (best 0.2266@45)
[fu_a3_dnet f2] ep70 val ll 0.2264 auc 0.9678 (best 0.2264@70)
[fu_a3_dnet f2] ep80 val ll 0.2384 auc 0.9663 (best 0.2205@74)
[fu_a3_dnet f2] ep90 val ll 0.2334 auc 0.9674 (best 0.2171@83)
[fu_a3_dnet f2] ep100 val ll 0.2416 auc 0.9674 (best 0.2171@83)
[fu_a3_dnet f2] ep110 val ll 0.2493 auc 0.9668 (best 0.2171@83)
[fu_a3_dnet f2] ep119 val ll 0.2412 auc 0.9682 (best 0.2171@83)
[fu_a3_dnet f2] EMA checkpoint + BN recal (242 layers)
[fu_a3_dnet f2] done 53.2 min: ll 0.2525 auc 0.9680
