recipe: densenet121 seed 9 ep 120 ema 0.999 tau 4.09*mu+1.259
  ARM: {'save_swa': True, 'rot_deg': 31.7, 'sagfuse': 'attnres', 'sagfuse_aug': True, 'sagfuse_aux': 0.3, 'anchor_guard': True, 'ndt_anchor': 'striatal', 'mask3d_cache': '/ssd/datasets/DAT_SCAN/boxcache/canonv2mask_ell.u8.npy', 'lesion_p': 0.25, 'lesion_lo': 0.45, 'lesion_hi': 0.9, 'fuse_lr_mult': 0.3, 'box_cache': '/ssd/datasets/DAT_SCAN/boxcache/canonv2.f16.npy', 'splits': 'meta/cv_round10.csv'}
  NDT anchor = STRIATAL (one scalar per scan, mask through the image affine, window fallback)
  weight EMA decay=0.999 (this IS the shipped artifact, not the last weights)
  COUNTERFACTUAL LESION: p=0.25 sev [0.45,0.9] order_w=0.0 k=8 margin=0.5
  LESION FIRED: 2 normals relabelled abnormal, 0 ordering pairs, batch 24 -> 24 rows
  SAGFUSE_AUX FIRED: w=0.3, 2 view logits supervised
[fu_a9_dnet f1] ep00 val ll 0.6725 auc 0.7197 (best 0.6725@0)
[fu_a9_dnet f1] ep10 val ll 0.3011 auc 0.9405 (best 0.3011@10)
[fu_a9_dnet f1] ep20 val ll 0.2920 auc 0.9609 (best 0.2752@18)
[fu_a9_dnet f1] ep30 val ll 0.2757 auc 0.9610 (best 0.2229@27)
[fu_a9_dnet f1] ep40 val ll 0.2161 auc 0.9719 (best 0.2161@40)
[fu_a9_dnet f1] ep50 val ll 0.2203 auc 0.9711 (best 0.2082@48)
[fu_a9_dnet f1] ep60 val ll 0.2420 auc 0.9720 (best 0.1940@52)
[fu_a9_dnet f1] ep70 val ll 0.3973 auc 0.9718 (best 0.1940@52)
[fu_a9_dnet f1] ep80 val ll 0.2673 auc 0.9730 (best 0.1940@52)
[fu_a9_dnet f1] ep90 val ll 0.2513 auc 0.9740 (best 0.1940@52)
[fu_a9_dnet f1] ep100 val ll 0.2252 auc 0.9765 (best 0.1940@52)
[fu_a9_dnet f1] ep110 val ll 0.2598 auc 0.9754 (best 0.1940@52)
[fu_a9_dnet f1] ep119 val ll 0.2578 auc 0.9759 (best 0.1940@52)
[fu_a9_dnet f1] EMA checkpoint + BN recal (242 layers)
[fu_a9_dnet f1] done 53.2 min: ll 0.2630 auc 0.9760
