recipe: densenet121 seed 7 ep 120 ema 0.999 tau 4.09*mu+1.259
  ARM: {'save_swa': True, 'rot_deg': 31.7, 'sagfuse': 'attnres', 'sagfuse_aug': True, 'sagfuse_aux': 0.3, 'anchor_guard': True, 'ndt_anchor': 'striatal', 'mask3d_cache': '/ssd/datasets/DAT_SCAN/boxcache/canonv2mask_ell.u8.npy', 'lesion_p': 0.25, 'lesion_lo': 0.45, 'lesion_hi': 0.9, 'fuse_lr_mult': 0.3, 'box_cache': '/ssd/datasets/DAT_SCAN/boxcache/canonv2.f16.npy', 'splits': 'meta/cv_round8.csv'}
  NDT anchor = STRIATAL (one scalar per scan, mask through the image affine, window fallback)
  weight EMA decay=0.999 (this IS the shipped artifact, not the last weights)
  COUNTERFACTUAL LESION: p=0.25 sev [0.45,0.9] order_w=0.0 k=8 margin=0.5
  LESION FIRED: 4 normals relabelled abnormal, 0 ordering pairs, batch 24 -> 24 rows
  SAGFUSE_AUX FIRED: w=0.3, 2 view logits supervised
[fu_a7_dnet f2] ep00 val ll 0.6715 auc 0.7387 (best 0.6715@0)
[fu_a7_dnet f2] ep10 val ll 0.5206 auc 0.9457 (best 0.3740@7)
[fu_a7_dnet f2] ep20 val ll 0.3082 auc 0.9664 (best 0.2781@13)
[fu_a7_dnet f2] ep30 val ll 0.2441 auc 0.9714 (best 0.2111@28)
[fu_a7_dnet f2] ep40 val ll 0.2279 auc 0.9664 (best 0.2111@28)
[fu_a7_dnet f2] ep50 val ll 0.2692 auc 0.9645 (best 0.2111@28)
[fu_a7_dnet f2] ep60 val ll 0.5137 auc 0.9618 (best 0.2111@28)
[fu_a7_dnet f2] ep70 val ll 0.2204 auc 0.9697 (best 0.2111@28)
[fu_a7_dnet f2] ep80 val ll 0.2288 auc 0.9661 (best 0.2111@28)
[fu_a7_dnet f2] ep90 val ll 0.2270 auc 0.9678 (best 0.2111@28)
[fu_a7_dnet f2] ep100 val ll 0.2256 auc 0.9672 (best 0.2111@28)
[fu_a7_dnet f2] ep110 val ll 0.2368 auc 0.9666 (best 0.2111@28)
[fu_a7_dnet f2] ep119 val ll 0.2270 auc 0.9680 (best 0.2111@28)
[fu_a7_dnet f2] EMA checkpoint + BN recal (242 layers)
[fu_a7_dnet f2] done 55.0 min: ll 0.2437 auc 0.9672
