recipe: densenet121 seed 2 ep 120 ema 0.999 tau 4.09*mu+1.259
  ARM: {'save_swa': True, 'rot_deg': 31.7, 'sagfuse': 'attnres', 'sagfuse_aug': True, 'sagfuse_aux': 0.3, 'anchor_guard': True, 'ndt_anchor': 'striatal', 'mask3d_cache': '/ssd/datasets/DAT_SCAN/boxcache/canonv2mask_ell.u8.npy', 'lesion_p': 0.25, 'lesion_lo': 0.45, 'lesion_hi': 0.9, 'fuse_lr_mult': 0.3, 'box_cache': '/ssd/datasets/DAT_SCAN/boxcache/canonv2.f16.npy', 'splits': 'meta/cv_round3.csv'}
  NDT anchor = STRIATAL (one scalar per scan, mask through the image affine, window fallback)
  weight EMA decay=0.999 (this IS the shipped artifact, not the last weights)
  COUNTERFACTUAL LESION: p=0.25 sev [0.45,0.9] order_w=0.0 k=8 margin=0.5
  LESION FIRED: 1 normals relabelled abnormal, 0 ordering pairs, batch 24 -> 24 rows
  SAGFUSE_AUX FIRED: w=0.3, 2 view logits supervised
[fu_a2_dnet f4] ep00 val ll 0.6862 auc 0.6804 (best 0.6862@0)
[fu_a2_dnet f4] ep10 val ll 0.3536 auc 0.9526 (best 0.3024@8)
[fu_a2_dnet f4] ep20 val ll 0.2920 auc 0.9676 (best 0.2481@14)
[fu_a2_dnet f4] ep30 val ll 0.2010 auc 0.9774 (best 0.2010@30)
[fu_a2_dnet f4] ep40 val ll 0.2022 auc 0.9752 (best 0.1899@33)
[fu_a2_dnet f4] ep50 val ll 0.2259 auc 0.9810 (best 0.1825@48)
[fu_a2_dnet f4] ep60 val ll 0.1845 auc 0.9782 (best 0.1791@51)
[fu_a2_dnet f4] ep70 val ll 0.2227 auc 0.9790 (best 0.1698@62)
[fu_a2_dnet f4] ep80 val ll 0.1991 auc 0.9782 (best 0.1698@62)
[fu_a2_dnet f4] ep90 val ll 0.1900 auc 0.9797 (best 0.1698@62)
[fu_a2_dnet f4] ep100 val ll 0.2089 auc 0.9812 (best 0.1698@62)
[fu_a2_dnet f4] ep110 val ll 0.1863 auc 0.9814 (best 0.1698@62)
[fu_a2_dnet f4] ep119 val ll 0.1742 auc 0.9817 (best 0.1698@62)
[fu_a2_dnet f4] EMA checkpoint + BN recal (242 layers)
[fu_a2_dnet f4] done 52.1 min: ll 0.2012 auc 0.9818
