recipe: densenet121 seed 2 ep 120 ema 0.999 tau 4.09*mu+1.259
  ARM: {'rot_deg': 31.7, 'sagfuse': 'attnres', 'sagfuse_aug': True, 'sagfuse_aux': 0.3, 'anchor_guard': True, 'ndt_anchor': 'striatal', 'mask3d_cache': '/ssd/datasets/DAT_SCAN/boxcache/canonv2mask_ell.u8.npy', 'lesion_p': 0.25, 'lesion_lo': 0.45, 'lesion_hi': 0.9, 'fuse_lr_mult': 0.3, 'box_cache': '/ssd/datasets/DAT_SCAN/boxcache/canonv2.f16.npy', 'splits': 'meta/cv_round3.csv'}
  NDT anchor = STRIATAL (one scalar per scan, mask through the image affine, window fallback)
  weight EMA decay=0.999 (this IS the shipped artifact, not the last weights)
  COUNTERFACTUAL LESION: p=0.25 sev [0.45,0.9] order_w=0.0 k=8 margin=0.5
  LESION FIRED: 3 normals relabelled abnormal, 0 ordering pairs, batch 24 -> 24 rows
  SAGFUSE_AUX FIRED: w=0.3, 2 view logits supervised
[fu_a2_dnet f0] ep00 val ll 0.6859 auc 0.6497 (best 0.6859@0)
[fu_a2_dnet f0] ep10 val ll 0.3674 auc 0.9524 (best 0.3674@10)
[fu_a2_dnet f0] ep20 val ll 0.3566 auc 0.9547 (best 0.2707@12)
[fu_a2_dnet f0] ep30 val ll 0.3445 auc 0.9610 (best 0.2535@21)
[fu_a2_dnet f0] ep40 val ll 0.2816 auc 0.9716 (best 0.2193@33)
[fu_a2_dnet f0] ep50 val ll 0.2443 auc 0.9661 (best 0.2193@33)
[fu_a2_dnet f0] ep60 val ll 0.2192 auc 0.9739 (best 0.2189@59)
[fu_a2_dnet f0] ep70 val ll 0.2588 auc 0.9718 (best 0.2101@68)
[fu_a2_dnet f0] ep80 val ll 0.2140 auc 0.9752 (best 0.2101@68)
[fu_a2_dnet f0] ep90 val ll 0.2228 auc 0.9721 (best 0.2101@68)
[fu_a2_dnet f0] ep100 val ll 0.2183 auc 0.9746 (best 0.2079@99)
[fu_a2_dnet f0] ep110 val ll 0.2142 auc 0.9754 (best 0.2043@107)
[fu_a2_dnet f0] ep119 val ll 0.2203 auc 0.9747 (best 0.2043@107)
[fu_a2_dnet f0] EMA checkpoint + BN recal (242 layers)
[fu_a2_dnet f0] done 51.1 min: ll 0.2391 auc 0.9745
