recipe: densenet121 seed 8 ep 120 ema 0.999 tau 4.09*mu+1.259
  ARM: {'save_swa': True, 'rot_deg': 31.7, 'sagfuse': 'attnres', 'sagfuse_aug': True, 'sagfuse_aux': 0.3, 'anchor_guard': True, 'ndt_anchor': 'striatal', 'mask3d_cache': '/ssd/datasets/DAT_SCAN/boxcache/canonv2mask_ell.u8.npy', 'lesion_p': 0.25, 'lesion_lo': 0.45, 'lesion_hi': 0.9, 'fuse_lr_mult': 0.3, 'box_cache': '/ssd/datasets/DAT_SCAN/boxcache/canonv2.f16.npy', 'splits': 'meta/cv_round9.csv'}
  NDT anchor = STRIATAL (one scalar per scan, mask through the image affine, window fallback)
  weight EMA decay=0.999 (this IS the shipped artifact, not the last weights)
  COUNTERFACTUAL LESION: p=0.25 sev [0.45,0.9] order_w=0.0 k=8 margin=0.5
  LESION FIRED: 0 normals relabelled abnormal, 0 ordering pairs, batch 24 -> 24 rows
  SAGFUSE_AUX FIRED: w=0.3, 2 view logits supervised
[fu_a8_dnet f4] ep00 val ll 0.6900 auc 0.6831 (best 0.6900@0)
[fu_a8_dnet f4] ep10 val ll 0.3068 auc 0.9428 (best 0.3068@10)
[fu_a8_dnet f4] ep20 val ll 0.3184 auc 0.9597 (best 0.2672@18)
[fu_a8_dnet f4] ep30 val ll 0.2991 auc 0.9630 (best 0.2409@23)
[fu_a8_dnet f4] ep40 val ll 0.3417 auc 0.9652 (best 0.2194@38)
[fu_a8_dnet f4] ep50 val ll 0.2251 auc 0.9631 (best 0.2194@38)
[fu_a8_dnet f4] ep60 val ll 0.2940 auc 0.9707 (best 0.2157@52)
[fu_a8_dnet f4] ep70 val ll 0.2166 auc 0.9700 (best 0.1934@63)
[fu_a8_dnet f4] ep80 val ll 0.2351 auc 0.9730 (best 0.1934@63)
[fu_a8_dnet f4] ep90 val ll 0.2172 auc 0.9742 (best 0.1934@63)
[fu_a8_dnet f4] ep100 val ll 0.2205 auc 0.9734 (best 0.1934@63)
[fu_a8_dnet f4] ep110 val ll 0.2043 auc 0.9734 (best 0.1934@63)
[fu_a8_dnet f4] ep119 val ll 0.2121 auc 0.9733 (best 0.1934@63)
[fu_a8_dnet f4] EMA checkpoint + BN recal (242 layers)
[fu_a8_dnet f4] done 52.6 min: ll 0.2290 auc 0.9743
