recipe: densenet121 seed 8 ep 120 ema 0.999 tau 4.09*mu+1.259
  ARM: {'save_swa': True, 'rot_deg': 31.7, 'sagfuse': 'attnres', 'sagfuse_aug': True, 'sagfuse_aux': 0.3, 'anchor_guard': True, 'ndt_anchor': 'striatal', 'mask3d_cache': '/ssd/datasets/DAT_SCAN/boxcache/canonv2mask_ell.u8.npy', 'lesion_p': 0.25, 'lesion_lo': 0.45, 'lesion_hi': 0.9, 'fuse_lr_mult': 0.3, 'box_cache': '/ssd/datasets/DAT_SCAN/boxcache/canonv2.f16.npy', 'splits': 'meta/cv_round9.csv'}
  NDT anchor = STRIATAL (one scalar per scan, mask through the image affine, window fallback)
  weight EMA decay=0.999 (this IS the shipped artifact, not the last weights)
  COUNTERFACTUAL LESION: p=0.25 sev [0.45,0.9] order_w=0.0 k=8 margin=0.5
  LESION FIRED: 3 normals relabelled abnormal, 0 ordering pairs, batch 24 -> 24 rows
  SAGFUSE_AUX FIRED: w=0.3, 2 view logits supervised
[fu_a8_dnet f0] ep00 val ll 0.6864 auc 0.7274 (best 0.6864@0)
[fu_a8_dnet f0] ep10 val ll 0.3528 auc 0.9646 (best 0.2932@8)
[fu_a8_dnet f0] ep20 val ll 0.2182 auc 0.9767 (best 0.2182@20)
[fu_a8_dnet f0] ep30 val ll 0.2223 auc 0.9761 (best 0.2049@26)
[fu_a8_dnet f0] ep40 val ll 0.2448 auc 0.9770 (best 0.2013@38)
[fu_a8_dnet f0] ep50 val ll 0.2066 auc 0.9754 (best 0.1973@42)
[fu_a8_dnet f0] ep60 val ll 0.2180 auc 0.9775 (best 0.1936@55)
[fu_a8_dnet f0] ep70 val ll 0.2190 auc 0.9777 (best 0.1936@55)
[fu_a8_dnet f0] ep80 val ll 0.2087 auc 0.9776 (best 0.1936@55)
[fu_a8_dnet f0] ep90 val ll 0.2223 auc 0.9760 (best 0.1936@55)
[fu_a8_dnet f0] ep100 val ll 0.2117 auc 0.9763 (best 0.1936@55)
[fu_a8_dnet f0] ep110 val ll 0.2301 auc 0.9774 (best 0.1936@55)
[fu_a8_dnet f0] ep119 val ll 0.2063 auc 0.9770 (best 0.1936@55)
[fu_a8_dnet f0] EMA checkpoint + BN recal (242 layers)
[fu_a8_dnet f0] done 55.4 min: ll 0.2355 auc 0.9772
