recipe: densenet121 seed 1 ep 120 ema 0.999 tau 4.09*mu+1.259
  ARM: {'save_swa': True, 'rot_deg': 31.7, 'sagfuse': 'attnres', 'sagfuse_aug': True, 'sagfuse_aux': 0.3, 'anchor_guard': True, 'ndt_anchor': 'striatal', 'mask3d_cache': '/ssd/datasets/DAT_SCAN/boxcache/canonv2mask_ell.u8.npy', 'lesion_p': 0.25, 'lesion_lo': 0.45, 'lesion_hi': 0.9, 'fuse_lr_mult': 0.3, 'box_cache': '/ssd/datasets/DAT_SCAN/boxcache/canonv2.f16.npy', 'splits': 'meta/cv_round2.csv'}
  NDT anchor = STRIATAL (one scalar per scan, mask through the image affine, window fallback)
  weight EMA decay=0.999 (this IS the shipped artifact, not the last weights)
  COUNTERFACTUAL LESION: p=0.25 sev [0.45,0.9] order_w=0.0 k=8 margin=0.5
  LESION FIRED: 4 normals relabelled abnormal, 0 ordering pairs, batch 24 -> 24 rows
  SAGFUSE_AUX FIRED: w=0.3, 2 view logits supervised
[fu_a1_dnet f1] ep00 val ll 0.6707 auc 0.7490 (best 0.6707@0)
[fu_a1_dnet f1] ep10 val ll 0.3156 auc 0.9414 (best 0.3156@10)
[fu_a1_dnet f1] ep20 val ll 0.2571 auc 0.9602 (best 0.2571@20)
[fu_a1_dnet f1] ep30 val ll 0.2704 auc 0.9653 (best 0.2381@26)
[fu_a1_dnet f1] ep40 val ll 0.4728 auc 0.9696 (best 0.2273@31)
[fu_a1_dnet f1] ep50 val ll 0.2199 auc 0.9744 (best 0.2127@45)
[fu_a1_dnet f1] ep60 val ll 0.2098 auc 0.9741 (best 0.2001@54)
[fu_a1_dnet f1] ep70 val ll 0.2394 auc 0.9730 (best 0.1988@69)
[fu_a1_dnet f1] ep80 val ll 0.2494 auc 0.9736 (best 0.1988@69)
[fu_a1_dnet f1] ep90 val ll 0.1994 auc 0.9775 (best 0.1957@82)
[fu_a1_dnet f1] ep100 val ll 0.2031 auc 0.9766 (best 0.1957@82)
[fu_a1_dnet f1] ep110 val ll 0.2004 auc 0.9776 (best 0.1957@82)
[fu_a1_dnet f1] ep119 val ll 0.2002 auc 0.9779 (best 0.1957@82)
[fu_a1_dnet f1] EMA checkpoint + BN recal (242 layers)
[fu_a1_dnet f1] done 52.5 min: ll 0.2165 auc 0.9768
