recipe: densenet121 seed 2 ep 120 ema 0.999 tau 4.09*mu+1.259
  ARM: {'save_swa': True, 'rot_deg': 31.7, 'sagfuse': 'attnres', 'sagfuse_aug': True, 'sagfuse_aux': 0.3, 'anchor_guard': True, 'ndt_anchor': 'striatal', 'mask3d_cache': '/ssd/datasets/DAT_SCAN/boxcache/canonv2mask_ell.u8.npy', 'lesion_p': 0.25, 'lesion_lo': 0.45, 'lesion_hi': 0.9, 'fuse_lr_mult': 0.3, 'box_cache': '/ssd/datasets/DAT_SCAN/boxcache/canonv2.f16.npy', 'splits': 'meta/cv_round3.csv'}
  NDT anchor = STRIATAL (one scalar per scan, mask through the image affine, window fallback)
  weight EMA decay=0.999 (this IS the shipped artifact, not the last weights)
  COUNTERFACTUAL LESION: p=0.25 sev [0.45,0.9] order_w=0.0 k=8 margin=0.5
  LESION FIRED: 1 normals relabelled abnormal, 0 ordering pairs, batch 24 -> 24 rows
  SAGFUSE_AUX FIRED: w=0.3, 2 view logits supervised
[fu_a2_dnet f2] ep00 val ll 0.7028 auc 0.7444 (best 0.7028@0)
[fu_a2_dnet f2] ep10 val ll 0.5559 auc 0.9383 (best 0.3494@8)
[fu_a2_dnet f2] ep20 val ll 0.2682 auc 0.9571 (best 0.2682@20)
[fu_a2_dnet f2] ep30 val ll 0.4964 auc 0.9548 (best 0.2523@29)
[fu_a2_dnet f2] ep40 val ll 0.3144 auc 0.9554 (best 0.2523@29)
[fu_a2_dnet f2] ep50 val ll 0.2789 auc 0.9632 (best 0.2367@42)
[fu_a2_dnet f2] ep60 val ll 0.3892 auc 0.9567 (best 0.2367@42)
[fu_a2_dnet f2] ep70 val ll 0.2405 auc 0.9670 (best 0.2278@61)
[fu_a2_dnet f2] ep80 val ll 0.2481 auc 0.9636 (best 0.2278@61)
[fu_a2_dnet f2] ep90 val ll 0.2411 auc 0.9660 (best 0.2278@61)
[fu_a2_dnet f2] ep100 val ll 0.2530 auc 0.9651 (best 0.2278@61)
[fu_a2_dnet f2] ep110 val ll 0.2430 auc 0.9657 (best 0.2278@61)
[fu_a2_dnet f2] ep119 val ll 0.2416 auc 0.9657 (best 0.2278@61)
[fu_a2_dnet f2] EMA checkpoint + BN recal (242 layers)
[fu_a2_dnet f2] done 53.3 min: ll 0.2557 auc 0.9653
