recipe: densenet121 seed 4 ep 120 ema 0.999 tau 4.09*mu+1.259
  ARM: {'save_swa': True, 'rot_deg': 31.7, 'sagfuse': 'attnres', 'sagfuse_aug': True, 'sagfuse_aux': 0.3, 'anchor_guard': True, 'ndt_anchor': 'striatal', 'mask3d_cache': '/ssd/datasets/DAT_SCAN/boxcache/canonv2mask_ell.u8.npy', 'lesion_p': 0.25, 'lesion_lo': 0.45, 'lesion_hi': 0.9, 'fuse_lr_mult': 0.3, 'box_cache': '/ssd/datasets/DAT_SCAN/boxcache/canonv2.f16.npy', 'splits': 'meta/cv_round5.csv'}
  NDT anchor = STRIATAL (one scalar per scan, mask through the image affine, window fallback)
  weight EMA decay=0.999 (this IS the shipped artifact, not the last weights)
  COUNTERFACTUAL LESION: p=0.25 sev [0.45,0.9] order_w=0.0 k=8 margin=0.5
  LESION FIRED: 0 normals relabelled abnormal, 0 ordering pairs, batch 24 -> 24 rows
  SAGFUSE_AUX FIRED: w=0.3, 2 view logits supervised
[fu_a4_dnet f2] ep00 val ll 0.6976 auc 0.6887 (best 0.6976@0)
[fu_a4_dnet f2] ep10 val ll 0.4355 auc 0.9386 (best 0.3741@8)
[fu_a4_dnet f2] ep20 val ll 0.2988 auc 0.9479 (best 0.2988@20)
[fu_a4_dnet f2] ep30 val ll 0.3247 auc 0.9652 (best 0.2295@28)
[fu_a4_dnet f2] ep40 val ll 0.2224 auc 0.9734 (best 0.2138@33)
[fu_a4_dnet f2] ep50 val ll 0.3659 auc 0.9768 (best 0.1928@46)
[fu_a4_dnet f2] ep60 val ll 0.3980 auc 0.9758 (best 0.1928@46)
[fu_a4_dnet f2] ep70 val ll 0.1948 auc 0.9774 (best 0.1928@46)
[fu_a4_dnet f2] ep80 val ll 0.2007 auc 0.9769 (best 0.1890@76)
[fu_a4_dnet f2] ep90 val ll 0.2131 auc 0.9788 (best 0.1803@87)
[fu_a4_dnet f2] ep100 val ll 0.1921 auc 0.9796 (best 0.1803@87)
[fu_a4_dnet f2] ep110 val ll 0.1931 auc 0.9792 (best 0.1803@87)
[fu_a4_dnet f2] ep119 val ll 0.1844 auc 0.9799 (best 0.1803@87)
[fu_a4_dnet f2] EMA checkpoint + BN recal (242 layers)
[fu_a4_dnet f2] done 54.6 min: ll 0.2077 auc 0.9792
