recipe: densenet121 seed 5 ep 120 ema 0.999 tau 4.09*mu+1.259
  ARM: {'save_swa': True, 'rot_deg': 31.7, 'sagfuse': 'attnres', 'sagfuse_aug': True, 'sagfuse_aux': 0.3, 'anchor_guard': True, 'ndt_anchor': 'striatal', 'mask3d_cache': '/ssd/datasets/DAT_SCAN/boxcache/canonv2mask_ell.u8.npy', 'lesion_p': 0.25, 'lesion_lo': 0.45, 'lesion_hi': 0.9, 'fuse_lr_mult': 0.3, 'box_cache': '/ssd/datasets/DAT_SCAN/boxcache/canonv2.f16.npy', 'splits': 'meta/cv_round6.csv'}
  NDT anchor = STRIATAL (one scalar per scan, mask through the image affine, window fallback)
  weight EMA decay=0.999 (this IS the shipped artifact, not the last weights)
  COUNTERFACTUAL LESION: p=0.25 sev [0.45,0.9] order_w=0.0 k=8 margin=0.5
  LESION FIRED: 2 normals relabelled abnormal, 0 ordering pairs, batch 24 -> 24 rows
  SAGFUSE_AUX FIRED: w=0.3, 2 view logits supervised
[fu_a5_dnet f2] ep00 val ll 0.6754 auc 0.8049 (best 0.6754@0)
[fu_a5_dnet f2] ep10 val ll 0.4366 auc 0.9525 (best 0.3354@7)
[fu_a5_dnet f2] ep20 val ll 0.4385 auc 0.9579 (best 0.2531@17)
[fu_a5_dnet f2] ep30 val ll 0.2282 auc 0.9721 (best 0.2007@24)
[fu_a5_dnet f2] ep40 val ll 0.2286 auc 0.9705 (best 0.1962@36)
[fu_a5_dnet f2] ep50 val ll 0.3372 auc 0.9693 (best 0.1962@36)
[fu_a5_dnet f2] ep60 val ll 0.4446 auc 0.9724 (best 0.1962@36)
[fu_a5_dnet f2] ep70 val ll 0.3321 auc 0.9730 (best 0.1962@36)
[fu_a5_dnet f2] ep80 val ll 0.2460 auc 0.9772 (best 0.1962@36)
[fu_a5_dnet f2] ep90 val ll 0.2221 auc 0.9744 (best 0.1955@85)
[fu_a5_dnet f2] ep100 val ll 0.2244 auc 0.9754 (best 0.1955@85)
[fu_a5_dnet f2] ep110 val ll 0.2030 auc 0.9776 (best 0.1955@85)
[fu_a5_dnet f2] ep119 val ll 0.2150 auc 0.9777 (best 0.1942@113)
[fu_a5_dnet f2] EMA checkpoint + BN recal (242 layers)
[fu_a5_dnet f2] done 51.5 min: ll 0.2390 auc 0.9765
