recipe: densenet121 seed 4 ep 120 ema 0.999 tau 4.09*mu+1.259
  ARM: {'save_swa': True, 'rot_deg': 31.7, 'sagfuse': 'attnres', 'sagfuse_aug': True, 'sagfuse_aux': 0.3, 'anchor_guard': True, 'ndt_anchor': 'striatal', 'mask3d_cache': '/ssd/datasets/DAT_SCAN/boxcache/canonv2mask_ell.u8.npy', 'lesion_p': 0.25, 'lesion_lo': 0.45, 'lesion_hi': 0.9, 'fuse_lr_mult': 0.3, 'box_cache': '/ssd/datasets/DAT_SCAN/boxcache/canonv2.f16.npy', 'splits': 'meta/cv_round5.csv'}
  NDT anchor = STRIATAL (one scalar per scan, mask through the image affine, window fallback)
  weight EMA decay=0.999 (this IS the shipped artifact, not the last weights)
  COUNTERFACTUAL LESION: p=0.25 sev [0.45,0.9] order_w=0.0 k=8 margin=0.5
  LESION FIRED: 2 normals relabelled abnormal, 0 ordering pairs, batch 24 -> 24 rows
  SAGFUSE_AUX FIRED: w=0.3, 2 view logits supervised
[fu_a4_dnet f0] ep00 val ll 0.6801 auc 0.7241 (best 0.6801@0)
[fu_a4_dnet f0] ep10 val ll 1.1229 auc 0.9051 (best 0.2796@9)
[fu_a4_dnet f0] ep20 val ll 0.3228 auc 0.9691 (best 0.2380@19)
[fu_a4_dnet f0] ep30 val ll 0.2216 auc 0.9688 (best 0.2216@30)
[fu_a4_dnet f0] ep40 val ll 0.2619 auc 0.9679 (best 0.2097@38)
[fu_a4_dnet f0] ep50 val ll 0.3069 auc 0.9691 (best 0.2097@38)
[fu_a4_dnet f0] ep60 val ll 0.3157 auc 0.9663 (best 0.2026@57)
[fu_a4_dnet f0] ep70 val ll 0.2367 auc 0.9708 (best 0.2026@57)
[fu_a4_dnet f0] ep80 val ll 0.2617 auc 0.9711 (best 0.2026@57)
[fu_a4_dnet f0] ep90 val ll 0.2909 auc 0.9705 (best 0.2026@57)
[fu_a4_dnet f0] ep100 val ll 0.2453 auc 0.9719 (best 0.2026@57)
[fu_a4_dnet f0] ep110 val ll 0.2524 auc 0.9730 (best 0.2026@57)
[fu_a4_dnet f0] ep119 val ll 0.2537 auc 0.9725 (best 0.2026@57)
[fu_a4_dnet f0] EMA checkpoint + BN recal (242 layers)
[fu_a4_dnet f0] done 51.9 min: ll 0.2778 auc 0.9721
