recipe: densenet121 seed 4 ep 120 ema 0.999 tau 4.09*mu+1.259
  ARM: {'save_swa': True, 'rot_deg': 31.7, 'sagfuse': 'attnres', 'sagfuse_aug': True, 'sagfuse_aux': 0.3, 'anchor_guard': True, 'ndt_anchor': 'striatal', 'mask3d_cache': '/ssd/datasets/DAT_SCAN/boxcache/canonv2mask_ell.u8.npy', 'lesion_p': 0.25, 'lesion_lo': 0.45, 'lesion_hi': 0.9, 'fuse_lr_mult': 0.3, 'box_cache': '/ssd/datasets/DAT_SCAN/boxcache/canonv2.f16.npy', 'splits': 'meta/cv_round5.csv'}
  NDT anchor = STRIATAL (one scalar per scan, mask through the image affine, window fallback)
  weight EMA decay=0.999 (this IS the shipped artifact, not the last weights)
  COUNTERFACTUAL LESION: p=0.25 sev [0.45,0.9] order_w=0.0 k=8 margin=0.5
  LESION FIRED: 2 normals relabelled abnormal, 0 ordering pairs, batch 24 -> 24 rows
  SAGFUSE_AUX FIRED: w=0.3, 2 view logits supervised
[fu_a4_dnet f3] ep00 val ll 0.6806 auc 0.7140 (best 0.6806@0)
[fu_a4_dnet f3] ep10 val ll 0.4163 auc 0.9326 (best 0.2936@8)
[fu_a4_dnet f3] ep20 val ll 0.5465 auc 0.9538 (best 0.2617@16)
[fu_a4_dnet f3] ep30 val ll 0.5062 auc 0.9538 (best 0.2445@25)
[fu_a4_dnet f3] ep40 val ll 0.2468 auc 0.9636 (best 0.2345@36)
[fu_a4_dnet f3] ep50 val ll 0.2500 auc 0.9613 (best 0.2345@36)
[fu_a4_dnet f3] ep60 val ll 0.2719 auc 0.9653 (best 0.2345@36)
[fu_a4_dnet f3] ep70 val ll 0.2695 auc 0.9638 (best 0.2282@61)
[fu_a4_dnet f3] ep80 val ll 0.2818 auc 0.9643 (best 0.2282@61)
[fu_a4_dnet f3] ep90 val ll 0.2836 auc 0.9638 (best 0.2282@61)
[fu_a4_dnet f3] ep100 val ll 0.2738 auc 0.9630 (best 0.2282@61)
[fu_a4_dnet f3] ep110 val ll 0.2660 auc 0.9663 (best 0.2282@61)
[fu_a4_dnet f3] ep119 val ll 0.2655 auc 0.9657 (best 0.2282@61)
[fu_a4_dnet f3] EMA checkpoint + BN recal (242 layers)
[fu_a4_dnet f3] done 54.9 min: ll 0.2920 auc 0.9654
