recipe: densenet121 seed 2 ep 120 ema 0.999 tau 4.09*mu+1.259
  ARM: {'save_swa': True, 'rot_deg': 31.7, 'sagfuse': 'attnres', 'sagfuse_aug': True, 'sagfuse_aux': 0.3, 'anchor_guard': True, 'ndt_anchor': 'striatal', 'mask3d_cache': '/ssd/datasets/DAT_SCAN/boxcache/canonv2mask_ell.u8.npy', 'lesion_p': 0.25, 'lesion_lo': 0.45, 'lesion_hi': 0.9, 'fuse_lr_mult': 0.3, 'box_cache': '/ssd/datasets/DAT_SCAN/boxcache/canonv2.f16.npy', 'splits': 'meta/cv_round3.csv'}
  NDT anchor = STRIATAL (one scalar per scan, mask through the image affine, window fallback)
  weight EMA decay=0.999 (this IS the shipped artifact, not the last weights)
  COUNTERFACTUAL LESION: p=0.25 sev [0.45,0.9] order_w=0.0 k=8 margin=0.5
  LESION FIRED: 2 normals relabelled abnormal, 0 ordering pairs, batch 24 -> 24 rows
  SAGFUSE_AUX FIRED: w=0.3, 2 view logits supervised
[fu_a2_dnet f3] ep00 val ll 0.6834 auc 0.6366 (best 0.6834@0)
[fu_a2_dnet f3] ep10 val ll 0.4202 auc 0.9195 (best 0.3531@7)
[fu_a2_dnet f3] ep20 val ll 0.5007 auc 0.9545 (best 0.2743@19)
[fu_a2_dnet f3] ep30 val ll 0.2446 auc 0.9646 (best 0.2446@30)
[fu_a2_dnet f3] ep40 val ll 0.2852 auc 0.9560 (best 0.2446@30)
[fu_a2_dnet f3] ep50 val ll 0.2436 auc 0.9622 (best 0.2436@50)
[fu_a2_dnet f3] ep60 val ll 0.3231 auc 0.9630 (best 0.2346@52)
[fu_a2_dnet f3] ep70 val ll 0.2468 auc 0.9652 (best 0.2286@62)
[fu_a2_dnet f3] ep80 val ll 0.2882 auc 0.9655 (best 0.2286@62)
[fu_a2_dnet f3] ep90 val ll 0.2912 auc 0.9679 (best 0.2286@62)
[fu_a2_dnet f3] ep100 val ll 0.3157 auc 0.9661 (best 0.2286@62)
[fu_a2_dnet f3] ep110 val ll 0.3038 auc 0.9664 (best 0.2286@62)
[fu_a2_dnet f3] ep119 val ll 0.2753 auc 0.9666 (best 0.2286@62)
[fu_a2_dnet f3] EMA checkpoint + BN recal (242 layers)
[fu_a2_dnet f3] done 53.2 min: ll 0.3156 auc 0.9662
