recipe: densenet121 seed 1 ep 120 ema 0.999 tau 4.09*mu+1.259
  ARM: {'save_swa': True, 'rot_deg': 31.7, 'sagfuse': 'attnres', 'sagfuse_aug': True, 'sagfuse_aux': 0.3, 'anchor_guard': True, 'ndt_anchor': 'striatal', 'mask3d_cache': '/ssd/datasets/DAT_SCAN/boxcache/canonv2mask_ell.u8.npy', 'lesion_p': 0.25, 'lesion_lo': 0.45, 'lesion_hi': 0.9, 'fuse_lr_mult': 0.3, 'box_cache': '/ssd/datasets/DAT_SCAN/boxcache/canonv2.f16.npy', 'splits': 'meta/cv_round2.csv'}
  NDT anchor = STRIATAL (one scalar per scan, mask through the image affine, window fallback)
  weight EMA decay=0.999 (this IS the shipped artifact, not the last weights)
  COUNTERFACTUAL LESION: p=0.25 sev [0.45,0.9] order_w=0.0 k=8 margin=0.5
  LESION FIRED: 3 normals relabelled abnormal, 0 ordering pairs, batch 24 -> 24 rows
  SAGFUSE_AUX FIRED: w=0.3, 2 view logits supervised
[fu_a1_dnet f0] ep00 val ll 0.6646 auc 0.8356 (best 0.6646@0)
[fu_a1_dnet f0] ep10 val ll 0.3493 auc 0.9608 (best 0.3013@9)
[fu_a1_dnet f0] ep20 val ll 0.3607 auc 0.9734 (best 0.2373@19)
[fu_a1_dnet f0] ep30 val ll 0.1937 auc 0.9771 (best 0.1937@30)
[fu_a1_dnet f0] ep40 val ll 0.2127 auc 0.9791 (best 0.1937@30)
[fu_a1_dnet f0] ep50 val ll 0.2371 auc 0.9790 (best 0.1876@42)
[fu_a1_dnet f0] ep60 val ll 0.1754 auc 0.9815 (best 0.1754@60)
[fu_a1_dnet f0] ep70 val ll 0.2790 auc 0.9840 (best 0.1754@60)
[fu_a1_dnet f0] ep80 val ll 0.1924 auc 0.9854 (best 0.1731@77)
[fu_a1_dnet f0] ep90 val ll 0.2164 auc 0.9842 (best 0.1645@82)
[fu_a1_dnet f0] ep100 val ll 0.1992 auc 0.9861 (best 0.1645@82)
[fu_a1_dnet f0] ep110 val ll 0.1844 auc 0.9849 (best 0.1645@82)
[fu_a1_dnet f0] ep119 val ll 0.1808 auc 0.9852 (best 0.1645@82)
[fu_a1_dnet f0] EMA checkpoint + BN recal (242 layers)
[fu_a1_dnet f0] done 51.3 min: ll 0.2167 auc 0.9848
