recipe: densenet121 seed 8 ep 120 ema 0.999 tau 4.09*mu+1.259
  ARM: {'save_swa': True, 'rot_deg': 31.7, 'sagfuse': 'attnres', 'sagfuse_aug': True, 'sagfuse_aux': 0.3, 'anchor_guard': True, 'ndt_anchor': 'striatal', 'mask3d_cache': '/ssd/datasets/DAT_SCAN/boxcache/canonv2mask_ell.u8.npy', 'lesion_p': 0.25, 'lesion_lo': 0.45, 'lesion_hi': 0.9, 'fuse_lr_mult': 0.3, 'box_cache': '/ssd/datasets/DAT_SCAN/boxcache/canonv2.f16.npy', 'splits': 'meta/cv_round9.csv'}
  NDT anchor = STRIATAL (one scalar per scan, mask through the image affine, window fallback)
  weight EMA decay=0.999 (this IS the shipped artifact, not the last weights)
  COUNTERFACTUAL LESION: p=0.25 sev [0.45,0.9] order_w=0.0 k=8 margin=0.5
  LESION FIRED: 5 normals relabelled abnormal, 0 ordering pairs, batch 24 -> 24 rows
  SAGFUSE_AUX FIRED: w=0.3, 2 view logits supervised
[fu_a8_dnet f3] ep00 val ll 0.6878 auc 0.7298 (best 0.6878@0)
[fu_a8_dnet f3] ep10 val ll 0.4362 auc 0.9418 (best 0.3002@9)
[fu_a8_dnet f3] ep20 val ll 0.3314 auc 0.9621 (best 0.2759@13)
[fu_a8_dnet f3] ep30 val ll 0.2404 auc 0.9700 (best 0.2404@30)
[fu_a8_dnet f3] ep40 val ll 0.4107 auc 0.9674 (best 0.2292@39)
[fu_a8_dnet f3] ep50 val ll 0.2741 auc 0.9690 (best 0.2292@39)
[fu_a8_dnet f3] ep60 val ll 0.2394 auc 0.9658 (best 0.2226@57)
[fu_a8_dnet f3] ep70 val ll 0.2951 auc 0.9663 (best 0.2226@57)
[fu_a8_dnet f3] ep80 val ll 0.2262 auc 0.9694 (best 0.2224@72)
[fu_a8_dnet f3] ep90 val ll 0.2495 auc 0.9709 (best 0.2173@87)
[fu_a8_dnet f3] ep100 val ll 0.2432 auc 0.9709 (best 0.2173@87)
[fu_a8_dnet f3] ep110 val ll 0.2269 auc 0.9705 (best 0.2173@87)
[fu_a8_dnet f3] ep119 val ll 0.2392 auc 0.9704 (best 0.2173@87)
[fu_a8_dnet f3] EMA checkpoint + BN recal (242 layers)
[fu_a8_dnet f3] done 53.1 min: ll 0.2483 auc 0.9701
