recipe: densenet121 seed 3 ep 120 ema 0.999 tau 4.09*mu+1.259
  ARM: {'save_swa': True, 'rot_deg': 31.7, 'sagfuse': 'attnres', 'sagfuse_aug': True, 'sagfuse_aux': 0.3, 'anchor_guard': True, 'ndt_anchor': 'striatal', 'mask3d_cache': '/ssd/datasets/DAT_SCAN/boxcache/canonv2mask_ell.u8.npy', 'lesion_p': 0.25, 'lesion_lo': 0.45, 'lesion_hi': 0.9, 'fuse_lr_mult': 0.3, 'box_cache': '/ssd/datasets/DAT_SCAN/boxcache/canonv2.f16.npy', 'splits': 'meta/cv_round4.csv'}
  NDT anchor = STRIATAL (one scalar per scan, mask through the image affine, window fallback)
  weight EMA decay=0.999 (this IS the shipped artifact, not the last weights)
  COUNTERFACTUAL LESION: p=0.25 sev [0.45,0.9] order_w=0.0 k=8 margin=0.5
  LESION FIRED: 4 normals relabelled abnormal, 0 ordering pairs, batch 24 -> 24 rows
  SAGFUSE_AUX FIRED: w=0.3, 2 view logits supervised
[fu_a3_dnet f1] ep00 val ll 0.6909 auc 0.6963 (best 0.6909@0)
[fu_a3_dnet f1] ep10 val ll 0.3640 auc 0.9440 (best 0.2733@9)
[fu_a3_dnet f1] ep20 val ll 0.2821 auc 0.9672 (best 0.2604@17)
[fu_a3_dnet f1] ep30 val ll 0.2677 auc 0.9719 (best 0.2247@29)
[fu_a3_dnet f1] ep40 val ll 0.2281 auc 0.9692 (best 0.2025@38)
[fu_a3_dnet f1] ep50 val ll 0.1932 auc 0.9786 (best 0.1932@50)
[fu_a3_dnet f1] ep60 val ll 0.2018 auc 0.9757 (best 0.1932@50)
[fu_a3_dnet f1] ep70 val ll 0.1941 auc 0.9773 (best 0.1828@66)
[fu_a3_dnet f1] ep80 val ll 0.2009 auc 0.9772 (best 0.1828@66)
[fu_a3_dnet f1] ep90 val ll 0.1846 auc 0.9797 (best 0.1828@66)
[fu_a3_dnet f1] ep100 val ll 0.1909 auc 0.9773 (best 0.1802@94)
[fu_a3_dnet f1] ep110 val ll 0.1900 auc 0.9784 (best 0.1802@94)
[fu_a3_dnet f1] ep119 val ll 0.1888 auc 0.9792 (best 0.1802@94)
[fu_a3_dnet f1] EMA checkpoint + BN recal (242 layers)
[fu_a3_dnet f1] done 52.7 min: ll 0.1924 auc 0.9793
