recipe: densenet121 seed 6 ep 120 ema 0.999 tau 4.09*mu+1.259
  ARM: {'save_swa': True, 'rot_deg': 31.7, 'sagfuse': 'attnres', 'sagfuse_aug': True, 'sagfuse_aux': 0.3, 'anchor_guard': True, 'ndt_anchor': 'striatal', 'mask3d_cache': '/ssd/datasets/DAT_SCAN/boxcache/canonv2mask_ell.u8.npy', 'lesion_p': 0.25, 'lesion_lo': 0.45, 'lesion_hi': 0.9, 'fuse_lr_mult': 0.3, 'box_cache': '/ssd/datasets/DAT_SCAN/boxcache/canonv2.f16.npy', 'splits': 'meta/cv_round7.csv'}
  NDT anchor = STRIATAL (one scalar per scan, mask through the image affine, window fallback)
  weight EMA decay=0.999 (this IS the shipped artifact, not the last weights)
  COUNTERFACTUAL LESION: p=0.25 sev [0.45,0.9] order_w=0.0 k=8 margin=0.5
  LESION FIRED: 1 normals relabelled abnormal, 0 ordering pairs, batch 24 -> 24 rows
  SAGFUSE_AUX FIRED: w=0.3, 2 view logits supervised
[fu_a6_dnet f4] ep00 val ll 0.6931 auc 0.7038 (best 0.6931@0)
[fu_a6_dnet f4] ep10 val ll 0.3179 auc 0.9547 (best 0.3179@10)
[fu_a6_dnet f4] ep20 val ll 0.2150 auc 0.9777 (best 0.2139@19)
[fu_a6_dnet f4] ep30 val ll 0.1843 auc 0.9780 (best 0.1831@26)
[fu_a6_dnet f4] ep40 val ll 0.2171 auc 0.9759 (best 0.1812@31)
[fu_a6_dnet f4] ep50 val ll 0.1886 auc 0.9811 (best 0.1725@48)
[fu_a6_dnet f4] ep60 val ll 0.1788 auc 0.9813 (best 0.1646@59)
[fu_a6_dnet f4] ep70 val ll 0.2052 auc 0.9845 (best 0.1646@59)
[fu_a6_dnet f4] ep80 val ll 0.1555 auc 0.9857 (best 0.1555@80)
[fu_a6_dnet f4] ep90 val ll 0.1815 auc 0.9852 (best 0.1501@89)
[fu_a6_dnet f4] ep100 val ll 0.1646 auc 0.9861 (best 0.1501@89)
[fu_a6_dnet f4] ep110 val ll 0.1682 auc 0.9861 (best 0.1501@89)
[fu_a6_dnet f4] ep119 val ll 0.1653 auc 0.9858 (best 0.1501@89)
[fu_a6_dnet f4] EMA checkpoint + BN recal (242 layers)
[fu_a6_dnet f4] done 54.8 min: ll 0.1782 auc 0.9862
