recipe: densenet121 seed 7 ep 120 ema 0.999 tau 4.09*mu+1.259
  ARM: {'save_swa': True, 'rot_deg': 31.7, 'sagfuse': 'attnres', 'sagfuse_aug': True, 'sagfuse_aux': 0.3, 'anchor_guard': True, 'ndt_anchor': 'striatal', 'mask3d_cache': '/ssd/datasets/DAT_SCAN/boxcache/canonv2mask_ell.u8.npy', 'lesion_p': 0.25, 'lesion_lo': 0.45, 'lesion_hi': 0.9, 'fuse_lr_mult': 0.3, 'box_cache': '/ssd/datasets/DAT_SCAN/boxcache/canonv2.f16.npy', 'splits': 'meta/cv_round8.csv'}
  NDT anchor = STRIATAL (one scalar per scan, mask through the image affine, window fallback)
  weight EMA decay=0.999 (this IS the shipped artifact, not the last weights)
  COUNTERFACTUAL LESION: p=0.25 sev [0.45,0.9] order_w=0.0 k=8 margin=0.5
  LESION FIRED: 1 normals relabelled abnormal, 0 ordering pairs, batch 24 -> 24 rows
  SAGFUSE_AUX FIRED: w=0.3, 2 view logits supervised
[fu_a7_dnet f0] ep00 val ll 0.6974 auc 0.7117 (best 0.6974@0)
[fu_a7_dnet f0] ep10 val ll 0.3371 auc 0.9411 (best 0.3230@8)
[fu_a7_dnet f0] ep20 val ll 0.3356 auc 0.9553 (best 0.2996@15)
[fu_a7_dnet f0] ep30 val ll 0.3067 auc 0.9563 (best 0.2581@28)
[fu_a7_dnet f0] ep40 val ll 0.3410 auc 0.9624 (best 0.2456@39)
[fu_a7_dnet f0] ep50 val ll 0.3471 auc 0.9610 (best 0.2424@45)
[fu_a7_dnet f0] ep60 val ll 0.2946 auc 0.9625 (best 0.2424@45)
[fu_a7_dnet f0] ep70 val ll 0.2896 auc 0.9608 (best 0.2424@45)
[fu_a7_dnet f0] ep80 val ll 0.3426 auc 0.9659 (best 0.2424@45)
[fu_a7_dnet f0] ep90 val ll 0.2944 auc 0.9621 (best 0.2424@45)
[fu_a7_dnet f0] ep100 val ll 0.2819 auc 0.9647 (best 0.2424@45)
[fu_a7_dnet f0] ep110 val ll 0.2970 auc 0.9643 (best 0.2424@45)
[fu_a7_dnet f0] ep119 val ll 0.2777 auc 0.9643 (best 0.2424@45)
[fu_a7_dnet f0] EMA checkpoint + BN recal (242 layers)
[fu_a7_dnet f0] done 53.7 min: ll 0.3059 auc 0.9648
