recipe: densenet121 seed 3 ep 120 ema 0.999 tau 4.09*mu+1.259
  ARM: {'save_swa': True, 'rot_deg': 31.7, 'sagfuse': 'attnres', 'sagfuse_aug': True, 'sagfuse_aux': 0.3, 'anchor_guard': True, 'ndt_anchor': 'striatal', 'mask3d_cache': '/ssd/datasets/DAT_SCAN/boxcache/canonv2mask_ell.u8.npy', 'lesion_p': 0.25, 'lesion_lo': 0.45, 'lesion_hi': 0.9, 'fuse_lr_mult': 0.3, 'box_cache': '/ssd/datasets/DAT_SCAN/boxcache/canonv2.f16.npy', 'splits': 'meta/cv_round4.csv'}
  NDT anchor = STRIATAL (one scalar per scan, mask through the image affine, window fallback)
  weight EMA decay=0.999 (this IS the shipped artifact, not the last weights)
  COUNTERFACTUAL LESION: p=0.25 sev [0.45,0.9] order_w=0.0 k=8 margin=0.5
  LESION FIRED: 0 normals relabelled abnormal, 0 ordering pairs, batch 24 -> 24 rows
  SAGFUSE_AUX FIRED: w=0.3, 2 view logits supervised
[fu_a3_dnet f0] ep00 val ll 0.6747 auc 0.7704 (best 0.6747@0)
[fu_a3_dnet f0] ep10 val ll 0.4188 auc 0.9480 (best 0.3198@9)
[fu_a3_dnet f0] ep20 val ll 0.4460 auc 0.9552 (best 0.2802@19)
[fu_a3_dnet f0] ep30 val ll 0.4205 auc 0.9531 (best 0.2708@25)
[fu_a3_dnet f0] ep40 val ll 0.2792 auc 0.9563 (best 0.2623@34)
[fu_a3_dnet f0] ep50 val ll 0.2601 auc 0.9597 (best 0.2601@50)
[fu_a3_dnet f0] ep60 val ll 0.3136 auc 0.9560 (best 0.2512@54)
[fu_a3_dnet f0] ep70 val ll 0.2598 auc 0.9595 (best 0.2512@54)
[fu_a3_dnet f0] ep80 val ll 0.2780 auc 0.9588 (best 0.2512@54)
[fu_a3_dnet f0] ep90 val ll 0.2774 auc 0.9538 (best 0.2512@54)
[fu_a3_dnet f0] ep100 val ll 0.2846 auc 0.9569 (best 0.2512@54)
[fu_a3_dnet f0] ep110 val ll 0.2859 auc 0.9573 (best 0.2512@54)
[fu_a3_dnet f0] ep119 val ll 0.2740 auc 0.9582 (best 0.2512@54)
[fu_a3_dnet f0] EMA checkpoint + BN recal (242 layers)
[fu_a3_dnet f0] done 50.9 min: ll 0.2904 auc 0.9568
