recipe: densenet121 seed 6 ep 120 ema 0.999 tau 4.09*mu+1.259
  ARM: {'save_swa': True, 'rot_deg': 31.7, 'sagfuse': 'attnres', 'sagfuse_aug': True, 'sagfuse_aux': 0.3, 'anchor_guard': True, 'ndt_anchor': 'striatal', 'mask3d_cache': '/ssd/datasets/DAT_SCAN/boxcache/canonv2mask_ell.u8.npy', 'lesion_p': 0.25, 'lesion_lo': 0.45, 'lesion_hi': 0.9, 'fuse_lr_mult': 0.3, 'box_cache': '/ssd/datasets/DAT_SCAN/boxcache/canonv2.f16.npy', 'splits': 'meta/cv_round7.csv'}
  NDT anchor = STRIATAL (one scalar per scan, mask through the image affine, window fallback)
  weight EMA decay=0.999 (this IS the shipped artifact, not the last weights)
  COUNTERFACTUAL LESION: p=0.25 sev [0.45,0.9] order_w=0.0 k=8 margin=0.5
  LESION FIRED: 5 normals relabelled abnormal, 0 ordering pairs, batch 24 -> 24 rows
  SAGFUSE_AUX FIRED: w=0.3, 2 view logits supervised
[fu_a6_dnet f3] ep00 val ll 0.6752 auc 0.7558 (best 0.6752@0)
[fu_a6_dnet f3] ep10 val ll 0.8172 auc 0.9034 (best 0.4482@7)
[fu_a6_dnet f3] ep20 val ll 0.2940 auc 0.9464 (best 0.2767@19)
[fu_a6_dnet f3] ep30 val ll 0.3243 auc 0.9487 (best 0.2618@29)
[fu_a6_dnet f3] ep40 val ll 0.4638 auc 0.9427 (best 0.2618@29)
[fu_a6_dnet f3] ep50 val ll 0.3922 auc 0.9561 (best 0.2618@29)
[fu_a6_dnet f3] ep60 val ll 0.5039 auc 0.9557 (best 0.2618@29)
[fu_a6_dnet f3] ep70 val ll 0.2902 auc 0.9598 (best 0.2618@29)
[fu_a6_dnet f3] ep80 val ll 0.2955 auc 0.9604 (best 0.2618@29)
[fu_a6_dnet f3] ep90 val ll 0.3278 auc 0.9571 (best 0.2618@29)
[fu_a6_dnet f3] ep100 val ll 0.3045 auc 0.9592 (best 0.2618@29)
[fu_a6_dnet f3] ep110 val ll 0.3015 auc 0.9605 (best 0.2618@29)
[fu_a6_dnet f3] ep119 val ll 0.3231 auc 0.9585 (best 0.2618@29)
[fu_a6_dnet f3] EMA checkpoint + BN recal (242 layers)
[fu_a6_dnet f3] done 55.4 min: ll 0.3395 auc 0.9582
