recipe: densenet121 seed 3 ep 120 ema 0.999 tau 4.09*mu+1.259
  ARM: {'save_swa': True, 'rot_deg': 31.7, 'sagfuse': 'attnres', 'sagfuse_aug': True, 'sagfuse_aux': 0.3, 'anchor_guard': True, 'ndt_anchor': 'striatal', 'mask3d_cache': '/ssd/datasets/DAT_SCAN/boxcache/canonv2mask_ell.u8.npy', 'lesion_p': 0.25, 'lesion_lo': 0.45, 'lesion_hi': 0.9, 'fuse_lr_mult': 0.3, 'box_cache': '/ssd/datasets/DAT_SCAN/boxcache/canonv2.f16.npy', 'splits': 'meta/cv_round4.csv'}
  NDT anchor = STRIATAL (one scalar per scan, mask through the image affine, window fallback)
  weight EMA decay=0.999 (this IS the shipped artifact, not the last weights)
  COUNTERFACTUAL LESION: p=0.25 sev [0.45,0.9] order_w=0.0 k=8 margin=0.5
  LESION FIRED: 2 normals relabelled abnormal, 0 ordering pairs, batch 24 -> 24 rows
  SAGFUSE_AUX FIRED: w=0.3, 2 view logits supervised
[fu_a3_dnet f3] ep00 val ll 0.6812 auc 0.7816 (best 0.6812@0)
[fu_a3_dnet f3] ep10 val ll 0.4008 auc 0.9428 (best 0.3518@8)
[fu_a3_dnet f3] ep20 val ll 0.2942 auc 0.9554 (best 0.2745@14)
[fu_a3_dnet f3] ep30 val ll 1.2545 auc 0.9376 (best 0.2342@26)
[fu_a3_dnet f3] ep40 val ll 0.2222 auc 0.9734 (best 0.2222@40)
[fu_a3_dnet f3] ep50 val ll 0.2714 auc 0.9692 (best 0.2009@48)
[fu_a3_dnet f3] ep60 val ll 0.2172 auc 0.9744 (best 0.2009@48)
[fu_a3_dnet f3] ep70 val ll 0.4144 auc 0.9772 (best 0.2009@48)
[fu_a3_dnet f3] ep80 val ll 0.2285 auc 0.9762 (best 0.1968@77)
[fu_a3_dnet f3] ep90 val ll 0.2272 auc 0.9786 (best 0.1904@84)
[fu_a3_dnet f3] ep100 val ll 0.2288 auc 0.9789 (best 0.1904@84)
[fu_a3_dnet f3] ep110 val ll 0.2718 auc 0.9798 (best 0.1904@84)
[fu_a3_dnet f3] ep119 val ll 0.2303 auc 0.9805 (best 0.1904@84)
[fu_a3_dnet f3] EMA checkpoint + BN recal (242 layers)
[fu_a3_dnet f3] done 52.4 min: ll 0.2877 auc 0.9796
