recipe: densenet121 seed 8 ep 120 ema 0.999 tau 4.09*mu+1.259
  ARM: {'save_swa': True, 'rot_deg': 31.7, 'sagfuse': 'attnres', 'sagfuse_aug': True, 'sagfuse_aux': 0.3, 'anchor_guard': True, 'ndt_anchor': 'striatal', 'mask3d_cache': '/ssd/datasets/DAT_SCAN/boxcache/canonv2mask_ell.u8.npy', 'lesion_p': 0.25, 'lesion_lo': 0.45, 'lesion_hi': 0.9, 'fuse_lr_mult': 0.3, 'box_cache': '/ssd/datasets/DAT_SCAN/boxcache/canonv2.f16.npy', 'splits': 'meta/cv_round9.csv'}
  NDT anchor = STRIATAL (one scalar per scan, mask through the image affine, window fallback)
  weight EMA decay=0.999 (this IS the shipped artifact, not the last weights)
  COUNTERFACTUAL LESION: p=0.25 sev [0.45,0.9] order_w=0.0 k=8 margin=0.5
  LESION FIRED: 4 normals relabelled abnormal, 0 ordering pairs, batch 24 -> 24 rows
  SAGFUSE_AUX FIRED: w=0.3, 2 view logits supervised
[fu_a8_dnet f1] ep00 val ll 0.6793 auc 0.7413 (best 0.6793@0)
[fu_a8_dnet f1] ep10 val ll 0.5265 auc 0.9475 (best 0.3613@6)
[fu_a8_dnet f1] ep20 val ll 0.3035 auc 0.9585 (best 0.2544@17)
[fu_a8_dnet f1] ep30 val ll 0.2615 auc 0.9622 (best 0.2526@23)
[fu_a8_dnet f1] ep40 val ll 0.2964 auc 0.9668 (best 0.2366@33)
[fu_a8_dnet f1] ep50 val ll 0.2471 auc 0.9668 (best 0.2307@43)
[fu_a8_dnet f1] ep60 val ll 0.2695 auc 0.9685 (best 0.2307@43)
[fu_a8_dnet f1] ep70 val ll 0.2409 auc 0.9666 (best 0.2257@63)
[fu_a8_dnet f1] ep80 val ll 0.2355 auc 0.9666 (best 0.2207@73)
[fu_a8_dnet f1] ep90 val ll 0.2382 auc 0.9708 (best 0.2207@85)
[fu_a8_dnet f1] ep100 val ll 0.2525 auc 0.9698 (best 0.2207@85)
[fu_a8_dnet f1] ep110 val ll 0.2305 auc 0.9692 (best 0.2207@85)
[fu_a8_dnet f1] ep119 val ll 0.2321 auc 0.9699 (best 0.2207@85)
[fu_a8_dnet f1] EMA checkpoint + BN recal (242 layers)
[fu_a8_dnet f1] done 53.3 min: ll 0.2526 auc 0.9698
