recipe: densenet121 seed 4 ep 120 ema 0.999 tau 4.09*mu+1.259
  ARM: {'save_swa': True, 'rot_deg': 31.7, 'sagfuse': 'attnres', 'sagfuse_aug': True, 'sagfuse_aux': 0.3, 'anchor_guard': True, 'ndt_anchor': 'striatal', 'mask3d_cache': '/ssd/datasets/DAT_SCAN/boxcache/canonv2mask_ell.u8.npy', 'lesion_p': 0.25, 'lesion_lo': 0.45, 'lesion_hi': 0.9, 'fuse_lr_mult': 0.3, 'box_cache': '/ssd/datasets/DAT_SCAN/boxcache/canonv2.f16.npy', 'splits': 'meta/cv_round5.csv'}
  NDT anchor = STRIATAL (one scalar per scan, mask through the image affine, window fallback)
  weight EMA decay=0.999 (this IS the shipped artifact, not the last weights)
  COUNTERFACTUAL LESION: p=0.25 sev [0.45,0.9] order_w=0.0 k=8 margin=0.5
  LESION FIRED: 5 normals relabelled abnormal, 0 ordering pairs, batch 24 -> 24 rows
  SAGFUSE_AUX FIRED: w=0.3, 2 view logits supervised
[fu_a4_dnet f4] ep00 val ll 0.6759 auc 0.7768 (best 0.6759@0)
[fu_a4_dnet f4] ep10 val ll 0.3523 auc 0.9357 (best 0.3523@10)
[fu_a4_dnet f4] ep20 val ll 0.2899 auc 0.9507 (best 0.2898@19)
[fu_a4_dnet f4] ep30 val ll 0.2576 auc 0.9623 (best 0.2576@30)
[fu_a4_dnet f4] ep40 val ll 0.2795 auc 0.9644 (best 0.2425@32)
[fu_a4_dnet f4] ep50 val ll 0.2699 auc 0.9712 (best 0.2221@48)
[fu_a4_dnet f4] ep60 val ll 0.3742 auc 0.9736 (best 0.2121@53)
[fu_a4_dnet f4] ep70 val ll 0.2124 auc 0.9737 (best 0.2057@62)
[fu_a4_dnet f4] ep80 val ll 0.2258 auc 0.9735 (best 0.2057@62)
[fu_a4_dnet f4] ep90 val ll 0.2101 auc 0.9750 (best 0.2057@62)
[fu_a4_dnet f4] ep100 val ll 0.2151 auc 0.9754 (best 0.2006@99)
[fu_a4_dnet f4] ep110 val ll 0.2142 auc 0.9749 (best 0.2006@99)
[fu_a4_dnet f4] ep119 val ll 0.2179 auc 0.9749 (best 0.2006@99)
[fu_a4_dnet f4] EMA checkpoint + BN recal (242 layers)
[fu_a4_dnet f4] done 52.9 min: ll 0.2205 auc 0.9744
