recipe: densenet121 seed 7 ep 120 ema 0.999 tau 4.09*mu+1.259
  ARM: {'save_swa': True, 'rot_deg': 31.7, 'sagfuse': 'attnres', 'sagfuse_aug': True, 'sagfuse_aux': 0.3, 'anchor_guard': True, 'ndt_anchor': 'striatal', 'mask3d_cache': '/ssd/datasets/DAT_SCAN/boxcache/canonv2mask_ell.u8.npy', 'lesion_p': 0.25, 'lesion_lo': 0.45, 'lesion_hi': 0.9, 'fuse_lr_mult': 0.3, 'box_cache': '/ssd/datasets/DAT_SCAN/boxcache/canonv2.f16.npy', 'splits': 'meta/cv_round8.csv'}
  NDT anchor = STRIATAL (one scalar per scan, mask through the image affine, window fallback)
  weight EMA decay=0.999 (this IS the shipped artifact, not the last weights)
  COUNTERFACTUAL LESION: p=0.25 sev [0.45,0.9] order_w=0.0 k=8 margin=0.5
  LESION FIRED: 5 normals relabelled abnormal, 0 ordering pairs, batch 24 -> 24 rows
  SAGFUSE_AUX FIRED: w=0.3, 2 view logits supervised
[fu_a7_dnet f1] ep00 val ll 0.6714 auc 0.7735 (best 0.6714@0)
[fu_a7_dnet f1] ep10 val ll 1.7597 auc 0.8866 (best 0.3112@9)
[fu_a7_dnet f1] ep20 val ll 0.2640 auc 0.9608 (best 0.2598@19)
[fu_a7_dnet f1] ep30 val ll 0.8025 auc 0.9560 (best 0.2431@28)
[fu_a7_dnet f1] ep40 val ll 0.2388 auc 0.9680 (best 0.2374@36)
[fu_a7_dnet f1] ep50 val ll 0.3464 auc 0.9687 (best 0.2115@48)
[fu_a7_dnet f1] ep60 val ll 0.2583 auc 0.9737 (best 0.2115@48)
[fu_a7_dnet f1] ep70 val ll 0.3484 auc 0.9701 (best 0.2115@48)
[fu_a7_dnet f1] ep80 val ll 0.2066 auc 0.9764 (best 0.2066@80)
[fu_a7_dnet f1] ep90 val ll 0.2327 auc 0.9755 (best 0.2066@80)
[fu_a7_dnet f1] ep100 val ll 0.2459 auc 0.9752 (best 0.2066@80)
[fu_a7_dnet f1] ep110 val ll 0.2390 auc 0.9758 (best 0.2066@80)
[fu_a7_dnet f1] ep119 val ll 0.2342 auc 0.9759 (best 0.2066@80)
[fu_a7_dnet f1] EMA checkpoint + BN recal (242 layers)
[fu_a7_dnet f1] done 55.8 min: ll 0.2752 auc 0.9769
