recipe: densenet121 seed 5 ep 120 ema 0.999 tau 4.09*mu+1.259
  ARM: {'save_swa': True, 'rot_deg': 31.7, 'sagfuse': 'attnres', 'sagfuse_aug': True, 'sagfuse_aux': 0.3, 'anchor_guard': True, 'ndt_anchor': 'striatal', 'mask3d_cache': '/ssd/datasets/DAT_SCAN/boxcache/canonv2mask_ell.u8.npy', 'lesion_p': 0.25, 'lesion_lo': 0.45, 'lesion_hi': 0.9, 'fuse_lr_mult': 0.3, 'box_cache': '/ssd/datasets/DAT_SCAN/boxcache/canonv2.f16.npy', 'splits': 'meta/cv_round6.csv'}
  NDT anchor = STRIATAL (one scalar per scan, mask through the image affine, window fallback)
  weight EMA decay=0.999 (this IS the shipped artifact, not the last weights)
  COUNTERFACTUAL LESION: p=0.25 sev [0.45,0.9] order_w=0.0 k=8 margin=0.5
  LESION FIRED: 4 normals relabelled abnormal, 0 ordering pairs, batch 24 -> 24 rows
  SAGFUSE_AUX FIRED: w=0.3, 2 view logits supervised
[fu_a5_dnet f4] ep00 val ll 0.6756 auc 0.7822 (best 0.6756@0)
[fu_a5_dnet f4] ep10 val ll 0.3779 auc 0.9431 (best 0.3274@8)
[fu_a5_dnet f4] ep20 val ll 0.2616 auc 0.9686 (best 0.2490@19)
[fu_a5_dnet f4] ep30 val ll 0.2592 auc 0.9664 (best 0.2330@23)
[fu_a5_dnet f4] ep40 val ll 0.2628 auc 0.9700 (best 0.2330@23)
[fu_a5_dnet f4] ep50 val ll 0.2351 auc 0.9715 (best 0.2294@48)
[fu_a5_dnet f4] ep60 val ll 0.2763 auc 0.9693 (best 0.2182@58)
[fu_a5_dnet f4] ep70 val ll 0.2668 auc 0.9727 (best 0.2182@58)
[fu_a5_dnet f4] ep80 val ll 0.2304 auc 0.9730 (best 0.2182@58)
[fu_a5_dnet f4] ep90 val ll 0.2421 auc 0.9727 (best 0.2182@58)
[fu_a5_dnet f4] ep100 val ll 0.2342 auc 0.9726 (best 0.2182@58)
[fu_a5_dnet f4] ep110 val ll 0.2382 auc 0.9728 (best 0.2182@58)
[fu_a5_dnet f4] ep119 val ll 0.2388 auc 0.9735 (best 0.2182@58)
[fu_a5_dnet f4] EMA checkpoint + BN recal (242 layers)
[fu_a5_dnet f4] done 53.8 min: ll 0.2686 auc 0.9729
