recipe: densenet121 seed 3 ep 120 ema 0.999 tau 4.09*mu+1.259
  ARM: {'save_swa': True, 'rot_deg': 31.7, 'sagfuse': 'attnres', 'sagfuse_aug': True, 'sagfuse_aux': 0.3, 'anchor_guard': True, 'ndt_anchor': 'striatal', 'mask3d_cache': '/ssd/datasets/DAT_SCAN/boxcache/canonv2mask_ell.u8.npy', 'lesion_p': 0.25, 'lesion_lo': 0.45, 'lesion_hi': 0.9, 'fuse_lr_mult': 0.3, 'box_cache': '/ssd/datasets/DAT_SCAN/boxcache/canonv2.f16.npy', 'splits': 'meta/cv_round4.csv'}
  NDT anchor = STRIATAL (one scalar per scan, mask through the image affine, window fallback)
  weight EMA decay=0.999 (this IS the shipped artifact, not the last weights)
  COUNTERFACTUAL LESION: p=0.25 sev [0.45,0.9] order_w=0.0 k=8 margin=0.5
  LESION FIRED: 2 normals relabelled abnormal, 0 ordering pairs, batch 24 -> 24 rows
  SAGFUSE_AUX FIRED: w=0.3, 2 view logits supervised
[fu_a3_dnet f4] ep00 val ll 0.6756 auc 0.8138 (best 0.6756@0)
[fu_a3_dnet f4] ep10 val ll 0.3091 auc 0.9566 (best 0.3091@10)
[fu_a3_dnet f4] ep20 val ll 0.6071 auc 0.9571 (best 0.2508@13)
[fu_a3_dnet f4] ep30 val ll 0.2552 auc 0.9675 (best 0.2402@25)
[fu_a3_dnet f4] ep40 val ll 0.2802 auc 0.9723 (best 0.2182@37)
[fu_a3_dnet f4] ep50 val ll 0.3392 auc 0.9723 (best 0.2125@44)
[fu_a3_dnet f4] ep60 val ll 0.2161 auc 0.9704 (best 0.2125@44)
[fu_a3_dnet f4] ep70 val ll 0.2565 auc 0.9658 (best 0.2125@44)
[fu_a3_dnet f4] ep80 val ll 0.2262 auc 0.9711 (best 0.2125@44)
[fu_a3_dnet f4] ep90 val ll 0.2297 auc 0.9695 (best 0.2125@44)
[fu_a3_dnet f4] ep100 val ll 0.2273 auc 0.9714 (best 0.2125@44)
[fu_a3_dnet f4] ep110 val ll 0.2412 auc 0.9704 (best 0.2125@44)
[fu_a3_dnet f4] ep119 val ll 0.2300 auc 0.9699 (best 0.2125@44)
[fu_a3_dnet f4] EMA checkpoint + BN recal (242 layers)
[fu_a3_dnet f4] done 51.6 min: ll 0.2429 auc 0.9703
