recipe: densenet121 seed 10 ep 120 ema 0.999 tau 4.09*mu+1.259
  ARM: {'save_swa': True, 'rot_deg': 31.7, 'sagfuse': 'attnres', 'sagfuse_aug': True, 'sagfuse_aux': 0.3, 'anchor_guard': True, 'ndt_anchor': 'striatal', 'mask3d_cache': '/ssd/datasets/DAT_SCAN/boxcache/canonv2mask_ell.u8.npy', 'lesion_p': 0.25, 'lesion_lo': 0.45, 'lesion_hi': 0.9, 'fuse_lr_mult': 0.3, 'box_cache': '/ssd/datasets/DAT_SCAN/boxcache/canonv2.f16.npy', 'splits': 'meta/cv_round11.csv'}
  NDT anchor = STRIATAL (one scalar per scan, mask through the image affine, window fallback)
  weight EMA decay=0.999 (this IS the shipped artifact, not the last weights)
  COUNTERFACTUAL LESION: p=0.25 sev [0.45,0.9] order_w=0.0 k=8 margin=0.5
  LESION FIRED: 4 normals relabelled abnormal, 0 ordering pairs, batch 24 -> 24 rows
  SAGFUSE_AUX FIRED: w=0.3, 2 view logits supervised
[fu_a10_dnet f2] ep00 val ll 0.6829 auc 0.6717 (best 0.6829@0)
[fu_a10_dnet f2] ep10 val ll 0.3722 auc 0.9469 (best 0.3722@10)
[fu_a10_dnet f2] ep20 val ll 0.2646 auc 0.9601 (best 0.2646@20)
[fu_a10_dnet f2] ep30 val ll 0.2262 auc 0.9744 (best 0.2121@21)
[fu_a10_dnet f2] ep40 val ll 0.2101 auc 0.9743 (best 0.2101@40)
[fu_a10_dnet f2] ep50 val ll 0.2113 auc 0.9786 (best 0.1817@44)
[fu_a10_dnet f2] ep60 val ll 0.2048 auc 0.9775 (best 0.1817@44)
[fu_a10_dnet f2] ep70 val ll 0.1829 auc 0.9817 (best 0.1754@68)
[fu_a10_dnet f2] ep80 val ll 0.2038 auc 0.9852 (best 0.1754@68)
[fu_a10_dnet f2] ep90 val ll 0.1977 auc 0.9824 (best 0.1753@87)
[fu_a10_dnet f2] ep100 val ll 0.1860 auc 0.9837 (best 0.1753@87)
[fu_a10_dnet f2] ep110 val ll 0.1958 auc 0.9841 (best 0.1700@107)
[fu_a10_dnet f2] ep119 val ll 0.1841 auc 0.9833 (best 0.1700@107)
[fu_a10_dnet f2] EMA checkpoint + BN recal (242 layers)
[fu_a10_dnet f2] done 51.8 min: ll 0.2174 auc 0.9845
