recipe: densenet121 seed 9 ep 120 ema 0.999 tau 4.09*mu+1.259
  ARM: {'save_swa': True, 'rot_deg': 31.7, 'sagfuse': 'attnres', 'sagfuse_aug': True, 'sagfuse_aux': 0.3, 'anchor_guard': True, 'ndt_anchor': 'striatal', 'mask3d_cache': '/ssd/datasets/DAT_SCAN/boxcache/canonv2mask_ell.u8.npy', 'lesion_p': 0.25, 'lesion_lo': 0.45, 'lesion_hi': 0.9, 'fuse_lr_mult': 0.3, 'box_cache': '/ssd/datasets/DAT_SCAN/boxcache/canonv2.f16.npy', 'splits': 'meta/cv_round10.csv'}
  NDT anchor = STRIATAL (one scalar per scan, mask through the image affine, window fallback)
  weight EMA decay=0.999 (this IS the shipped artifact, not the last weights)
  COUNTERFACTUAL LESION: p=0.25 sev [0.45,0.9] order_w=0.0 k=8 margin=0.5
  LESION FIRED: 2 normals relabelled abnormal, 0 ordering pairs, batch 24 -> 24 rows
  SAGFUSE_AUX FIRED: w=0.3, 2 view logits supervised
[fu_a9_dnet f0] ep00 val ll 0.6822 auc 0.6328 (best 0.6822@0)
[fu_a9_dnet f0] ep10 val ll 0.3711 auc 0.9359 (best 0.3711@10)
[fu_a9_dnet f0] ep20 val ll 0.2731 auc 0.9577 (best 0.2731@20)
[fu_a9_dnet f0] ep30 val ll 0.2812 auc 0.9505 (best 0.2423@29)
[fu_a9_dnet f0] ep40 val ll 0.2427 auc 0.9612 (best 0.2393@35)
[fu_a9_dnet f0] ep50 val ll 0.2421 auc 0.9614 (best 0.2330@45)
[fu_a9_dnet f0] ep60 val ll 0.3773 auc 0.9602 (best 0.2300@58)
[fu_a9_dnet f0] ep70 val ll 0.2249 auc 0.9691 (best 0.2249@70)
[fu_a9_dnet f0] ep80 val ll 0.2343 auc 0.9666 (best 0.2249@70)
[fu_a9_dnet f0] ep90 val ll 0.2328 auc 0.9671 (best 0.2249@70)
[fu_a9_dnet f0] ep100 val ll 0.2343 auc 0.9681 (best 0.2249@70)
[fu_a9_dnet f0] ep110 val ll 0.2335 auc 0.9674 (best 0.2249@70)
[fu_a9_dnet f0] ep119 val ll 0.2314 auc 0.9679 (best 0.2249@70)
[fu_a9_dnet f0] EMA checkpoint + BN recal (242 layers)
[fu_a9_dnet f0] done 53.9 min: ll 0.2329 auc 0.9689
