recipe: densenet121 seed 9 ep 120 ema 0.999 tau 4.09*mu+1.259
  ARM: {'save_swa': True, 'rot_deg': 31.7, 'sagfuse': 'attnres', 'sagfuse_aug': True, 'sagfuse_aux': 0.3, 'anchor_guard': True, 'ndt_anchor': 'striatal', 'mask3d_cache': '/ssd/datasets/DAT_SCAN/boxcache/canonv2mask_ell.u8.npy', 'lesion_p': 0.25, 'lesion_lo': 0.45, 'lesion_hi': 0.9, 'fuse_lr_mult': 0.3, 'box_cache': '/ssd/datasets/DAT_SCAN/boxcache/canonv2.f16.npy', 'splits': 'meta/cv_round10.csv'}
  NDT anchor = STRIATAL (one scalar per scan, mask through the image affine, window fallback)
  weight EMA decay=0.999 (this IS the shipped artifact, not the last weights)
  COUNTERFACTUAL LESION: p=0.25 sev [0.45,0.9] order_w=0.0 k=8 margin=0.5
  LESION FIRED: 3 normals relabelled abnormal, 0 ordering pairs, batch 24 -> 24 rows
  SAGFUSE_AUX FIRED: w=0.3, 2 view logits supervised
[fu_a9_dnet f3] ep00 val ll 0.6883 auc 0.7201 (best 0.6883@0)
[fu_a9_dnet f3] ep10 val ll 0.2875 auc 0.9531 (best 0.2875@10)
[fu_a9_dnet f3] ep20 val ll 0.3542 auc 0.9620 (best 0.2748@13)
[fu_a9_dnet f3] ep30 val ll 0.3233 auc 0.9702 (best 0.2146@26)
[fu_a9_dnet f3] ep40 val ll 0.1988 auc 0.9756 (best 0.1988@40)
[fu_a9_dnet f3] ep50 val ll 0.4822 auc 0.9746 (best 0.1979@43)
[fu_a9_dnet f3] ep60 val ll 0.2094 auc 0.9759 (best 0.1979@43)
[fu_a9_dnet f3] ep70 val ll 0.2019 auc 0.9811 (best 0.1805@62)
[fu_a9_dnet f3] ep80 val ll 0.2089 auc 0.9785 (best 0.1762@72)
[fu_a9_dnet f3] ep90 val ll 0.1857 auc 0.9796 (best 0.1762@72)
[fu_a9_dnet f3] ep100 val ll 0.1982 auc 0.9823 (best 0.1762@72)
[fu_a9_dnet f3] ep110 val ll 0.2096 auc 0.9813 (best 0.1762@72)
[fu_a9_dnet f3] ep119 val ll 0.1984 auc 0.9818 (best 0.1762@72)
[fu_a9_dnet f3] EMA checkpoint + BN recal (242 layers)
[fu_a9_dnet f3] done 54.9 min: ll 0.2192 auc 0.9805
