recipe: densenet121 seed 6 ep 120 ema 0.999 tau 4.09*mu+1.259
  ARM: {'save_swa': True, 'rot_deg': 31.7, 'sagfuse': 'attnres', 'sagfuse_aug': True, 'sagfuse_aux': 0.3, 'anchor_guard': True, 'ndt_anchor': 'striatal', 'mask3d_cache': '/ssd/datasets/DAT_SCAN/boxcache/canonv2mask_ell.u8.npy', 'lesion_p': 0.25, 'lesion_lo': 0.45, 'lesion_hi': 0.9, 'fuse_lr_mult': 0.3, 'box_cache': '/ssd/datasets/DAT_SCAN/boxcache/canonv2.f16.npy', 'splits': 'meta/cv_round7.csv'}
  NDT anchor = STRIATAL (one scalar per scan, mask through the image affine, window fallback)
  weight EMA decay=0.999 (this IS the shipped artifact, not the last weights)
  COUNTERFACTUAL LESION: p=0.25 sev [0.45,0.9] order_w=0.0 k=8 margin=0.5
  LESION FIRED: 1 normals relabelled abnormal, 0 ordering pairs, batch 24 -> 24 rows
  SAGFUSE_AUX FIRED: w=0.3, 2 view logits supervised
[fu_a6_dnet f2] ep00 val ll 0.6782 auc 0.7196 (best 0.6782@0)
[fu_a6_dnet f2] ep10 val ll 0.4304 auc 0.9511 (best 0.3244@8)
[fu_a6_dnet f2] ep20 val ll 0.2248 auc 0.9728 (best 0.2248@20)
[fu_a6_dnet f2] ep30 val ll 0.2477 auc 0.9698 (best 0.2248@20)
[fu_a6_dnet f2] ep40 val ll 0.2838 auc 0.9710 (best 0.2096@38)
[fu_a6_dnet f2] ep50 val ll 0.2270 auc 0.9701 (best 0.2096@38)
[fu_a6_dnet f2] ep60 val ll 0.2128 auc 0.9763 (best 0.2087@51)
[fu_a6_dnet f2] ep70 val ll 0.1964 auc 0.9784 (best 0.1914@68)
[fu_a6_dnet f2] ep80 val ll 0.2076 auc 0.9749 (best 0.1914@68)
[fu_a6_dnet f2] ep90 val ll 0.2093 auc 0.9769 (best 0.1914@68)
[fu_a6_dnet f2] ep100 val ll 0.1943 auc 0.9776 (best 0.1898@92)
[fu_a6_dnet f2] ep110 val ll 0.2012 auc 0.9777 (best 0.1898@92)
[fu_a6_dnet f2] ep119 val ll 0.1961 auc 0.9772 (best 0.1898@92)
[fu_a6_dnet f2] EMA checkpoint + BN recal (242 layers)
[fu_a6_dnet f2] done 52.6 min: ll 0.2033 auc 0.9774
