recipe: densenet121 seed 10 ep 120 ema 0.999 tau 4.09*mu+1.259
  ARM: {'save_swa': True, 'rot_deg': 31.7, 'sagfuse': 'attnres', 'sagfuse_aug': True, 'sagfuse_aux': 0.3, 'anchor_guard': True, 'ndt_anchor': 'striatal', 'mask3d_cache': '/ssd/datasets/DAT_SCAN/boxcache/canonv2mask_ell.u8.npy', 'lesion_p': 0.25, 'lesion_lo': 0.45, 'lesion_hi': 0.9, 'fuse_lr_mult': 0.3, 'box_cache': '/ssd/datasets/DAT_SCAN/boxcache/canonv2.f16.npy', 'splits': 'meta/cv_round11.csv'}
  NDT anchor = STRIATAL (one scalar per scan, mask through the image affine, window fallback)
  weight EMA decay=0.999 (this IS the shipped artifact, not the last weights)
  COUNTERFACTUAL LESION: p=0.25 sev [0.45,0.9] order_w=0.0 k=8 margin=0.5
  LESION FIRED: 5 normals relabelled abnormal, 0 ordering pairs, batch 24 -> 24 rows
  SAGFUSE_AUX FIRED: w=0.3, 2 view logits supervised
[fu_a10_dnet f3] ep00 val ll 0.6928 auc 0.7561 (best 0.6928@0)
[fu_a10_dnet f3] ep10 val ll 0.3469 auc 0.9391 (best 0.3469@10)
[fu_a10_dnet f3] ep20 val ll 0.4482 auc 0.9435 (best 0.2618@19)
[fu_a10_dnet f3] ep30 val ll 0.2713 auc 0.9571 (best 0.2611@28)
[fu_a10_dnet f3] ep40 val ll 0.2650 auc 0.9615 (best 0.2530@34)
[fu_a10_dnet f3] ep50 val ll 0.2412 auc 0.9659 (best 0.2412@50)
[fu_a10_dnet f3] ep60 val ll 0.2421 auc 0.9685 (best 0.2412@50)
[fu_a10_dnet f3] ep70 val ll 0.3800 auc 0.9680 (best 0.2280@69)
[fu_a10_dnet f3] ep80 val ll 0.2343 auc 0.9705 (best 0.2280@69)
[fu_a10_dnet f3] ep90 val ll 0.2603 auc 0.9707 (best 0.2280@69)
[fu_a10_dnet f3] ep100 val ll 0.2485 auc 0.9713 (best 0.2280@69)
[fu_a10_dnet f3] ep110 val ll 0.2559 auc 0.9716 (best 0.2280@69)
[fu_a10_dnet f3] ep119 val ll 0.2510 auc 0.9716 (best 0.2280@69)
[fu_a10_dnet f3] EMA checkpoint + BN recal (242 layers)
[fu_a10_dnet f3] done 52.8 min: ll 0.2800 auc 0.9713
