recipe: densenet121 seed 10 ep 120 ema 0.999 tau 4.09*mu+1.259
  ARM: {'save_swa': True, 'rot_deg': 31.7, 'sagfuse': 'attnres', 'sagfuse_aug': True, 'sagfuse_aux': 0.3, 'anchor_guard': True, 'ndt_anchor': 'striatal', 'mask3d_cache': '/ssd/datasets/DAT_SCAN/boxcache/canonv2mask_ell.u8.npy', 'lesion_p': 0.25, 'lesion_lo': 0.45, 'lesion_hi': 0.9, 'fuse_lr_mult': 0.3, 'box_cache': '/ssd/datasets/DAT_SCAN/boxcache/canonv2.f16.npy', 'splits': 'meta/cv_round11.csv'}
  NDT anchor = STRIATAL (one scalar per scan, mask through the image affine, window fallback)
  weight EMA decay=0.999 (this IS the shipped artifact, not the last weights)
  COUNTERFACTUAL LESION: p=0.25 sev [0.45,0.9] order_w=0.0 k=8 margin=0.5
  LESION FIRED: 2 normals relabelled abnormal, 0 ordering pairs, batch 24 -> 24 rows
  SAGFUSE_AUX FIRED: w=0.3, 2 view logits supervised
[fu_a10_dnet f1] ep00 val ll 0.6868 auc 0.7291 (best 0.6868@0)
[fu_a10_dnet f1] ep10 val ll 0.2565 auc 0.9608 (best 0.2565@10)
[fu_a10_dnet f1] ep20 val ll 0.2342 auc 0.9682 (best 0.2228@17)
[fu_a10_dnet f1] ep30 val ll 0.2769 auc 0.9738 (best 0.2186@29)
[fu_a10_dnet f1] ep40 val ll 0.2579 auc 0.9699 (best 0.2186@29)
[fu_a10_dnet f1] ep50 val ll 0.2316 auc 0.9743 (best 0.1997@48)
[fu_a10_dnet f1] ep60 val ll 0.1977 auc 0.9759 (best 0.1977@60)
[fu_a10_dnet f1] ep70 val ll 0.1985 auc 0.9786 (best 0.1935@63)
[fu_a10_dnet f1] ep80 val ll 0.2024 auc 0.9766 (best 0.1855@75)
[fu_a10_dnet f1] ep90 val ll 0.1885 auc 0.9777 (best 0.1849@82)
[fu_a10_dnet f1] ep100 val ll 0.2100 auc 0.9762 (best 0.1849@82)
[fu_a10_dnet f1] ep110 val ll 0.1990 auc 0.9779 (best 0.1849@82)
[fu_a10_dnet f1] ep119 val ll 0.1977 auc 0.9778 (best 0.1849@82)
[fu_a10_dnet f1] EMA checkpoint + BN recal (242 layers)
[fu_a10_dnet f1] done 53.5 min: ll 0.2149 auc 0.9778
