recipe: densenet121 seed 7 ep 120 ema 0.999 tau 4.09*mu+1.259
  ARM: {'save_swa': True, 'rot_deg': 31.7, 'sagfuse': 'attnres', 'sagfuse_aug': True, 'sagfuse_aux': 0.3, 'anchor_guard': True, 'ndt_anchor': 'striatal', 'mask3d_cache': '/ssd/datasets/DAT_SCAN/boxcache/canonv2mask_ell.u8.npy', 'lesion_p': 0.25, 'lesion_lo': 0.45, 'lesion_hi': 0.9, 'fuse_lr_mult': 0.3, 'box_cache': '/ssd/datasets/DAT_SCAN/boxcache/canonv2.f16.npy', 'splits': 'meta/cv_round8.csv'}
  NDT anchor = STRIATAL (one scalar per scan, mask through the image affine, window fallback)
  weight EMA decay=0.999 (this IS the shipped artifact, not the last weights)
  COUNTERFACTUAL LESION: p=0.25 sev [0.45,0.9] order_w=0.0 k=8 margin=0.5
  LESION FIRED: 1 normals relabelled abnormal, 0 ordering pairs, batch 24 -> 24 rows
  SAGFUSE_AUX FIRED: w=0.3, 2 view logits supervised
[fu_a7_dnet f4] ep00 val ll 0.7030 auc 0.7115 (best 0.7030@0)
[fu_a7_dnet f4] ep10 val ll 0.2984 auc 0.9519 (best 0.2984@10)
[fu_a7_dnet f4] ep20 val ll 0.2473 auc 0.9655 (best 0.2473@20)
[fu_a7_dnet f4] ep30 val ll 0.2222 auc 0.9746 (best 0.2222@30)
[fu_a7_dnet f4] ep40 val ll 0.2357 auc 0.9737 (best 0.2101@36)
[fu_a7_dnet f4] ep50 val ll 0.2110 auc 0.9718 (best 0.2056@49)
[fu_a7_dnet f4] ep60 val ll 0.2270 auc 0.9775 (best 0.1964@55)
[fu_a7_dnet f4] ep70 val ll 0.2595 auc 0.9784 (best 0.1964@55)
[fu_a7_dnet f4] ep80 val ll 0.2277 auc 0.9780 (best 0.1964@55)
[fu_a7_dnet f4] ep90 val ll 0.2167 auc 0.9807 (best 0.1964@55)
[fu_a7_dnet f4] ep100 val ll 0.2059 auc 0.9809 (best 0.1871@96)
[fu_a7_dnet f4] ep110 val ll 0.1985 auc 0.9808 (best 0.1871@96)
[fu_a7_dnet f4] ep119 val ll 0.2116 auc 0.9808 (best 0.1867@114)
[fu_a7_dnet f4] EMA checkpoint + BN recal (242 layers)
[fu_a7_dnet f4] done 53.9 min: ll 0.2199 auc 0.9803
