recipe: densenet121 seed 2 ep 120 ema 0.999 tau 4.09*mu+1.259
  ARM: {'rot_deg': 31.7, 'sagfuse': 'attnres', 'sagfuse_aug': True, 'sagfuse_aux': 0.3, 'anchor_guard': True, 'ndt_anchor': 'striatal', 'mask3d_cache': '/ssd/datasets/DAT_SCAN/boxcache/canonv2mask_ell.u8.npy', 'lesion_p': 0.25, 'lesion_lo': 0.45, 'lesion_hi': 0.9, 'fuse_lr_mult': 0.3, 'box_cache': '/ssd/datasets/DAT_SCAN/boxcache/canonv2.f16.npy', 'splits': 'meta/cv_round3.csv'}
  NDT anchor = STRIATAL (one scalar per scan, mask through the image affine, window fallback)
  weight EMA decay=0.999 (this IS the shipped artifact, not the last weights)
  COUNTERFACTUAL LESION: p=0.25 sev [0.45,0.9] order_w=0.0 k=8 margin=0.5
  LESION FIRED: 4 normals relabelled abnormal, 0 ordering pairs, batch 24 -> 24 rows
  SAGFUSE_AUX FIRED: w=0.3, 2 view logits supervised
[fu_a2_dnet f0] ep00 val ll 0.6831 auc 0.6616 (best 0.6831@0)
[fu_a2_dnet f0] ep10 val ll 0.3994 auc 0.9281 (best 0.3750@8)
[fu_a2_dnet f0] ep20 val ll 0.3183 auc 0.9685 (best 0.2821@13)
[fu_a2_dnet f0] ep30 val ll 0.2504 auc 0.9640 (best 0.2355@29)
[fu_a2_dnet f0] ep40 val ll 0.2299 auc 0.9699 (best 0.2205@37)
[fu_a2_dnet f0] ep50 val ll 0.2342 auc 0.9714 (best 0.2154@49)
[fu_a2_dnet f0] ep60 val ll 0.2171 auc 0.9721 (best 0.2154@49)
[fu_a2_dnet f0] ep70 val ll 0.2385 auc 0.9762 (best 0.2144@67)
[fu_a2_dnet f0] ep80 val ll 0.2070 auc 0.9757 (best 0.2070@80)
[fu_a2_dnet f0] ep90 val ll 0.2277 auc 0.9741 (best 0.2048@81)
[fu_a2_dnet f0] ep100 val ll 0.2222 auc 0.9734 (best 0.2048@81)
[fu_a2_dnet f0] ep110 val ll 0.2255 auc 0.9743 (best 0.2048@81)
[fu_a2_dnet f0] ep119 val ll 0.2213 auc 0.9752 (best 0.2048@81)
[fu_a2_dnet f0] EMA checkpoint + BN recal (242 layers)
[fu_a2_dnet f0] done 58.1 min: ll 0.2363 auc 0.9752
