recipe: densenet121 seed 4 ep 120 ema 0.999 tau 4.09*mu+1.259
  ARM: {'rot_deg': 31.7, 'sagfuse': 'attnres', 'sagfuse_aug': True, 'sagfuse_aux': 0.3, 'anchor_guard': True, 'ndt_anchor': 'striatal', 'mask3d_cache': '/ssd/datasets/DAT_SCAN/boxcache/canonv2mask_ell.u8.npy', 'lesion_p': 0.25, 'lesion_lo': 0.45, 'lesion_hi': 0.9, 'fuse_lr_mult': 0.3, 'box_cache': '/ssd/datasets/DAT_SCAN/boxcache/canonv2.f16.npy', 'splits': 'meta/cv_round5.csv'}
  NDT anchor = STRIATAL (one scalar per scan, mask through the image affine, window fallback)
  weight EMA decay=0.999 (this IS the shipped artifact, not the last weights)
  COUNTERFACTUAL LESION: p=0.25 sev [0.45,0.9] order_w=0.0 k=8 margin=0.5
  LESION FIRED: 0 normals relabelled abnormal, 0 ordering pairs, batch 24 -> 24 rows
  SAGFUSE_AUX FIRED: w=0.3, 2 view logits supervised
[fu_a4_dnet f2] ep00 val ll 0.7076 auc 0.6865 (best 0.7076@0)
[fu_a4_dnet f2] ep10 val ll 0.3108 auc 0.9406 (best 0.3108@10)
[fu_a4_dnet f2] ep20 val ll 0.2753 auc 0.9512 (best 0.2753@20)
[fu_a4_dnet f2] ep30 val ll 0.2188 auc 0.9696 (best 0.2188@30)
[fu_a4_dnet f2] ep40 val ll 0.2251 auc 0.9739 (best 0.2188@30)
[fu_a4_dnet f2] ep50 val ll 0.2418 auc 0.9747 (best 0.1987@49)
[fu_a4_dnet f2] ep60 val ll 0.2082 auc 0.9720 (best 0.1987@49)
[fu_a4_dnet f2] ep70 val ll 0.1990 auc 0.9752 (best 0.1976@68)
[fu_a4_dnet f2] ep80 val ll 0.1984 auc 0.9752 (best 0.1947@75)
[fu_a4_dnet f2] ep90 val ll 0.2037 auc 0.9770 (best 0.1877@87)
[fu_a4_dnet f2] ep100 val ll 0.1886 auc 0.9780 (best 0.1877@87)
[fu_a4_dnet f2] ep110 val ll 0.1972 auc 0.9779 (best 0.1877@87)
[fu_a4_dnet f2] ep119 val ll 0.1983 auc 0.9781 (best 0.1877@87)
[fu_a4_dnet f2] EMA checkpoint + BN recal (242 layers)
[fu_a4_dnet f2] done 57.1 min: ll 0.2070 auc 0.9770
