recipe: densenet121 seed 2 ep 120 ema 0.999 tau 4.09*mu+1.259
  ARM: {'rot_deg': 31.7, 'sagfuse': 'attnres', 'sagfuse_aug': True, 'sagfuse_aux': 0.3, 'anchor_guard': True, 'ndt_anchor': 'striatal', 'mask3d_cache': '/ssd/datasets/DAT_SCAN/boxcache/canonv2mask_ell.u8.npy', 'lesion_p': 0.25, 'lesion_lo': 0.45, 'lesion_hi': 0.9, 'fuse_lr_mult': 0.3, 'box_cache': '/ssd/datasets/DAT_SCAN/boxcache/canonv2.f16.npy', 'splits': 'meta/cv_round3.csv'}
  NDT anchor = STRIATAL (one scalar per scan, mask through the image affine, window fallback)
  weight EMA decay=0.999 (this IS the shipped artifact, not the last weights)
  COUNTERFACTUAL LESION: p=0.25 sev [0.45,0.9] order_w=0.0 k=8 margin=0.5
  LESION FIRED: 2 normals relabelled abnormal, 0 ordering pairs, batch 24 -> 24 rows
  SAGFUSE_AUX FIRED: w=0.3, 2 view logits supervised
[fu_a2_dnet f3] ep00 val ll 0.6778 auc 0.7308 (best 0.6778@0)
[fu_a2_dnet f3] ep10 val ll 0.4929 auc 0.9098 (best 0.3300@9)
[fu_a2_dnet f3] ep20 val ll 0.2638 auc 0.9567 (best 0.2638@20)
[fu_a2_dnet f3] ep30 val ll 0.3313 auc 0.9470 (best 0.2630@23)
[fu_a2_dnet f3] ep40 val ll 0.2722 auc 0.9626 (best 0.2427@38)
[fu_a2_dnet f3] ep50 val ll 0.2879 auc 0.9612 (best 0.2328@47)
[fu_a2_dnet f3] ep60 val ll 0.2870 auc 0.9655 (best 0.2328@47)
[fu_a2_dnet f3] ep70 val ll 0.2459 auc 0.9673 (best 0.2328@47)
[fu_a2_dnet f3] ep80 val ll 0.2422 auc 0.9671 (best 0.2328@47)
[fu_a2_dnet f3] ep90 val ll 0.2588 auc 0.9666 (best 0.2284@86)
[fu_a2_dnet f3] ep100 val ll 0.2530 auc 0.9678 (best 0.2284@86)
[fu_a2_dnet f3] ep110 val ll 0.2587 auc 0.9674 (best 0.2284@86)
[fu_a2_dnet f3] ep119 val ll 0.2769 auc 0.9671 (best 0.2284@86)
[fu_a2_dnet f3] EMA checkpoint + BN recal (242 layers)
[fu_a2_dnet f3] done 57.6 min: ll 0.2743 auc 0.9670
