recipe: densenet121 seed 5 ep 120 ema 0.999 tau 4.09*mu+1.259
  ARM: {'rot_deg': 31.7, 'sagfuse': 'attnres', 'sagfuse_aug': True, 'sagfuse_aux': 0.3, 'anchor_guard': True, 'ndt_anchor': 'striatal', 'mask3d_cache': '/ssd/datasets/DAT_SCAN/boxcache/canonv2mask_ell.u8.npy', 'lesion_p': 0.25, 'lesion_lo': 0.45, 'lesion_hi': 0.9, 'fuse_lr_mult': 0.3, 'box_cache': '/ssd/datasets/DAT_SCAN/boxcache/canonv2.f16.npy', 'splits': 'meta/cv_round6.csv'}
  NDT anchor = STRIATAL (one scalar per scan, mask through the image affine, window fallback)
  weight EMA decay=0.999 (this IS the shipped artifact, not the last weights)
  COUNTERFACTUAL LESION: p=0.25 sev [0.45,0.9] order_w=0.0 k=8 margin=0.5
  LESION FIRED: 1 normals relabelled abnormal, 0 ordering pairs, batch 24 -> 24 rows
  SAGFUSE_AUX FIRED: w=0.3, 2 view logits supervised
[fu_a5_dnet f4] ep00 val ll 0.6724 auc 0.7852 (best 0.6724@0)
[fu_a5_dnet f4] ep10 val ll 0.5272 auc 0.9323 (best 0.3936@8)
[fu_a5_dnet f4] ep20 val ll 0.3585 auc 0.9688 (best 0.2429@18)
[fu_a5_dnet f4] ep30 val ll 0.2431 auc 0.9720 (best 0.2357@21)
[fu_a5_dnet f4] ep40 val ll 0.2621 auc 0.9722 (best 0.2223@32)
[fu_a5_dnet f4] ep50 val ll 0.2271 auc 0.9726 (best 0.2210@49)
[fu_a5_dnet f4] ep60 val ll 0.3770 auc 0.9719 (best 0.2148@52)
[fu_a5_dnet f4] ep70 val ll 0.2529 auc 0.9757 (best 0.2063@68)
[fu_a5_dnet f4] ep80 val ll 0.2307 auc 0.9754 (best 0.2063@68)
[fu_a5_dnet f4] ep90 val ll 0.2632 auc 0.9746 (best 0.2063@68)
[fu_a5_dnet f4] ep100 val ll 0.2357 auc 0.9760 (best 0.2063@68)
[fu_a5_dnet f4] ep110 val ll 0.2309 auc 0.9767 (best 0.2063@68)
[fu_a5_dnet f4] ep119 val ll 0.2257 auc 0.9765 (best 0.2063@68)
[fu_a5_dnet f4] EMA checkpoint + BN recal (242 layers)
[fu_a5_dnet f4] done 57.5 min: ll 0.2551 auc 0.9762
