recipe: densenet121 seed 2 ep 120 ema 0.999 tau 4.09*mu+1.259
  ARM: {'rot_deg': 31.7, 'sagfuse': 'attnres', 'sagfuse_aug': True, 'sagfuse_aux': 0.3, 'anchor_guard': True, 'ndt_anchor': 'striatal', 'mask3d_cache': '/ssd/datasets/DAT_SCAN/boxcache/canonv2mask_ell.u8.npy', 'lesion_p': 0.25, 'lesion_lo': 0.45, 'lesion_hi': 0.9, 'fuse_lr_mult': 0.3, 'box_cache': '/ssd/datasets/DAT_SCAN/boxcache/canonv2.f16.npy', 'splits': 'meta/cv_round3.csv'}
  NDT anchor = STRIATAL (one scalar per scan, mask through the image affine, window fallback)
  weight EMA decay=0.999 (this IS the shipped artifact, not the last weights)
  COUNTERFACTUAL LESION: p=0.25 sev [0.45,0.9] order_w=0.0 k=8 margin=0.5
  LESION FIRED: 2 normals relabelled abnormal, 0 ordering pairs, batch 24 -> 24 rows
  SAGFUSE_AUX FIRED: w=0.3, 2 view logits supervised
[fu_a2_dnet f2] ep00 val ll 0.6985 auc 0.7495 (best 0.6985@0)
[fu_a2_dnet f2] ep10 val ll 0.4595 auc 0.9343 (best 0.3254@9)
[fu_a2_dnet f2] ep20 val ll 0.4990 auc 0.9547 (best 0.2767@18)
[fu_a2_dnet f2] ep30 val ll 0.2606 auc 0.9620 (best 0.2606@30)
[fu_a2_dnet f2] ep40 val ll 0.2671 auc 0.9614 (best 0.2499@31)
[fu_a2_dnet f2] ep50 val ll 0.2586 auc 0.9639 (best 0.2255@41)
[fu_a2_dnet f2] ep60 val ll 0.2625 auc 0.9588 (best 0.2255@41)
[fu_a2_dnet f2] ep70 val ll 0.3023 auc 0.9625 (best 0.2255@41)
[fu_a2_dnet f2] ep80 val ll 0.2935 auc 0.9591 (best 0.2255@41)
[fu_a2_dnet f2] ep90 val ll 0.3054 auc 0.9643 (best 0.2255@41)
[fu_a2_dnet f2] ep100 val ll 0.2596 auc 0.9642 (best 0.2255@41)
[fu_a2_dnet f2] ep110 val ll 0.2535 auc 0.9653 (best 0.2255@41)
[fu_a2_dnet f2] ep119 val ll 0.2607 auc 0.9649 (best 0.2255@41)
[fu_a2_dnet f2] EMA checkpoint + BN recal (242 layers)
[fu_a2_dnet f2] done 58.3 min: ll 0.2974 auc 0.9634
