recipe: densenet121 seed 8 ep 120 ema 0.999 tau 4.09*mu+1.259
  ARM: {'rot_deg': 31.7, 'sagfuse': 'attnres', 'sagfuse_aug': True, 'sagfuse_aux': 0.3, 'anchor_guard': True, 'ndt_anchor': 'striatal', 'mask3d_cache': '/ssd/datasets/DAT_SCAN/boxcache/canonv2mask_ell.u8.npy', 'lesion_p': 0.25, 'lesion_lo': 0.45, 'lesion_hi': 0.9, 'fuse_lr_mult': 0.3, 'box_cache': '/ssd/datasets/DAT_SCAN/boxcache/canonv2.f16.npy', 'splits': 'meta/cv_round9.csv'}
  NDT anchor = STRIATAL (one scalar per scan, mask through the image affine, window fallback)
  weight EMA decay=0.999 (this IS the shipped artifact, not the last weights)
  COUNTERFACTUAL LESION: p=0.25 sev [0.45,0.9] order_w=0.0 k=8 margin=0.5
  LESION FIRED: 3 normals relabelled abnormal, 0 ordering pairs, batch 24 -> 24 rows
  SAGFUSE_AUX FIRED: w=0.3, 2 view logits supervised
[fu_a8_dnet f4] ep00 val ll 0.7000 auc 0.6851 (best 0.7000@0)
[fu_a8_dnet f4] ep10 val ll 0.3963 auc 0.9246 (best 0.3100@8)
[fu_a8_dnet f4] ep20 val ll 0.2347 auc 0.9634 (best 0.2347@20)
[fu_a8_dnet f4] ep30 val ll 0.3201 auc 0.9619 (best 0.2237@28)
[fu_a8_dnet f4] ep40 val ll 0.2161 auc 0.9681 (best 0.2092@37)
[fu_a8_dnet f4] ep50 val ll 0.2733 auc 0.9674 (best 0.2092@37)
[fu_a8_dnet f4] ep60 val ll 0.2200 auc 0.9691 (best 0.2073@59)
[fu_a8_dnet f4] ep70 val ll 0.2720 auc 0.9697 (best 0.2073@59)
[fu_a8_dnet f4] ep80 val ll 0.2186 auc 0.9710 (best 0.2066@73)
[fu_a8_dnet f4] ep90 val ll 0.1986 auc 0.9743 (best 0.1986@90)
[fu_a8_dnet f4] ep100 val ll 0.2216 auc 0.9732 (best 0.1986@90)
[fu_a8_dnet f4] ep110 val ll 0.2180 auc 0.9744 (best 0.1986@90)
[fu_a8_dnet f4] ep119 val ll 0.2183 auc 0.9748 (best 0.1986@90)
[fu_a8_dnet f4] EMA checkpoint + BN recal (242 layers)
[fu_a8_dnet f4] done 57.7 min: ll 0.2310 auc 0.9750
