recipe: densenet121 seed 2 ep 120 ema 0.999 tau 4.09*mu+1.259
  ARM: {'rot_deg': 31.7, 'sagfuse': 'attnres', 'sagfuse_aug': True, 'sagfuse_aux': 0.3, 'anchor_guard': True, 'ndt_anchor': 'striatal', 'mask3d_cache': '/ssd/datasets/DAT_SCAN/boxcache/canonv2mask_ell.u8.npy', 'lesion_p': 0.25, 'lesion_lo': 0.45, 'lesion_hi': 0.9, 'fuse_lr_mult': 0.3, 'box_cache': '/ssd/datasets/DAT_SCAN/boxcache/canonv2.f16.npy', 'splits': 'meta/cv_round3.csv'}
  NDT anchor = STRIATAL (one scalar per scan, mask through the image affine, window fallback)
  weight EMA decay=0.999 (this IS the shipped artifact, not the last weights)
  COUNTERFACTUAL LESION: p=0.25 sev [0.45,0.9] order_w=0.0 k=8 margin=0.5
  LESION FIRED: 2 normals relabelled abnormal, 0 ordering pairs, batch 24 -> 24 rows
  SAGFUSE_AUX FIRED: w=0.3, 2 view logits supervised
[fu_a2_dnet f4] ep00 val ll 0.6827 auc 0.6791 (best 0.6827@0)
[fu_a2_dnet f4] ep10 val ll 0.3487 auc 0.9480 (best 0.2881@9)
[fu_a2_dnet f4] ep20 val ll 0.2226 auc 0.9728 (best 0.2226@20)
[fu_a2_dnet f4] ep30 val ll 0.2017 auc 0.9763 (best 0.1988@29)
[fu_a2_dnet f4] ep40 val ll 0.1876 auc 0.9807 (best 0.1859@39)
[fu_a2_dnet f4] ep50 val ll 0.3005 auc 0.9799 (best 0.1788@46)
[fu_a2_dnet f4] ep60 val ll 0.3164 auc 0.9797 (best 0.1788@46)
[fu_a2_dnet f4] ep70 val ll 0.1762 auc 0.9805 (best 0.1762@70)
[fu_a2_dnet f4] ep80 val ll 0.2351 auc 0.9813 (best 0.1716@75)
[fu_a2_dnet f4] ep90 val ll 0.1975 auc 0.9817 (best 0.1707@87)
[fu_a2_dnet f4] ep100 val ll 0.1966 auc 0.9823 (best 0.1707@87)
[fu_a2_dnet f4] ep110 val ll 0.1766 auc 0.9823 (best 0.1707@87)
[fu_a2_dnet f4] ep119 val ll 0.1821 auc 0.9828 (best 0.1707@87)
[fu_a2_dnet f4] EMA checkpoint + BN recal (242 layers)
[fu_a2_dnet f4] done 58.0 min: ll 0.2114 auc 0.9829
