recipe: densenet121 seed 3 ep 120 ema 0.999 tau 4.09*mu+1.259
  ARM: {'rot_deg': 31.7, 'sagfuse': 'attnres', 'sagfuse_aug': True, 'sagfuse_aux': 0.3, 'anchor_guard': True, 'ndt_anchor': 'striatal', 'mask3d_cache': '/ssd/datasets/DAT_SCAN/boxcache/canonv2mask_ell.u8.npy', 'lesion_p': 0.25, 'lesion_lo': 0.45, 'lesion_hi': 0.9, 'fuse_lr_mult': 0.3, 'box_cache': '/ssd/datasets/DAT_SCAN/boxcache/canonv2.f16.npy', 'splits': 'meta/cv_round4.csv'}
  NDT anchor = STRIATAL (one scalar per scan, mask through the image affine, window fallback)
  weight EMA decay=0.999 (this IS the shipped artifact, not the last weights)
  COUNTERFACTUAL LESION: p=0.25 sev [0.45,0.9] order_w=0.0 k=8 margin=0.5
  LESION FIRED: 1 normals relabelled abnormal, 0 ordering pairs, batch 24 -> 24 rows
  SAGFUSE_AUX FIRED: w=0.3, 2 view logits supervised
[fu_a3_dnet f0] ep00 val ll 0.6748 auc 0.7480 (best 0.6748@0)
[fu_a3_dnet f0] ep10 val ll 0.6439 auc 0.9228 (best 0.4792@9)
[fu_a3_dnet f0] ep20 val ll 0.4438 auc 0.9518 (best 0.2810@16)
[fu_a3_dnet f0] ep30 val ll 0.3531 auc 0.9581 (best 0.2770@29)
[fu_a3_dnet f0] ep40 val ll 0.2785 auc 0.9538 (best 0.2689@33)
[fu_a3_dnet f0] ep50 val ll 0.3435 auc 0.9527 (best 0.2542@42)
[fu_a3_dnet f0] ep60 val ll 0.2575 auc 0.9604 (best 0.2542@42)
[fu_a3_dnet f0] ep70 val ll 0.2688 auc 0.9591 (best 0.2542@42)
[fu_a3_dnet f0] ep80 val ll 0.3519 auc 0.9540 (best 0.2519@79)
[fu_a3_dnet f0] ep90 val ll 0.2577 auc 0.9601 (best 0.2519@79)
[fu_a3_dnet f0] ep100 val ll 0.2900 auc 0.9582 (best 0.2519@79)
[fu_a3_dnet f0] ep110 val ll 0.2966 auc 0.9583 (best 0.2519@79)
[fu_a3_dnet f0] ep119 val ll 0.2998 auc 0.9585 (best 0.2519@79)
[fu_a3_dnet f0] EMA checkpoint + BN recal (242 layers)
[fu_a3_dnet f0] done 57.9 min: ll 0.3257 auc 0.9584
