recipe: densenet121 seed 3 ep 120 ema 0.999 tau 4.09*mu+1.259
  ARM: {'rot_deg': 31.7, 'sagfuse': 'attnres', 'sagfuse_aug': True, 'sagfuse_aux': 0.3, 'anchor_guard': True, 'ndt_anchor': 'striatal', 'mask3d_cache': '/ssd/datasets/DAT_SCAN/boxcache/canonv2mask_ell.u8.npy', 'lesion_p': 0.25, 'lesion_lo': 0.45, 'lesion_hi': 0.9, 'fuse_lr_mult': 0.3, 'box_cache': '/ssd/datasets/DAT_SCAN/boxcache/canonv2.f16.npy', 'splits': 'meta/cv_round4.csv'}
  NDT anchor = STRIATAL (one scalar per scan, mask through the image affine, window fallback)
  weight EMA decay=0.999 (this IS the shipped artifact, not the last weights)
  COUNTERFACTUAL LESION: p=0.25 sev [0.45,0.9] order_w=0.0 k=8 margin=0.5
  LESION FIRED: 2 normals relabelled abnormal, 0 ordering pairs, batch 24 -> 24 rows
  SAGFUSE_AUX FIRED: w=0.3, 2 view logits supervised
[fu_a3_dnet f3] ep00 val ll 0.6785 auc 0.7965 (best 0.6785@0)
[fu_a3_dnet f3] ep10 val ll 0.4162 auc 0.9367 (best 0.3649@9)
[fu_a3_dnet f3] ep20 val ll 0.2844 auc 0.9599 (best 0.2730@19)
[fu_a3_dnet f3] ep30 val ll 0.3492 auc 0.9668 (best 0.2460@25)
[fu_a3_dnet f3] ep40 val ll 0.3468 auc 0.9730 (best 0.2013@34)
[fu_a3_dnet f3] ep50 val ll 0.3198 auc 0.9709 (best 0.2013@34)
[fu_a3_dnet f3] ep60 val ll 0.2053 auc 0.9803 (best 0.1997@51)
[fu_a3_dnet f3] ep70 val ll 0.2155 auc 0.9802 (best 0.1997@51)
[fu_a3_dnet f3] ep80 val ll 0.1992 auc 0.9818 (best 0.1822@75)
[fu_a3_dnet f3] ep90 val ll 0.2102 auc 0.9821 (best 0.1793@86)
[fu_a3_dnet f3] ep100 val ll 0.2412 auc 0.9841 (best 0.1759@94)
[fu_a3_dnet f3] ep110 val ll 0.2005 auc 0.9842 (best 0.1759@94)
[fu_a3_dnet f3] ep119 val ll 0.1853 auc 0.9844 (best 0.1759@94)
[fu_a3_dnet f3] EMA checkpoint + BN recal (242 layers)
[fu_a3_dnet f3] done 57.1 min: ll 0.2307 auc 0.9837
