recipe: densenet121 seed 9 ep 120 ema 0.999 tau 4.09*mu+1.259
  ARM: {'rot_deg': 31.7, 'sagfuse': 'attnres', 'sagfuse_aug': True, 'sagfuse_aux': 0.3, 'anchor_guard': True, 'ndt_anchor': 'striatal', 'mask3d_cache': '/ssd/datasets/DAT_SCAN/boxcache/canonv2mask_ell.u8.npy', 'lesion_p': 0.25, 'lesion_lo': 0.45, 'lesion_hi': 0.9, 'fuse_lr_mult': 0.3, 'box_cache': '/ssd/datasets/DAT_SCAN/boxcache/canonv2.f16.npy', 'splits': 'meta/cv_round10.csv'}
  NDT anchor = STRIATAL (one scalar per scan, mask through the image affine, window fallback)
  weight EMA decay=0.999 (this IS the shipped artifact, not the last weights)
  COUNTERFACTUAL LESION: p=0.25 sev [0.45,0.9] order_w=0.0 k=8 margin=0.5
  LESION FIRED: 2 normals relabelled abnormal, 0 ordering pairs, batch 24 -> 24 rows
  SAGFUSE_AUX FIRED: w=0.3, 2 view logits supervised
[fu_a9_dnet f1] ep00 val ll 0.6756 auc 0.7398 (best 0.6756@0)
[fu_a9_dnet f1] ep10 val ll 0.2880 auc 0.9471 (best 0.2880@10)
[fu_a9_dnet f1] ep20 val ll 0.2574 auc 0.9693 (best 0.2574@20)
[fu_a9_dnet f1] ep30 val ll 0.3007 auc 0.9707 (best 0.2141@28)
[fu_a9_dnet f1] ep40 val ll 0.2262 auc 0.9714 (best 0.2141@28)
[fu_a9_dnet f1] ep50 val ll 0.2637 auc 0.9727 (best 0.2112@49)
[fu_a9_dnet f1] ep60 val ll 0.2805 auc 0.9748 (best 0.2112@49)
[fu_a9_dnet f1] ep70 val ll 0.2251 auc 0.9745 (best 0.2055@66)
[fu_a9_dnet f1] ep80 val ll 0.2056 auc 0.9752 (best 0.2055@66)
[fu_a9_dnet f1] ep90 val ll 0.2050 auc 0.9750 (best 0.2037@86)
[fu_a9_dnet f1] ep100 val ll 0.2104 auc 0.9760 (best 0.2037@86)
[fu_a9_dnet f1] ep110 val ll 0.2239 auc 0.9760 (best 0.2037@86)
[fu_a9_dnet f1] ep119 val ll 0.2162 auc 0.9758 (best 0.2037@86)
[fu_a9_dnet f1] EMA checkpoint + BN recal (242 layers)
[fu_a9_dnet f1] done 57.1 min: ll 0.2384 auc 0.9758
