recipe: densenet121 seed 7 ep 120 ema 0.999 tau 4.09*mu+1.259
  ARM: {'rot_deg': 31.7, 'sagfuse': 'attnres', 'sagfuse_aug': True, 'sagfuse_aux': 0.3, 'anchor_guard': True, 'ndt_anchor': 'striatal', 'mask3d_cache': '/ssd/datasets/DAT_SCAN/boxcache/canonv2mask_ell.u8.npy', 'lesion_p': 0.25, 'lesion_lo': 0.45, 'lesion_hi': 0.9, 'fuse_lr_mult': 0.3, 'box_cache': '/ssd/datasets/DAT_SCAN/boxcache/canonv2.f16.npy', 'splits': 'meta/cv_round8.csv'}
  NDT anchor = STRIATAL (one scalar per scan, mask through the image affine, window fallback)
  weight EMA decay=0.999 (this IS the shipped artifact, not the last weights)
  COUNTERFACTUAL LESION: p=0.25 sev [0.45,0.9] order_w=0.0 k=8 margin=0.5
  LESION FIRED: 4 normals relabelled abnormal, 0 ordering pairs, batch 24 -> 24 rows
  SAGFUSE_AUX FIRED: w=0.3, 2 view logits supervised
[fu_a7_dnet f2] ep00 val ll 0.6777 auc 0.7242 (best 0.6777@0)
[fu_a7_dnet f2] ep10 val ll 0.3267 auc 0.9445 (best 0.3267@10)
[fu_a7_dnet f2] ep20 val ll 0.3870 auc 0.9652 (best 0.2717@17)
[fu_a7_dnet f2] ep30 val ll 0.4743 auc 0.9571 (best 0.2315@26)
[fu_a7_dnet f2] ep40 val ll 0.2699 auc 0.9660 (best 0.2288@36)
[fu_a7_dnet f2] ep50 val ll 0.2323 auc 0.9708 (best 0.2124@49)
[fu_a7_dnet f2] ep60 val ll 0.2111 auc 0.9712 (best 0.2081@51)
[fu_a7_dnet f2] ep70 val ll 0.2635 auc 0.9668 (best 0.2068@66)
[fu_a7_dnet f2] ep80 val ll 0.2438 auc 0.9690 (best 0.2068@66)
[fu_a7_dnet f2] ep90 val ll 0.2162 auc 0.9706 (best 0.2068@66)
[fu_a7_dnet f2] ep100 val ll 0.2177 auc 0.9705 (best 0.2068@66)
[fu_a7_dnet f2] ep110 val ll 0.2159 auc 0.9700 (best 0.2068@66)
[fu_a7_dnet f2] ep119 val ll 0.2204 auc 0.9706 (best 0.2068@66)
[fu_a7_dnet f2] EMA checkpoint + BN recal (242 layers)
[fu_a7_dnet f2] done 59.6 min: ll 0.2346 auc 0.9702
