recipe: densenet121 seed 8 ep 120 ema 0.999 tau 4.09*mu+1.259
  ARM: {'rot_deg': 31.7, 'sagfuse': 'attnres', 'sagfuse_aug': True, 'sagfuse_aux': 0.3, 'anchor_guard': True, 'ndt_anchor': 'striatal', 'mask3d_cache': '/ssd/datasets/DAT_SCAN/boxcache/canonv2mask_ell.u8.npy', 'lesion_p': 0.25, 'lesion_lo': 0.45, 'lesion_hi': 0.9, 'fuse_lr_mult': 0.3, 'box_cache': '/ssd/datasets/DAT_SCAN/boxcache/canonv2.f16.npy', 'splits': 'meta/cv_round9.csv'}
  NDT anchor = STRIATAL (one scalar per scan, mask through the image affine, window fallback)
  weight EMA decay=0.999 (this IS the shipped artifact, not the last weights)
  COUNTERFACTUAL LESION: p=0.25 sev [0.45,0.9] order_w=0.0 k=8 margin=0.5
  LESION FIRED: 1 normals relabelled abnormal, 0 ordering pairs, batch 24 -> 24 rows
  SAGFUSE_AUX FIRED: w=0.3, 2 view logits supervised
[fu_a8_dnet f0] ep00 val ll 0.6801 auc 0.7514 (best 0.6801@0)
[fu_a8_dnet f0] ep10 val ll 0.3025 auc 0.9570 (best 0.3025@10)
[fu_a8_dnet f0] ep20 val ll 0.2912 auc 0.9653 (best 0.2318@17)
[fu_a8_dnet f0] ep30 val ll 0.2109 auc 0.9792 (best 0.1928@27)
[fu_a8_dnet f0] ep40 val ll 0.1906 auc 0.9780 (best 0.1906@40)
[fu_a8_dnet f0] ep50 val ll 0.2331 auc 0.9734 (best 0.1906@40)
[fu_a8_dnet f0] ep60 val ll 0.2722 auc 0.9724 (best 0.1906@40)
[fu_a8_dnet f0] ep70 val ll 0.2432 auc 0.9746 (best 0.1895@63)
[fu_a8_dnet f0] ep80 val ll 0.2150 auc 0.9770 (best 0.1895@63)
[fu_a8_dnet f0] ep90 val ll 0.2387 auc 0.9744 (best 0.1866@81)
[fu_a8_dnet f0] ep100 val ll 0.1961 auc 0.9776 (best 0.1866@81)
[fu_a8_dnet f0] ep110 val ll 0.2078 auc 0.9766 (best 0.1866@81)
[fu_a8_dnet f0] ep119 val ll 0.2013 auc 0.9766 (best 0.1866@81)
[fu_a8_dnet f0] EMA checkpoint + BN recal (242 layers)
[fu_a8_dnet f0] done 58.8 min: ll 0.2158 auc 0.9776
