recipe: densenet121 seed 5 ep 120 ema 0.999 tau 4.09*mu+1.259
  ARM: {'rot_deg': 31.7, 'sagfuse': 'attnres', 'sagfuse_aug': True, 'sagfuse_aux': 0.3, 'anchor_guard': True, 'ndt_anchor': 'striatal', 'mask3d_cache': '/ssd/datasets/DAT_SCAN/boxcache/canonv2mask_ell.u8.npy', 'lesion_p': 0.25, 'lesion_lo': 0.45, 'lesion_hi': 0.9, 'fuse_lr_mult': 0.3, 'box_cache': '/ssd/datasets/DAT_SCAN/boxcache/canonv2.f16.npy', 'splits': 'meta/cv_round6.csv'}
  NDT anchor = STRIATAL (one scalar per scan, mask through the image affine, window fallback)
  weight EMA decay=0.999 (this IS the shipped artifact, not the last weights)
  COUNTERFACTUAL LESION: p=0.25 sev [0.45,0.9] order_w=0.0 k=8 margin=0.5
  LESION FIRED: 5 normals relabelled abnormal, 0 ordering pairs, batch 24 -> 24 rows
  SAGFUSE_AUX FIRED: w=0.3, 2 view logits supervised
[fu_a5_dnet f1] ep00 val ll 0.6890 auc 0.7182 (best 0.6890@0)
[fu_a5_dnet f1] ep10 val ll 0.3187 auc 0.9389 (best 0.3187@10)
[fu_a5_dnet f1] ep20 val ll 0.3097 auc 0.9393 (best 0.3042@18)
[fu_a5_dnet f1] ep30 val ll 0.4660 auc 0.9561 (best 0.2843@25)
[fu_a5_dnet f1] ep40 val ll 0.7907 auc 0.9491 (best 0.2669@32)
[fu_a5_dnet f1] ep50 val ll 0.2701 auc 0.9623 (best 0.2630@43)
[fu_a5_dnet f1] ep60 val ll 0.3003 auc 0.9649 (best 0.2417@55)
[fu_a5_dnet f1] ep70 val ll 0.2589 auc 0.9602 (best 0.2417@55)
[fu_a5_dnet f1] ep80 val ll 0.2727 auc 0.9613 (best 0.2417@55)
[fu_a5_dnet f1] ep90 val ll 0.2483 auc 0.9647 (best 0.2417@55)
[fu_a5_dnet f1] ep100 val ll 0.2679 auc 0.9630 (best 0.2417@55)
[fu_a5_dnet f1] ep110 val ll 0.2563 auc 0.9638 (best 0.2417@55)
[fu_a5_dnet f1] ep119 val ll 0.2481 auc 0.9651 (best 0.2417@55)
[fu_a5_dnet f1] EMA checkpoint + BN recal (242 layers)
[fu_a5_dnet f1] done 57.0 min: ll 0.2718 auc 0.9635
