recipe: densenet121 seed 5 ep 120 ema 0.999 tau 4.09*mu+1.259
  ARM: {'rot_deg': 31.7, 'sagfuse': 'attnres', 'sagfuse_aug': True, 'sagfuse_aux': 0.3, 'anchor_guard': True, 'ndt_anchor': 'striatal', 'mask3d_cache': '/ssd/datasets/DAT_SCAN/boxcache/canonv2mask_ell.u8.npy', 'lesion_p': 0.25, 'lesion_lo': 0.45, 'lesion_hi': 0.9, 'fuse_lr_mult': 0.3, 'box_cache': '/ssd/datasets/DAT_SCAN/boxcache/canonv2.f16.npy', 'splits': 'meta/cv_round6.csv'}
  NDT anchor = STRIATAL (one scalar per scan, mask through the image affine, window fallback)
  weight EMA decay=0.999 (this IS the shipped artifact, not the last weights)
  COUNTERFACTUAL LESION: p=0.25 sev [0.45,0.9] order_w=0.0 k=8 margin=0.5
  LESION FIRED: 5 normals relabelled abnormal, 0 ordering pairs, batch 24 -> 24 rows
  SAGFUSE_AUX FIRED: w=0.3, 2 view logits supervised
[fu_a5_dnet f3] ep00 val ll 0.6818 auc 0.6769 (best 0.6818@0)
[fu_a5_dnet f3] ep10 val ll 0.3370 auc 0.9216 (best 0.3370@10)
[fu_a5_dnet f3] ep20 val ll 0.2657 auc 0.9526 (best 0.2657@20)
[fu_a5_dnet f3] ep30 val ll 0.7589 auc 0.9591 (best 0.2407@23)
[fu_a5_dnet f3] ep40 val ll 0.2750 auc 0.9628 (best 0.2396@39)
[fu_a5_dnet f3] ep50 val ll 0.2924 auc 0.9691 (best 0.2270@43)
[fu_a5_dnet f3] ep60 val ll 0.2461 auc 0.9627 (best 0.2170@58)
[fu_a5_dnet f3] ep70 val ll 0.2597 auc 0.9725 (best 0.2124@63)
[fu_a5_dnet f3] ep80 val ll 0.2281 auc 0.9723 (best 0.2004@75)
[fu_a5_dnet f3] ep90 val ll 0.2346 auc 0.9723 (best 0.2004@75)
[fu_a5_dnet f3] ep100 val ll 0.2455 auc 0.9716 (best 0.2004@75)
[fu_a5_dnet f3] ep110 val ll 0.2125 auc 0.9734 (best 0.2004@75)
[fu_a5_dnet f3] ep119 val ll 0.2103 auc 0.9730 (best 0.2004@75)
[fu_a5_dnet f3] EMA checkpoint + BN recal (242 layers)
[fu_a5_dnet f3] done 56.6 min: ll 0.2517 auc 0.9725
