recipe: densenet121 seed 1 ep 120 ema 0.999 tau 4.09*mu+1.259
  ARM: {'rot_deg': 31.7, 'sagfuse': 'attnres', 'sagfuse_aug': True, 'sagfuse_aux': 0.3, 'anchor_guard': True, 'ndt_anchor': 'striatal', 'mask3d_cache': '/ssd/datasets/DAT_SCAN/boxcache/canonv2mask_ell.u8.npy', 'lesion_p': 0.25, 'lesion_lo': 0.45, 'lesion_hi': 0.9, 'fuse_lr_mult': 0.3, 'box_cache': '/ssd/datasets/DAT_SCAN/boxcache/canonv2.f16.npy', 'splits': 'meta/cv_round2.csv'}
  NDT anchor = STRIATAL (one scalar per scan, mask through the image affine, window fallback)
  weight EMA decay=0.999 (this IS the shipped artifact, not the last weights)
  COUNTERFACTUAL LESION: p=0.25 sev [0.45,0.9] order_w=0.0 k=8 margin=0.5
  LESION FIRED: 2 normals relabelled abnormal, 0 ordering pairs, batch 24 -> 24 rows
  SAGFUSE_AUX FIRED: w=0.3, 2 view logits supervised
[fu_a1_dnet f4] ep00 val ll 0.6855 auc 0.7339 (best 0.6855@0)
[fu_a1_dnet f4] ep10 val ll 0.6517 auc 0.9587 (best 0.4589@6)
[fu_a1_dnet f4] ep20 val ll 0.2088 auc 0.9727 (best 0.2088@20)
[fu_a1_dnet f4] ep30 val ll 0.2316 auc 0.9795 (best 0.1795@27)
[fu_a1_dnet f4] ep40 val ll 0.1689 auc 0.9828 (best 0.1689@40)
[fu_a1_dnet f4] ep50 val ll 0.2001 auc 0.9826 (best 0.1632@42)
[fu_a1_dnet f4] ep60 val ll 0.1943 auc 0.9819 (best 0.1632@42)
[fu_a1_dnet f4] ep70 val ll 0.1620 auc 0.9838 (best 0.1620@70)
[fu_a1_dnet f4] ep80 val ll 0.1683 auc 0.9811 (best 0.1613@79)
[fu_a1_dnet f4] ep90 val ll 0.1629 auc 0.9837 (best 0.1542@84)
[fu_a1_dnet f4] ep100 val ll 0.1607 auc 0.9846 (best 0.1542@84)
[fu_a1_dnet f4] ep110 val ll 0.1643 auc 0.9847 (best 0.1539@104)
[fu_a1_dnet f4] ep119 val ll 0.1650 auc 0.9849 (best 0.1539@104)
[fu_a1_dnet f4] EMA checkpoint + BN recal (242 layers)
[fu_a1_dnet f4] done 57.5 min: ll 0.1708 auc 0.9850
