recipe: densenet121 seed 10 ep 120 ema 0.999 tau 4.09*mu+1.259
  ARM: {'rot_deg': 31.7, 'sagfuse': 'attnres', 'sagfuse_aug': True, 'sagfuse_aux': 0.3, 'anchor_guard': True, 'ndt_anchor': 'striatal', 'mask3d_cache': '/ssd/datasets/DAT_SCAN/boxcache/canonv2mask_ell.u8.npy', 'lesion_p': 0.25, 'lesion_lo': 0.45, 'lesion_hi': 0.9, 'fuse_lr_mult': 0.3, 'box_cache': '/ssd/datasets/DAT_SCAN/boxcache/canonv2.f16.npy', 'splits': 'meta/cv_round11.csv'}
  NDT anchor = STRIATAL (one scalar per scan, mask through the image affine, window fallback)
  weight EMA decay=0.999 (this IS the shipped artifact, not the last weights)
  COUNTERFACTUAL LESION: p=0.25 sev [0.45,0.9] order_w=0.0 k=8 margin=0.5
  LESION FIRED: 5 normals relabelled abnormal, 0 ordering pairs, batch 24 -> 24 rows
  SAGFUSE_AUX FIRED: w=0.3, 2 view logits supervised
[fu_a10_dnet f2] ep00 val ll 0.6868 auc 0.6657 (best 0.6868@0)
[fu_a10_dnet f2] ep10 val ll 0.5466 auc 0.9568 (best 0.2789@9)
[fu_a10_dnet f2] ep20 val ll 0.2470 auc 0.9709 (best 0.2470@20)
[fu_a10_dnet f2] ep30 val ll 0.2685 auc 0.9768 (best 0.2222@21)
[fu_a10_dnet f2] ep40 val ll 0.2127 auc 0.9771 (best 0.2101@32)
[fu_a10_dnet f2] ep50 val ll 0.1773 auc 0.9844 (best 0.1773@50)
[fu_a10_dnet f2] ep60 val ll 0.1886 auc 0.9836 (best 0.1773@50)
[fu_a10_dnet f2] ep70 val ll 0.1820 auc 0.9818 (best 0.1700@65)
[fu_a10_dnet f2] ep80 val ll 0.2096 auc 0.9861 (best 0.1653@76)
[fu_a10_dnet f2] ep90 val ll 0.1833 auc 0.9855 (best 0.1641@85)
[fu_a10_dnet f2] ep100 val ll 0.1693 auc 0.9856 (best 0.1641@85)
[fu_a10_dnet f2] ep110 val ll 0.1681 auc 0.9850 (best 0.1641@85)
[fu_a10_dnet f2] ep119 val ll 0.1666 auc 0.9854 (best 0.1641@85)
[fu_a10_dnet f2] EMA checkpoint + BN recal (242 layers)
[fu_a10_dnet f2] done 55.7 min: ll 0.1884 auc 0.9854
