recipe: densenet121 seed 8 ep 120 ema 0.999 tau 4.09*mu+1.259
  ARM: {'rot_deg': 31.7, 'sagfuse': 'attnres', 'sagfuse_aug': True, 'sagfuse_aux': 0.3, 'anchor_guard': True, 'ndt_anchor': 'striatal', 'mask3d_cache': '/ssd/datasets/DAT_SCAN/boxcache/canonv2mask_ell.u8.npy', 'lesion_p': 0.25, 'lesion_lo': 0.45, 'lesion_hi': 0.9, 'fuse_lr_mult': 0.3, 'box_cache': '/ssd/datasets/DAT_SCAN/boxcache/canonv2.f16.npy', 'splits': 'meta/cv_round9.csv'}
  NDT anchor = STRIATAL (one scalar per scan, mask through the image affine, window fallback)
  weight EMA decay=0.999 (this IS the shipped artifact, not the last weights)
  COUNTERFACTUAL LESION: p=0.25 sev [0.45,0.9] order_w=0.0 k=8 margin=0.5
  LESION FIRED: 2 normals relabelled abnormal, 0 ordering pairs, batch 24 -> 24 rows
  SAGFUSE_AUX FIRED: w=0.3, 2 view logits supervised
[fu_a8_dnet f1] ep00 val ll 0.6785 auc 0.7129 (best 0.6785@0)
[fu_a8_dnet f1] ep10 val ll 0.3346 auc 0.9414 (best 0.3346@10)
[fu_a8_dnet f1] ep20 val ll 0.2518 auc 0.9624 (best 0.2518@20)
[fu_a8_dnet f1] ep30 val ll 0.2855 auc 0.9590 (best 0.2406@27)
[fu_a8_dnet f1] ep40 val ll 0.2754 auc 0.9675 (best 0.2270@38)
[fu_a8_dnet f1] ep50 val ll 0.2626 auc 0.9652 (best 0.2270@38)
[fu_a8_dnet f1] ep60 val ll 0.2314 auc 0.9705 (best 0.2222@57)
[fu_a8_dnet f1] ep70 val ll 0.2302 auc 0.9722 (best 0.2222@57)
[fu_a8_dnet f1] ep80 val ll 0.2208 auc 0.9709 (best 0.2140@78)
[fu_a8_dnet f1] ep90 val ll 0.2159 auc 0.9747 (best 0.2140@78)
[fu_a8_dnet f1] ep100 val ll 0.2015 auc 0.9752 (best 0.2015@100)
[fu_a8_dnet f1] ep110 val ll 0.2100 auc 0.9734 (best 0.2015@100)
[fu_a8_dnet f1] ep119 val ll 0.2173 auc 0.9733 (best 0.2015@100)
[fu_a8_dnet f1] EMA checkpoint + BN recal (242 layers)
[fu_a8_dnet f1] done 57.5 min: ll 0.2319 auc 0.9719
