recipe: densenet121 seed 7 ep 120 ema 0.999 tau 4.09*mu+1.259
  ARM: {'rot_deg': 31.7, 'sagfuse': 'attnres', 'sagfuse_aug': True, 'sagfuse_aux': 0.3, 'anchor_guard': True, 'ndt_anchor': 'striatal', 'mask3d_cache': '/ssd/datasets/DAT_SCAN/boxcache/canonv2mask_ell.u8.npy', 'lesion_p': 0.25, 'lesion_lo': 0.45, 'lesion_hi': 0.9, 'fuse_lr_mult': 0.3, 'box_cache': '/ssd/datasets/DAT_SCAN/boxcache/canonv2.f16.npy', 'splits': 'meta/cv_round8.csv'}
  NDT anchor = STRIATAL (one scalar per scan, mask through the image affine, window fallback)
  weight EMA decay=0.999 (this IS the shipped artifact, not the last weights)
  COUNTERFACTUAL LESION: p=0.25 sev [0.45,0.9] order_w=0.0 k=8 margin=0.5
  LESION FIRED: 4 normals relabelled abnormal, 0 ordering pairs, batch 24 -> 24 rows
  SAGFUSE_AUX FIRED: w=0.3, 2 view logits supervised
[fu_a7_dnet f1] ep00 val ll 0.6802 auc 0.7273 (best 0.6802@0)
[fu_a7_dnet f1] ep10 val ll 0.4467 auc 0.9323 (best 0.3678@9)
[fu_a7_dnet f1] ep20 val ll 0.3994 auc 0.9642 (best 0.2409@17)
[fu_a7_dnet f1] ep30 val ll 0.3442 auc 0.9655 (best 0.2409@17)
[fu_a7_dnet f1] ep40 val ll 0.2704 auc 0.9672 (best 0.2243@33)
[fu_a7_dnet f1] ep50 val ll 0.2264 auc 0.9725 (best 0.2061@44)
[fu_a7_dnet f1] ep60 val ll 0.3488 auc 0.9695 (best 0.2061@44)
[fu_a7_dnet f1] ep70 val ll 0.2370 auc 0.9722 (best 0.2061@44)
[fu_a7_dnet f1] ep80 val ll 0.2389 auc 0.9737 (best 0.2061@44)
[fu_a7_dnet f1] ep90 val ll 0.2883 auc 0.9732 (best 0.2061@44)
[fu_a7_dnet f1] ep100 val ll 0.2130 auc 0.9756 (best 0.2061@44)
[fu_a7_dnet f1] ep110 val ll 0.2236 auc 0.9754 (best 0.2061@44)
[fu_a7_dnet f1] ep119 val ll 0.2309 auc 0.9760 (best 0.2061@44)
[fu_a7_dnet f1] EMA checkpoint + BN recal (242 layers)
[fu_a7_dnet f1] done 57.9 min: ll 0.2473 auc 0.9764
