recipe: densenet121 seed 4 ep 120 ema 0.999 tau 4.09*mu+1.259
  ARM: {'rot_deg': 31.7, 'sagfuse': 'attnres', 'sagfuse_aug': True, 'sagfuse_aux': 0.3, 'anchor_guard': True, 'ndt_anchor': 'striatal', 'mask3d_cache': '/ssd/datasets/DAT_SCAN/boxcache/canonv2mask_ell.u8.npy', 'lesion_p': 0.25, 'lesion_lo': 0.45, 'lesion_hi': 0.9, 'fuse_lr_mult': 0.3, 'box_cache': '/ssd/datasets/DAT_SCAN/boxcache/canonv2.f16.npy', 'splits': 'meta/cv_round5.csv'}
  NDT anchor = STRIATAL (one scalar per scan, mask through the image affine, window fallback)
  weight EMA decay=0.999 (this IS the shipped artifact, not the last weights)
  COUNTERFACTUAL LESION: p=0.25 sev [0.45,0.9] order_w=0.0 k=8 margin=0.5
  LESION FIRED: 1 normals relabelled abnormal, 0 ordering pairs, batch 24 -> 24 rows
  SAGFUSE_AUX FIRED: w=0.3, 2 view logits supervised
[fu_a4_dnet f3] ep00 val ll 0.6819 auc 0.7070 (best 0.6819@0)
[fu_a4_dnet f3] ep10 val ll 0.5867 auc 0.9336 (best 0.4824@8)
[fu_a4_dnet f3] ep20 val ll 0.2463 auc 0.9612 (best 0.2463@20)
[fu_a4_dnet f3] ep30 val ll 0.2355 auc 0.9660 (best 0.2285@28)
[fu_a4_dnet f3] ep40 val ll 0.2595 auc 0.9586 (best 0.2285@28)
[fu_a4_dnet f3] ep50 val ll 0.3281 auc 0.9613 (best 0.2285@28)
[fu_a4_dnet f3] ep60 val ll 0.4174 auc 0.9595 (best 0.2261@51)
[fu_a4_dnet f3] ep70 val ll 0.3046 auc 0.9658 (best 0.2261@51)
[fu_a4_dnet f3] ep80 val ll 0.2563 auc 0.9627 (best 0.2261@51)
[fu_a4_dnet f3] ep90 val ll 0.2514 auc 0.9670 (best 0.2261@51)
[fu_a4_dnet f3] ep100 val ll 0.2758 auc 0.9640 (best 0.2261@51)
[fu_a4_dnet f3] ep110 val ll 0.2909 auc 0.9642 (best 0.2261@51)
[fu_a4_dnet f3] ep119 val ll 0.2821 auc 0.9645 (best 0.2261@51)
[fu_a4_dnet f3] EMA checkpoint + BN recal (242 layers)
[fu_a4_dnet f3] done 57.7 min: ll 0.2979 auc 0.9654
