recipe: densenet121 seed 5 ep 120 ema 0.999 tau 4.09*mu+1.259
  ARM: {'rot_deg': 31.7, 'sagfuse': 'attnres', 'sagfuse_aug': True, 'sagfuse_aux': 0.3, 'anchor_guard': True, 'ndt_anchor': 'striatal', 'mask3d_cache': '/ssd/datasets/DAT_SCAN/boxcache/canonv2mask_ell.u8.npy', 'lesion_p': 0.25, 'lesion_lo': 0.45, 'lesion_hi': 0.9, 'fuse_lr_mult': 0.3, 'box_cache': '/ssd/datasets/DAT_SCAN/boxcache/canonv2.f16.npy', 'splits': 'meta/cv_round6.csv'}
  NDT anchor = STRIATAL (one scalar per scan, mask through the image affine, window fallback)
  weight EMA decay=0.999 (this IS the shipped artifact, not the last weights)
  COUNTERFACTUAL LESION: p=0.25 sev [0.45,0.9] order_w=0.0 k=8 margin=0.5
  LESION FIRED: 1 normals relabelled abnormal, 0 ordering pairs, batch 24 -> 24 rows
  SAGFUSE_AUX FIRED: w=0.3, 2 view logits supervised
[fu_a5_dnet f0] ep00 val ll 0.6706 auc 0.7419 (best 0.6706@0)
[fu_a5_dnet f0] ep10 val ll 0.5490 auc 0.9474 (best 0.3543@8)
[fu_a5_dnet f0] ep20 val ll 0.5061 auc 0.9640 (best 0.3002@17)
[fu_a5_dnet f0] ep30 val ll 0.2615 auc 0.9722 (best 0.2466@26)
[fu_a5_dnet f0] ep40 val ll 0.2205 auc 0.9712 (best 0.2175@39)
[fu_a5_dnet f0] ep50 val ll 0.2255 auc 0.9722 (best 0.2053@44)
[fu_a5_dnet f0] ep60 val ll 0.2209 auc 0.9717 (best 0.2053@44)
[fu_a5_dnet f0] ep70 val ll 0.2102 auc 0.9745 (best 0.2053@69)
[fu_a5_dnet f0] ep80 val ll 0.2171 auc 0.9749 (best 0.2053@69)
[fu_a5_dnet f0] ep90 val ll 0.2367 auc 0.9729 (best 0.2053@69)
[fu_a5_dnet f0] ep100 val ll 0.2391 auc 0.9747 (best 0.2053@69)
[fu_a5_dnet f0] ep110 val ll 0.2092 auc 0.9749 (best 0.2053@69)
[fu_a5_dnet f0] ep119 val ll 0.2362 auc 0.9750 (best 0.2053@69)
[fu_a5_dnet f0] EMA checkpoint + BN recal (242 layers)
[fu_a5_dnet f0] done 58.1 min: ll 0.2434 auc 0.9752
