recipe: densenet121 seed 10 ep 120 ema 0.999 tau 4.09*mu+1.259
  ARM: {'rot_deg': 31.7, 'sagfuse': 'attnres', 'sagfuse_aug': True, 'sagfuse_aux': 0.3, 'anchor_guard': True, 'ndt_anchor': 'striatal', 'mask3d_cache': '/ssd/datasets/DAT_SCAN/boxcache/canonv2mask_ell.u8.npy', 'lesion_p': 0.25, 'lesion_lo': 0.45, 'lesion_hi': 0.9, 'fuse_lr_mult': 0.3, 'box_cache': '/ssd/datasets/DAT_SCAN/boxcache/canonv2.f16.npy', 'splits': 'meta/cv_round11.csv'}
  NDT anchor = STRIATAL (one scalar per scan, mask through the image affine, window fallback)
  weight EMA decay=0.999 (this IS the shipped artifact, not the last weights)
  COUNTERFACTUAL LESION: p=0.25 sev [0.45,0.9] order_w=0.0 k=8 margin=0.5
  LESION FIRED: 3 normals relabelled abnormal, 0 ordering pairs, batch 24 -> 24 rows
  SAGFUSE_AUX FIRED: w=0.3, 2 view logits supervised
[fu_a10_dnet f3] ep00 val ll 0.6864 auc 0.7712 (best 0.6864@0)
[fu_a10_dnet f3] ep10 val ll 0.4928 auc 0.9456 (best 0.3403@8)
[fu_a10_dnet f3] ep20 val ll 0.4358 auc 0.9543 (best 0.2940@19)
[fu_a10_dnet f3] ep30 val ll 0.2786 auc 0.9545 (best 0.2642@28)
[fu_a10_dnet f3] ep40 val ll 0.6342 auc 0.9559 (best 0.2439@36)
[fu_a10_dnet f3] ep50 val ll 0.2503 auc 0.9681 (best 0.2439@36)
[fu_a10_dnet f3] ep60 val ll 0.2718 auc 0.9686 (best 0.2328@57)
[fu_a10_dnet f3] ep70 val ll 0.2270 auc 0.9724 (best 0.2270@70)
[fu_a10_dnet f3] ep80 val ll 0.2319 auc 0.9715 (best 0.2270@70)
[fu_a10_dnet f3] ep90 val ll 0.2608 auc 0.9718 (best 0.2270@70)
[fu_a10_dnet f3] ep100 val ll 0.2302 auc 0.9725 (best 0.2270@70)
[fu_a10_dnet f3] ep110 val ll 0.2393 auc 0.9738 (best 0.2215@106)
[fu_a10_dnet f3] ep119 val ll 0.2641 auc 0.9732 (best 0.2215@106)
[fu_a10_dnet f3] EMA checkpoint + BN recal (242 layers)
[fu_a10_dnet f3] done 58.0 min: ll 0.2882 auc 0.9726
