recipe: densenet121 seed 7 ep 120 ema 0.999 tau 4.09*mu+1.259
  ARM: {'rot_deg': 31.7, 'sagfuse': 'attnres', 'sagfuse_aug': True, 'sagfuse_aux': 0.3, 'anchor_guard': True, 'ndt_anchor': 'striatal', 'mask3d_cache': '/ssd/datasets/DAT_SCAN/boxcache/canonv2mask_ell.u8.npy', 'lesion_p': 0.25, 'lesion_lo': 0.45, 'lesion_hi': 0.9, 'fuse_lr_mult': 0.3, 'box_cache': '/ssd/datasets/DAT_SCAN/boxcache/canonv2.f16.npy', 'splits': 'meta/cv_round8.csv'}
  NDT anchor = STRIATAL (one scalar per scan, mask through the image affine, window fallback)
  weight EMA decay=0.999 (this IS the shipped artifact, not the last weights)
  COUNTERFACTUAL LESION: p=0.25 sev [0.45,0.9] order_w=0.0 k=8 margin=0.5
  LESION FIRED: 1 normals relabelled abnormal, 0 ordering pairs, batch 24 -> 24 rows
  SAGFUSE_AUX FIRED: w=0.3, 2 view logits supervised
[fu_a7_dnet f4] ep00 val ll 0.7070 auc 0.6790 (best 0.7070@0)
[fu_a7_dnet f4] ep10 val ll 0.5310 auc 0.9577 (best 0.3729@8)
[fu_a7_dnet f4] ep20 val ll 0.2523 auc 0.9638 (best 0.2523@20)
[fu_a7_dnet f4] ep30 val ll 0.2285 auc 0.9758 (best 0.2147@24)
[fu_a7_dnet f4] ep40 val ll 0.2948 auc 0.9758 (best 0.2127@39)
[fu_a7_dnet f4] ep50 val ll 0.2699 auc 0.9756 (best 0.2039@42)
[fu_a7_dnet f4] ep60 val ll 0.2090 auc 0.9774 (best 0.1904@53)
[fu_a7_dnet f4] ep70 val ll 0.1879 auc 0.9789 (best 0.1879@70)
[fu_a7_dnet f4] ep80 val ll 0.2239 auc 0.9795 (best 0.1863@71)
[fu_a7_dnet f4] ep90 val ll 0.1887 auc 0.9817 (best 0.1796@89)
[fu_a7_dnet f4] ep100 val ll 0.1818 auc 0.9817 (best 0.1796@89)
[fu_a7_dnet f4] ep110 val ll 0.1996 auc 0.9814 (best 0.1796@89)
[fu_a7_dnet f4] ep119 val ll 0.1919 auc 0.9816 (best 0.1778@113)
[fu_a7_dnet f4] EMA checkpoint + BN recal (242 layers)
[fu_a7_dnet f4] done 58.4 min: ll 0.2129 auc 0.9813
