recipe: densenet121 seed 1 ep 120 ema 0.999 tau 4.09*mu+1.259
  ARM: {'rot_deg': 31.7, 'sagfuse': 'attnres', 'sagfuse_aug': True, 'sagfuse_aux': 0.3, 'anchor_guard': True, 'ndt_anchor': 'striatal', 'mask3d_cache': '/ssd/datasets/DAT_SCAN/boxcache/canonv2mask_ell.u8.npy', 'lesion_p': 0.25, 'lesion_lo': 0.45, 'lesion_hi': 0.9, 'fuse_lr_mult': 0.3, 'box_cache': '/ssd/datasets/DAT_SCAN/boxcache/canonv2.f16.npy', 'splits': 'meta/cv_round2.csv'}
  NDT anchor = STRIATAL (one scalar per scan, mask through the image affine, window fallback)
  weight EMA decay=0.999 (this IS the shipped artifact, not the last weights)
  COUNTERFACTUAL LESION: p=0.25 sev [0.45,0.9] order_w=0.0 k=8 margin=0.5
  LESION FIRED: 3 normals relabelled abnormal, 0 ordering pairs, batch 24 -> 24 rows
  SAGFUSE_AUX FIRED: w=0.3, 2 view logits supervised
[fu_a1_dnet f2] ep00 val ll 0.6825 auc 0.7697 (best 0.6825@0)
[fu_a1_dnet f2] ep10 val ll 0.3773 auc 0.9323 (best 0.3773@10)
[fu_a1_dnet f2] ep20 val ll 0.3183 auc 0.9404 (best 0.3151@15)
[fu_a1_dnet f2] ep30 val ll 0.3384 auc 0.9412 (best 0.3008@27)
[fu_a1_dnet f2] ep40 val ll 0.2857 auc 0.9512 (best 0.2857@40)
[fu_a1_dnet f2] ep50 val ll 0.3240 auc 0.9491 (best 0.2857@40)
[fu_a1_dnet f2] ep60 val ll 0.3368 auc 0.9448 (best 0.2839@53)
[fu_a1_dnet f2] ep70 val ll 0.3334 auc 0.9476 (best 0.2839@53)
[fu_a1_dnet f2] ep80 val ll 0.2979 auc 0.9519 (best 0.2839@53)
[fu_a1_dnet f2] ep90 val ll 0.3083 auc 0.9507 (best 0.2839@53)
[fu_a1_dnet f2] ep100 val ll 0.3326 auc 0.9511 (best 0.2839@53)
[fu_a1_dnet f2] ep110 val ll 0.3333 auc 0.9490 (best 0.2839@53)
[fu_a1_dnet f2] ep119 val ll 0.3128 auc 0.9499 (best 0.2839@53)
[fu_a1_dnet f2] EMA checkpoint + BN recal (242 layers)
[fu_a1_dnet f2] done 58.9 min: ll 0.3273 auc 0.9515
