recipe: densenet121 seed 10 ep 120 ema 0.999 tau 4.09*mu+1.259
  ARM: {'rot_deg': 31.7, 'sagfuse': 'attnres', 'sagfuse_aug': True, 'sagfuse_aux': 0.3, 'anchor_guard': True, 'ndt_anchor': 'striatal', 'mask3d_cache': '/ssd/datasets/DAT_SCAN/boxcache/canonv2mask_ell.u8.npy', 'lesion_p': 0.25, 'lesion_lo': 0.45, 'lesion_hi': 0.9, 'fuse_lr_mult': 0.3, 'box_cache': '/ssd/datasets/DAT_SCAN/boxcache/canonv2.f16.npy', 'splits': 'meta/cv_round11.csv'}
  NDT anchor = STRIATAL (one scalar per scan, mask through the image affine, window fallback)
  weight EMA decay=0.999 (this IS the shipped artifact, not the last weights)
  COUNTERFACTUAL LESION: p=0.25 sev [0.45,0.9] order_w=0.0 k=8 margin=0.5
  LESION FIRED: 4 normals relabelled abnormal, 0 ordering pairs, batch 24 -> 24 rows
  SAGFUSE_AUX FIRED: w=0.3, 2 view logits supervised
[fu_a10_dnet f0] ep00 val ll 0.6974 auc 0.7793 (best 0.6974@0)
[fu_a10_dnet f0] ep10 val ll 0.4339 auc 0.9191 (best 0.3206@7)
[fu_a10_dnet f0] ep20 val ll 0.4564 auc 0.9305 (best 0.2779@19)
[fu_a10_dnet f0] ep30 val ll 0.3837 auc 0.9547 (best 0.2591@27)
[fu_a10_dnet f0] ep40 val ll 0.2909 auc 0.9593 (best 0.2591@27)
[fu_a10_dnet f0] ep50 val ll 0.3671 auc 0.9483 (best 0.2512@43)
[fu_a10_dnet f0] ep60 val ll 0.2888 auc 0.9558 (best 0.2512@43)
[fu_a10_dnet f0] ep70 val ll 0.3377 auc 0.9512 (best 0.2512@43)
[fu_a10_dnet f0] ep80 val ll 0.3247 auc 0.9558 (best 0.2499@78)
[fu_a10_dnet f0] ep90 val ll 0.2762 auc 0.9579 (best 0.2499@78)
[fu_a10_dnet f0] ep100 val ll 0.2786 auc 0.9587 (best 0.2499@78)
[fu_a10_dnet f0] ep110 val ll 0.2817 auc 0.9589 (best 0.2499@78)
[fu_a10_dnet f0] ep119 val ll 0.2823 auc 0.9585 (best 0.2499@78)
[fu_a10_dnet f0] EMA checkpoint + BN recal (242 layers)
[fu_a10_dnet f0] done 56.0 min: ll 0.2910 auc 0.9588
