recipe: densenet121 seed 9 ep 120 ema 0.999 tau 4.09*mu+1.259
  ARM: {'rot_deg': 31.7, 'sagfuse': 'attnres', 'sagfuse_aug': True, 'sagfuse_aux': 0.3, 'anchor_guard': True, 'ndt_anchor': 'striatal', 'mask3d_cache': '/ssd/datasets/DAT_SCAN/boxcache/canonv2mask_ell.u8.npy', 'lesion_p': 0.25, 'lesion_lo': 0.45, 'lesion_hi': 0.9, 'fuse_lr_mult': 0.3, 'box_cache': '/ssd/datasets/DAT_SCAN/boxcache/canonv2.f16.npy', 'splits': 'meta/cv_round10.csv'}
  NDT anchor = STRIATAL (one scalar per scan, mask through the image affine, window fallback)
  weight EMA decay=0.999 (this IS the shipped artifact, not the last weights)
  COUNTERFACTUAL LESION: p=0.25 sev [0.45,0.9] order_w=0.0 k=8 margin=0.5
  LESION FIRED: 2 normals relabelled abnormal, 0 ordering pairs, batch 24 -> 24 rows
  SAGFUSE_AUX FIRED: w=0.3, 2 view logits supervised
[fu_a9_dnet f2] ep00 val ll 0.6731 auc 0.7217 (best 0.6731@0)
[fu_a9_dnet f2] ep10 val ll 0.3184 auc 0.9508 (best 0.3184@10)
[fu_a9_dnet f2] ep20 val ll 0.2665 auc 0.9631 (best 0.2590@18)
[fu_a9_dnet f2] ep30 val ll 0.3319 auc 0.9679 (best 0.2262@26)
[fu_a9_dnet f2] ep40 val ll 0.3025 auc 0.9705 (best 0.2262@26)
[fu_a9_dnet f2] ep50 val ll 0.2306 auc 0.9709 (best 0.2262@26)
[fu_a9_dnet f2] ep60 val ll 0.3233 auc 0.9686 (best 0.2194@55)
[fu_a9_dnet f2] ep70 val ll 0.2917 auc 0.9701 (best 0.2116@67)
[fu_a9_dnet f2] ep80 val ll 0.3611 auc 0.9705 (best 0.2116@67)
[fu_a9_dnet f2] ep90 val ll 0.2313 auc 0.9747 (best 0.2116@67)
[fu_a9_dnet f2] ep100 val ll 0.3397 auc 0.9716 (best 0.2116@67)
[fu_a9_dnet f2] ep110 val ll 0.3170 auc 0.9729 (best 0.2116@67)
[fu_a9_dnet f2] ep119 val ll 0.3099 auc 0.9730 (best 0.2116@67)
[fu_a9_dnet f2] EMA checkpoint + BN recal (242 layers)
[fu_a9_dnet f2] done 56.9 min: ll 0.3437 auc 0.9727
