recipe: densenet121 seed 6 ep 120 ema 0.999 tau 4.09*mu+1.259
  ARM: {'rot_deg': 31.7, 'sagfuse': 'attnres', 'sagfuse_aug': True, 'sagfuse_aux': 0.3, 'anchor_guard': True, 'ndt_anchor': 'striatal', 'mask3d_cache': '/ssd/datasets/DAT_SCAN/boxcache/canonv2mask_ell.u8.npy', 'lesion_p': 0.25, 'lesion_lo': 0.45, 'lesion_hi': 0.9, 'fuse_lr_mult': 0.3, 'box_cache': '/ssd/datasets/DAT_SCAN/boxcache/canonv2.f16.npy', 'splits': 'meta/cv_round7.csv'}
  NDT anchor = STRIATAL (one scalar per scan, mask through the image affine, window fallback)
  weight EMA decay=0.999 (this IS the shipped artifact, not the last weights)
  COUNTERFACTUAL LESION: p=0.25 sev [0.45,0.9] order_w=0.0 k=8 margin=0.5
  LESION FIRED: 2 normals relabelled abnormal, 0 ordering pairs, batch 24 -> 24 rows
  SAGFUSE_AUX FIRED: w=0.3, 2 view logits supervised
[fu_a6_dnet f0] ep00 val ll 0.6745 auc 0.7411 (best 0.6745@0)
[fu_a6_dnet f0] ep10 val ll 0.4248 auc 0.9401 (best 0.3758@8)
[fu_a6_dnet f0] ep20 val ll 0.3274 auc 0.9461 (best 0.3111@13)
[fu_a6_dnet f0] ep30 val ll 0.3178 auc 0.9546 (best 0.2905@27)
[fu_a6_dnet f0] ep40 val ll 0.3939 auc 0.9525 (best 0.2455@38)
[fu_a6_dnet f0] ep50 val ll 0.2683 auc 0.9552 (best 0.2455@38)
[fu_a6_dnet f0] ep60 val ll 0.2978 auc 0.9540 (best 0.2455@38)
[fu_a6_dnet f0] ep70 val ll 0.2769 auc 0.9604 (best 0.2455@38)
[fu_a6_dnet f0] ep80 val ll 0.2833 auc 0.9586 (best 0.2455@38)
[fu_a6_dnet f0] ep90 val ll 0.2660 auc 0.9614 (best 0.2455@38)
[fu_a6_dnet f0] ep100 val ll 0.2614 auc 0.9622 (best 0.2455@38)
[fu_a6_dnet f0] ep110 val ll 0.2686 auc 0.9605 (best 0.2455@38)
[fu_a6_dnet f0] ep119 val ll 0.2693 auc 0.9607 (best 0.2455@38)
[fu_a6_dnet f0] EMA checkpoint + BN recal (242 layers)
[fu_a6_dnet f0] done 57.8 min: ll 0.2854 auc 0.9606
