recipe: densenet121 seed 6 ep 120 ema 0.999 tau 4.09*mu+1.259
  ARM: {'rot_deg': 31.7, 'sagfuse': 'attnres', 'sagfuse_aug': True, 'sagfuse_aux': 0.3, 'anchor_guard': True, 'ndt_anchor': 'striatal', 'mask3d_cache': '/ssd/datasets/DAT_SCAN/boxcache/canonv2mask_ell.u8.npy', 'lesion_p': 0.25, 'lesion_lo': 0.45, 'lesion_hi': 0.9, 'fuse_lr_mult': 0.3, 'box_cache': '/ssd/datasets/DAT_SCAN/boxcache/canonv2.f16.npy', 'splits': 'meta/cv_round7.csv'}
  NDT anchor = STRIATAL (one scalar per scan, mask through the image affine, window fallback)
  weight EMA decay=0.999 (this IS the shipped artifact, not the last weights)
  COUNTERFACTUAL LESION: p=0.25 sev [0.45,0.9] order_w=0.0 k=8 margin=0.5
  LESION FIRED: 3 normals relabelled abnormal, 0 ordering pairs, batch 24 -> 24 rows
  SAGFUSE_AUX FIRED: w=0.3, 2 view logits supervised
[fu_a6_dnet f2] ep00 val ll 0.6893 auc 0.6943 (best 0.6893@0)
[fu_a6_dnet f2] ep10 val ll 0.3045 auc 0.9502 (best 0.3045@10)
[fu_a6_dnet f2] ep20 val ll 0.3051 auc 0.9632 (best 0.2832@17)
[fu_a6_dnet f2] ep30 val ll 0.2767 auc 0.9693 (best 0.2201@29)
[fu_a6_dnet f2] ep40 val ll 0.2255 auc 0.9730 (best 0.2140@36)
[fu_a6_dnet f2] ep50 val ll 0.2005 auc 0.9766 (best 0.2005@50)
[fu_a6_dnet f2] ep60 val ll 0.2312 auc 0.9727 (best 0.1999@57)
[fu_a6_dnet f2] ep70 val ll 0.2002 auc 0.9774 (best 0.1958@64)
[fu_a6_dnet f2] ep80 val ll 0.1889 auc 0.9795 (best 0.1855@75)
[fu_a6_dnet f2] ep90 val ll 0.1970 auc 0.9783 (best 0.1855@75)
[fu_a6_dnet f2] ep100 val ll 0.1951 auc 0.9770 (best 0.1855@75)
[fu_a6_dnet f2] ep110 val ll 0.2021 auc 0.9764 (best 0.1855@75)
[fu_a6_dnet f2] ep119 val ll 0.1950 auc 0.9766 (best 0.1855@75)
[fu_a6_dnet f2] EMA checkpoint + BN recal (242 layers)
[fu_a6_dnet f2] done 56.8 min: ll 0.2078 auc 0.9770
