recipe: densenet121 seed 2 ep 120 ema 0.999 tau 4.09*mu+1.259
  ARM: {'rot_deg': 31.7, 'sagfuse': 'attnres', 'sagfuse_aug': True, 'sagfuse_aux': 0.3, 'anchor_guard': True, 'ndt_anchor': 'striatal', 'mask3d_cache': '/ssd/datasets/DAT_SCAN/boxcache/canonv2mask_ell.u8.npy', 'lesion_p': 0.25, 'lesion_lo': 0.45, 'lesion_hi': 0.9, 'fuse_lr_mult': 0.3, 'box_cache': '/ssd/datasets/DAT_SCAN/boxcache/canonv2.f16.npy', 'splits': 'meta/cv_round3.csv'}
  NDT anchor = STRIATAL (one scalar per scan, mask through the image affine, window fallback)
  weight EMA decay=0.999 (this IS the shipped artifact, not the last weights)
  COUNTERFACTUAL LESION: p=0.25 sev [0.45,0.9] order_w=0.0 k=8 margin=0.5
  LESION FIRED: 2 normals relabelled abnormal, 0 ordering pairs, batch 24 -> 24 rows
  SAGFUSE_AUX FIRED: w=0.3, 2 view logits supervised
[fu_a2_dnet f1] ep00 val ll 0.6628 auc 0.8098 (best 0.6628@0)
[fu_a2_dnet f1] ep10 val ll 1.0189 auc 0.9278 (best 0.2882@9)
[fu_a2_dnet f1] ep20 val ll 0.2278 auc 0.9670 (best 0.2278@20)
[fu_a2_dnet f1] ep30 val ll 0.2803 auc 0.9626 (best 0.2278@20)
[fu_a2_dnet f1] ep40 val ll 0.2433 auc 0.9653 (best 0.2278@20)
[fu_a2_dnet f1] ep50 val ll 0.2817 auc 0.9668 (best 0.2278@20)
[fu_a2_dnet f1] ep60 val ll 0.3196 auc 0.9657 (best 0.2278@20)
[fu_a2_dnet f1] ep70 val ll 0.2452 auc 0.9674 (best 0.2247@66)
[fu_a2_dnet f1] ep80 val ll 0.2584 auc 0.9692 (best 0.2247@66)
[fu_a2_dnet f1] ep90 val ll 0.2388 auc 0.9687 (best 0.2247@66)
[fu_a2_dnet f1] ep100 val ll 0.2314 auc 0.9717 (best 0.2247@66)
[fu_a2_dnet f1] ep110 val ll 0.2327 auc 0.9708 (best 0.2247@66)
[fu_a2_dnet f1] ep119 val ll 0.2442 auc 0.9704 (best 0.2247@66)
[fu_a2_dnet f1] EMA checkpoint + BN recal (242 layers)
[fu_a2_dnet f1] done 57.8 min: ll 0.2478 auc 0.9709
