recipe: densenet121 seed 7 ep 120 ema 0.999 tau 4.09*mu+1.259
  ARM: {'rot_deg': 31.7, 'sagfuse': 'attnres', 'sagfuse_aug': True, 'sagfuse_aux': 0.3, 'anchor_guard': True, 'ndt_anchor': 'striatal', 'mask3d_cache': '/ssd/datasets/DAT_SCAN/boxcache/canonv2mask_ell.u8.npy', 'lesion_p': 0.25, 'lesion_lo': 0.45, 'lesion_hi': 0.9, 'fuse_lr_mult': 0.3, 'box_cache': '/ssd/datasets/DAT_SCAN/boxcache/canonv2.f16.npy', 'splits': 'meta/cv_round8.csv'}
  NDT anchor = STRIATAL (one scalar per scan, mask through the image affine, window fallback)
  weight EMA decay=0.999 (this IS the shipped artifact, not the last weights)
  COUNTERFACTUAL LESION: p=0.25 sev [0.45,0.9] order_w=0.0 k=8 margin=0.5
  LESION FIRED: 3 normals relabelled abnormal, 0 ordering pairs, batch 24 -> 24 rows
  SAGFUSE_AUX FIRED: w=0.3, 2 view logits supervised
[fu_a7_dnet f0] ep00 val ll 0.6936 auc 0.7410 (best 0.6936@0)
[fu_a7_dnet f0] ep10 val ll 0.5983 auc 0.9355 (best 0.3354@7)
[fu_a7_dnet f0] ep20 val ll 0.2906 auc 0.9601 (best 0.2698@18)
[fu_a7_dnet f0] ep30 val ll 0.2800 auc 0.9569 (best 0.2698@18)
[fu_a7_dnet f0] ep40 val ll 0.8621 auc 0.9562 (best 0.2539@36)
[fu_a7_dnet f0] ep50 val ll 0.5818 auc 0.9612 (best 0.2538@42)
[fu_a7_dnet f0] ep60 val ll 0.2908 auc 0.9628 (best 0.2538@42)
[fu_a7_dnet f0] ep70 val ll 0.2751 auc 0.9643 (best 0.2518@64)
[fu_a7_dnet f0] ep80 val ll 0.3004 auc 0.9641 (best 0.2518@64)
[fu_a7_dnet f0] ep90 val ll 0.2910 auc 0.9646 (best 0.2518@64)
[fu_a7_dnet f0] ep100 val ll 0.2992 auc 0.9660 (best 0.2518@64)
[fu_a7_dnet f0] ep110 val ll 0.2843 auc 0.9666 (best 0.2518@64)
[fu_a7_dnet f0] ep119 val ll 0.2830 auc 0.9666 (best 0.2518@64)
[fu_a7_dnet f0] EMA checkpoint + BN recal (242 layers)
[fu_a7_dnet f0] done 57.8 min: ll 0.3225 auc 0.9651
