recipe: densenet121 seed 1 ep 120 ema 0.999 tau 4.09*mu+1.259
  ARM: {'rot_deg': 31.7, 'sagfuse': 'attnres', 'sagfuse_aug': True, 'sagfuse_aux': 0.3, 'anchor_guard': True, 'ndt_anchor': 'striatal', 'mask3d_cache': '/ssd/datasets/DAT_SCAN/boxcache/canonv2mask_ell.u8.npy', 'lesion_p': 0.25, 'lesion_lo': 0.45, 'lesion_hi': 0.9, 'fuse_lr_mult': 0.3, 'box_cache': '/ssd/datasets/DAT_SCAN/boxcache/canonv2.f16.npy', 'splits': 'meta/cv_round2.csv'}
  NDT anchor = STRIATAL (one scalar per scan, mask through the image affine, window fallback)
  weight EMA decay=0.999 (this IS the shipped artifact, not the last weights)
  COUNTERFACTUAL LESION: p=0.25 sev [0.45,0.9] order_w=0.0 k=8 margin=0.5
  LESION FIRED: 2 normals relabelled abnormal, 0 ordering pairs, batch 24 -> 24 rows
  SAGFUSE_AUX FIRED: w=0.3, 2 view logits supervised
[fu_a1_dnet f0] ep00 val ll 0.6625 auc 0.8457 (best 0.6625@0)
[fu_a1_dnet f0] ep10 val ll 0.4311 auc 0.9694 (best 0.3033@8)
[fu_a1_dnet f0] ep20 val ll 0.2293 auc 0.9701 (best 0.2277@19)
[fu_a1_dnet f0] ep30 val ll 0.1998 auc 0.9773 (best 0.1983@27)
[fu_a1_dnet f0] ep40 val ll 0.2641 auc 0.9749 (best 0.1881@39)
[fu_a1_dnet f0] ep50 val ll 0.2090 auc 0.9799 (best 0.1793@48)
[fu_a1_dnet f0] ep60 val ll 0.1785 auc 0.9812 (best 0.1775@51)
[fu_a1_dnet f0] ep70 val ll 0.1943 auc 0.9812 (best 0.1736@67)
[fu_a1_dnet f0] ep80 val ll 0.1861 auc 0.9798 (best 0.1736@67)
[fu_a1_dnet f0] ep90 val ll 0.2164 auc 0.9820 (best 0.1736@67)
[fu_a1_dnet f0] ep100 val ll 0.1760 auc 0.9824 (best 0.1736@67)
[fu_a1_dnet f0] ep110 val ll 0.1984 auc 0.9828 (best 0.1717@106)
[fu_a1_dnet f0] ep119 val ll 0.1935 auc 0.9823 (best 0.1717@106)
[fu_a1_dnet f0] EMA checkpoint + BN recal (242 layers)
[fu_a1_dnet f0] done 61.9 min: ll 0.2027 auc 0.9823
