recipe: densenet121 seed 9 ep 120 ema 0.999 tau 4.09*mu+1.259
  ARM: {'rot_deg': 31.7, 'sagfuse': 'attnres', 'sagfuse_aug': True, 'sagfuse_aux': 0.3, 'anchor_guard': True, 'ndt_anchor': 'striatal', 'mask3d_cache': '/ssd/datasets/DAT_SCAN/boxcache/canonv2mask_ell.u8.npy', 'lesion_p': 0.25, 'lesion_lo': 0.45, 'lesion_hi': 0.9, 'fuse_lr_mult': 0.3, 'box_cache': '/ssd/datasets/DAT_SCAN/boxcache/canonv2.f16.npy', 'splits': 'meta/cv_round10.csv'}
  NDT anchor = STRIATAL (one scalar per scan, mask through the image affine, window fallback)
  weight EMA decay=0.999 (this IS the shipped artifact, not the last weights)
  COUNTERFACTUAL LESION: p=0.25 sev [0.45,0.9] order_w=0.0 k=8 margin=0.5
  LESION FIRED: 4 normals relabelled abnormal, 0 ordering pairs, batch 24 -> 24 rows
  SAGFUSE_AUX FIRED: w=0.3, 2 view logits supervised
[fu_a9_dnet f3] ep00 val ll 0.6816 auc 0.7380 (best 0.6816@0)
[fu_a9_dnet f3] ep10 val ll 0.9121 auc 0.9331 (best 0.2815@9)
[fu_a9_dnet f3] ep20 val ll 0.3169 auc 0.9694 (best 0.2488@15)
[fu_a9_dnet f3] ep30 val ll 0.2317 auc 0.9697 (best 0.2317@30)
[fu_a9_dnet f3] ep40 val ll 0.2070 auc 0.9733 (best 0.2070@40)
[fu_a9_dnet f3] ep50 val ll 0.1941 auc 0.9756 (best 0.1941@50)
[fu_a9_dnet f3] ep60 val ll 0.2063 auc 0.9757 (best 0.1908@57)
[fu_a9_dnet f3] ep70 val ll 0.2005 auc 0.9740 (best 0.1908@57)
[fu_a9_dnet f3] ep80 val ll 0.1754 auc 0.9807 (best 0.1754@80)
[fu_a9_dnet f3] ep90 val ll 0.1769 auc 0.9820 (best 0.1639@88)
[fu_a9_dnet f3] ep100 val ll 0.1724 auc 0.9812 (best 0.1639@88)
[fu_a9_dnet f3] ep110 val ll 0.1768 auc 0.9817 (best 0.1639@88)
[fu_a9_dnet f3] ep119 val ll 0.1854 auc 0.9816 (best 0.1639@88)
[fu_a9_dnet f3] EMA checkpoint + BN recal (242 layers)
[fu_a9_dnet f3] done 53.3 min: ll 0.1990 auc 0.9810
