recipe: densenet121 seed 8 ep 120 ema 0.999 tau 4.09*mu+1.259
  ARM: {'rot_deg': 31.7, 'sagfuse': 'attnres', 'sagfuse_aug': True, 'sagfuse_aux': 0.3, 'anchor_guard': True, 'ndt_anchor': 'striatal', 'mask3d_cache': '/ssd/datasets/DAT_SCAN/boxcache/canonv2mask_ell.u8.npy', 'lesion_p': 0.25, 'lesion_lo': 0.45, 'lesion_hi': 0.9, 'fuse_lr_mult': 0.3, 'box_cache': '/ssd/datasets/DAT_SCAN/boxcache/canonv2.f16.npy', 'splits': 'meta/cv_round9.csv'}
  NDT anchor = STRIATAL (one scalar per scan, mask through the image affine, window fallback)
  weight EMA decay=0.999 (this IS the shipped artifact, not the last weights)
  COUNTERFACTUAL LESION: p=0.25 sev [0.45,0.9] order_w=0.0 k=8 margin=0.5
  LESION FIRED: 2 normals relabelled abnormal, 0 ordering pairs, batch 24 -> 24 rows
  SAGFUSE_AUX FIRED: w=0.3, 2 view logits supervised
[fu_a8_dnet f2] ep00 val ll 0.6928 auc 0.6989 (best 0.6928@0)
[fu_a8_dnet f2] ep10 val ll 0.3797 auc 0.9164 (best 0.3677@8)
[fu_a8_dnet f2] ep20 val ll 0.2511 auc 0.9583 (best 0.2511@20)
[fu_a8_dnet f2] ep30 val ll 0.3924 auc 0.9521 (best 0.2511@20)
[fu_a8_dnet f2] ep40 val ll 0.3815 auc 0.9633 (best 0.2511@20)
[fu_a8_dnet f2] ep50 val ll 0.3325 auc 0.9590 (best 0.2404@46)
[fu_a8_dnet f2] ep60 val ll 0.2311 auc 0.9688 (best 0.2311@60)
[fu_a8_dnet f2] ep70 val ll 0.2623 auc 0.9674 (best 0.2179@67)
[fu_a8_dnet f2] ep80 val ll 0.2267 auc 0.9676 (best 0.2179@67)
[fu_a8_dnet f2] ep90 val ll 0.2442 auc 0.9674 (best 0.2121@84)
[fu_a8_dnet f2] ep100 val ll 0.2352 auc 0.9721 (best 0.2121@84)
[fu_a8_dnet f2] ep110 val ll 0.2573 auc 0.9697 (best 0.2121@84)
[fu_a8_dnet f2] ep119 val ll 0.2498 auc 0.9700 (best 0.2121@84)
[fu_a8_dnet f2] EMA checkpoint + BN recal (242 layers)
[fu_a8_dnet f2] done 59.4 min: ll 0.2676 auc 0.9696
