recipe: densenet121 seed 6 ep 120 ema 0.999 tau 4.09*mu+1.259
  ARM: {'rot_deg': 31.7, 'sagfuse': 'attnres', 'sagfuse_aug': True, 'sagfuse_aux': 0.3, 'anchor_guard': True, 'ndt_anchor': 'striatal', 'mask3d_cache': '/ssd/datasets/DAT_SCAN/boxcache/canonv2mask_ell.u8.npy', 'lesion_p': 0.25, 'lesion_lo': 0.45, 'lesion_hi': 0.9, 'fuse_lr_mult': 0.3, 'box_cache': '/ssd/datasets/DAT_SCAN/boxcache/canonv2.f16.npy', 'splits': 'meta/cv_round7.csv'}
  NDT anchor = STRIATAL (one scalar per scan, mask through the image affine, window fallback)
  weight EMA decay=0.999 (this IS the shipped artifact, not the last weights)
  COUNTERFACTUAL LESION: p=0.25 sev [0.45,0.9] order_w=0.0 k=8 margin=0.5
  LESION FIRED: 3 normals relabelled abnormal, 0 ordering pairs, batch 24 -> 24 rows
  SAGFUSE_AUX FIRED: w=0.3, 2 view logits supervised
[fu_a6_dnet f4] ep00 val ll 0.6903 auc 0.7300 (best 0.6903@0)
[fu_a6_dnet f4] ep10 val ll 0.2463 auc 0.9666 (best 0.2463@10)
[fu_a6_dnet f4] ep20 val ll 0.2428 auc 0.9778 (best 0.2268@19)
[fu_a6_dnet f4] ep30 val ll 0.2002 auc 0.9759 (best 0.2002@30)
[fu_a6_dnet f4] ep40 val ll 0.1967 auc 0.9758 (best 0.1967@40)
[fu_a6_dnet f4] ep50 val ll 0.2176 auc 0.9742 (best 0.1931@45)
[fu_a6_dnet f4] ep60 val ll 0.1849 auc 0.9766 (best 0.1699@51)
[fu_a6_dnet f4] ep70 val ll 0.1851 auc 0.9822 (best 0.1675@68)
[fu_a6_dnet f4] ep80 val ll 0.1923 auc 0.9847 (best 0.1675@68)
[fu_a6_dnet f4] ep90 val ll 0.1666 auc 0.9848 (best 0.1597@82)
[fu_a6_dnet f4] ep100 val ll 0.1591 auc 0.9849 (best 0.1575@96)
[fu_a6_dnet f4] ep110 val ll 0.1725 auc 0.9840 (best 0.1575@96)
[fu_a6_dnet f4] ep119 val ll 0.1835 auc 0.9843 (best 0.1575@96)
[fu_a6_dnet f4] EMA checkpoint + BN recal (242 layers)
[fu_a6_dnet f4] done 57.5 min: ll 0.1891 auc 0.9841
