recipe: densenet121 seed 6 ep 120 ema 0.999 tau 4.09*mu+1.259
  ARM: {'rot_deg': 31.7, 'sagfuse': 'attnres', 'sagfuse_aug': True, 'sagfuse_aux': 0.3, 'anchor_guard': True, 'ndt_anchor': 'striatal', 'mask3d_cache': '/ssd/datasets/DAT_SCAN/boxcache/canonv2mask_ell.u8.npy', 'lesion_p': 0.25, 'lesion_lo': 0.45, 'lesion_hi': 0.9, 'fuse_lr_mult': 0.3, 'box_cache': '/ssd/datasets/DAT_SCAN/boxcache/canonv2.f16.npy', 'splits': 'meta/cv_round7.csv'}
  NDT anchor = STRIATAL (one scalar per scan, mask through the image affine, window fallback)
  weight EMA decay=0.999 (this IS the shipped artifact, not the last weights)
  COUNTERFACTUAL LESION: p=0.25 sev [0.45,0.9] order_w=0.0 k=8 margin=0.5
  LESION FIRED: 2 normals relabelled abnormal, 0 ordering pairs, batch 24 -> 24 rows
  SAGFUSE_AUX FIRED: w=0.3, 2 view logits supervised
[fu_a6_dnet f3] ep00 val ll 0.6718 auc 0.7494 (best 0.6718@0)
[fu_a6_dnet f3] ep10 val ll 0.4060 auc 0.9262 (best 0.3488@8)
[fu_a6_dnet f3] ep20 val ll 0.3065 auc 0.9421 (best 0.3065@20)
[fu_a6_dnet f3] ep30 val ll 0.2942 auc 0.9496 (best 0.2813@25)
[fu_a6_dnet f3] ep40 val ll 0.2741 auc 0.9548 (best 0.2705@39)
[fu_a6_dnet f3] ep50 val ll 0.3129 auc 0.9610 (best 0.2705@39)
[fu_a6_dnet f3] ep60 val ll 0.3340 auc 0.9571 (best 0.2689@53)
[fu_a6_dnet f3] ep70 val ll 0.3582 auc 0.9608 (best 0.2615@62)
[fu_a6_dnet f3] ep80 val ll 0.2936 auc 0.9590 (best 0.2615@62)
[fu_a6_dnet f3] ep90 val ll 0.3491 auc 0.9611 (best 0.2615@62)
[fu_a6_dnet f3] ep100 val ll 0.3017 auc 0.9631 (best 0.2615@62)
[fu_a6_dnet f3] ep110 val ll 0.3424 auc 0.9623 (best 0.2615@62)
[fu_a6_dnet f3] ep119 val ll 0.3706 auc 0.9612 (best 0.2615@62)
[fu_a6_dnet f3] EMA checkpoint + BN recal (242 layers)
[fu_a6_dnet f3] done 58.7 min: ll 0.3609 auc 0.9612
