recipe: densenet121 seed 8 ep 120 ema 0.999 tau 4.09*mu+1.259
  ARM: {'rot_deg': 31.7, 'sagfuse': 'attnres', 'sagfuse_aug': True, 'sagfuse_aux': 0.3, 'anchor_guard': True, 'ndt_anchor': 'striatal', 'mask3d_cache': '/ssd/datasets/DAT_SCAN/boxcache/canonv2mask_ell.u8.npy', 'lesion_p': 0.25, 'lesion_lo': 0.45, 'lesion_hi': 0.9, 'fuse_lr_mult': 0.3, 'box_cache': '/ssd/datasets/DAT_SCAN/boxcache/canonv2.f16.npy', 'splits': 'meta/cv_round9.csv'}
  NDT anchor = STRIATAL (one scalar per scan, mask through the image affine, window fallback)
  weight EMA decay=0.999 (this IS the shipped artifact, not the last weights)
  COUNTERFACTUAL LESION: p=0.25 sev [0.45,0.9] order_w=0.0 k=8 margin=0.5
  LESION FIRED: 2 normals relabelled abnormal, 0 ordering pairs, batch 24 -> 24 rows
  SAGFUSE_AUX FIRED: w=0.3, 2 view logits supervised
[fu_a8_dnet f3] ep00 val ll 0.6798 auc 0.7495 (best 0.6798@0)
[fu_a8_dnet f3] ep10 val ll 0.3589 auc 0.9450 (best 0.3078@9)
[fu_a8_dnet f3] ep20 val ll 0.2653 auc 0.9589 (best 0.2653@20)
[fu_a8_dnet f3] ep30 val ll 0.2539 auc 0.9654 (best 0.2408@25)
[fu_a8_dnet f3] ep40 val ll 0.3124 auc 0.9715 (best 0.2284@31)
[fu_a8_dnet f3] ep50 val ll 0.2504 auc 0.9643 (best 0.2284@31)
[fu_a8_dnet f3] ep60 val ll 0.2231 auc 0.9696 (best 0.2231@60)
[fu_a8_dnet f3] ep70 val ll 0.2768 auc 0.9634 (best 0.2231@60)
[fu_a8_dnet f3] ep80 val ll 0.2706 auc 0.9679 (best 0.2231@60)
[fu_a8_dnet f3] ep90 val ll 0.2593 auc 0.9667 (best 0.2231@60)
[fu_a8_dnet f3] ep100 val ll 0.2335 auc 0.9682 (best 0.2231@60)
[fu_a8_dnet f3] ep110 val ll 0.2498 auc 0.9673 (best 0.2231@60)
[fu_a8_dnet f3] ep119 val ll 0.2646 auc 0.9662 (best 0.2231@60)
[fu_a8_dnet f3] EMA checkpoint + BN recal (242 layers)
[fu_a8_dnet f3] done 59.0 min: ll 0.2734 auc 0.9678
