recipe: densenet121 seed 4 ep 120 ema 0.999 tau 4.09*mu+1.259
  ARM: {'rot_deg': 31.7, 'sagfuse': 'attnres', 'sagfuse_aug': True, 'sagfuse_aux': 0.3, 'anchor_guard': True, 'ndt_anchor': 'striatal', 'mask3d_cache': '/ssd/datasets/DAT_SCAN/boxcache/canonv2mask_ell.u8.npy', 'lesion_p': 0.25, 'lesion_lo': 0.45, 'lesion_hi': 0.9, 'fuse_lr_mult': 0.3, 'box_cache': '/ssd/datasets/DAT_SCAN/boxcache/canonv2.f16.npy', 'splits': 'meta/cv_round5.csv'}
  NDT anchor = STRIATAL (one scalar per scan, mask through the image affine, window fallback)
  weight EMA decay=0.999 (this IS the shipped artifact, not the last weights)
  COUNTERFACTUAL LESION: p=0.25 sev [0.45,0.9] order_w=0.0 k=8 margin=0.5
  LESION FIRED: 1 normals relabelled abnormal, 0 ordering pairs, batch 24 -> 24 rows
  SAGFUSE_AUX FIRED: w=0.3, 2 view logits supervised
[fu_a4_dnet f0] ep00 val ll 0.6811 auc 0.7362 (best 0.6811@0)
[fu_a4_dnet f0] ep10 val ll 0.2854 auc 0.9630 (best 0.2854@10)
[fu_a4_dnet f0] ep20 val ll 0.5313 auc 0.9656 (best 0.2472@18)
[fu_a4_dnet f0] ep30 val ll 0.2726 auc 0.9715 (best 0.2180@23)
[fu_a4_dnet f0] ep40 val ll 0.2280 auc 0.9711 (best 0.2121@38)
[fu_a4_dnet f0] ep50 val ll 0.3021 auc 0.9677 (best 0.2121@38)
[fu_a4_dnet f0] ep60 val ll 0.3087 auc 0.9675 (best 0.2121@38)
[fu_a4_dnet f0] ep70 val ll 0.2468 auc 0.9688 (best 0.2121@38)
[fu_a4_dnet f0] ep80 val ll 0.2276 auc 0.9704 (best 0.2121@38)
[fu_a4_dnet f0] ep90 val ll 0.2704 auc 0.9698 (best 0.2121@38)
[fu_a4_dnet f0] ep100 val ll 0.2600 auc 0.9719 (best 0.2121@38)
[fu_a4_dnet f0] ep110 val ll 0.2597 auc 0.9718 (best 0.2121@38)
[fu_a4_dnet f0] ep119 val ll 0.2439 auc 0.9722 (best 0.2121@38)
[fu_a4_dnet f0] EMA checkpoint + BN recal (242 layers)
[fu_a4_dnet f0] done 58.2 min: ll 0.2759 auc 0.9715
