recipe: densenet121 seed 1 ep 120 ema 0.999 tau 4.09*mu+1.259
  ARM: {'rot_deg': 31.7, 'sagfuse': 'attnres', 'sagfuse_aug': True, 'sagfuse_aux': 0.3, 'anchor_guard': True, 'ndt_anchor': 'striatal', 'mask3d_cache': '/ssd/datasets/DAT_SCAN/boxcache/canonv2mask_ell.u8.npy', 'lesion_p': 0.25, 'lesion_lo': 0.45, 'lesion_hi': 0.9, 'fuse_lr_mult': 0.3, 'box_cache': '/ssd/datasets/DAT_SCAN/boxcache/canonv2.f16.npy', 'splits': 'meta/cv_round2.csv'}
  NDT anchor = STRIATAL (one scalar per scan, mask through the image affine, window fallback)
  weight EMA decay=0.999 (this IS the shipped artifact, not the last weights)
  COUNTERFACTUAL LESION: p=0.25 sev [0.45,0.9] order_w=0.0 k=8 margin=0.5
  LESION FIRED: 3 normals relabelled abnormal, 0 ordering pairs, batch 24 -> 24 rows
  SAGFUSE_AUX FIRED: w=0.3, 2 view logits supervised
[fu_a1_dnet f3] ep00 val ll 0.6695 auc 0.8299 (best 0.6695@0)
[fu_a1_dnet f3] ep10 val ll 0.5873 auc 0.9371 (best 0.3525@7)
[fu_a1_dnet f3] ep20 val ll 0.3188 auc 0.9496 (best 0.2735@19)
[fu_a1_dnet f3] ep30 val ll 0.2628 auc 0.9568 (best 0.2628@30)
[fu_a1_dnet f3] ep40 val ll 0.4002 auc 0.9536 (best 0.2547@35)
[fu_a1_dnet f3] ep50 val ll 0.2488 auc 0.9624 (best 0.2488@50)
[fu_a1_dnet f3] ep60 val ll 0.3232 auc 0.9648 (best 0.2488@50)
[fu_a1_dnet f3] ep70 val ll 0.2463 auc 0.9621 (best 0.2463@70)
[fu_a1_dnet f3] ep80 val ll 0.2394 auc 0.9649 (best 0.2295@72)
[fu_a1_dnet f3] ep90 val ll 0.2845 auc 0.9644 (best 0.2295@72)
[fu_a1_dnet f3] ep100 val ll 0.2582 auc 0.9641 (best 0.2295@72)
[fu_a1_dnet f3] ep110 val ll 0.2523 auc 0.9664 (best 0.2295@72)
[fu_a1_dnet f3] ep119 val ll 0.2590 auc 0.9660 (best 0.2295@72)
[fu_a1_dnet f3] EMA checkpoint + BN recal (242 layers)
[fu_a1_dnet f3] done 58.1 min: ll 0.2750 auc 0.9664
