recipe: densenet121 seed 3 ep 120 ema 0.999 tau 4.09*mu+1.259
  ARM: {'rot_deg': 31.7, 'sagfuse': 'attnres', 'sagfuse_aug': True, 'sagfuse_aux': 0.3, 'anchor_guard': True, 'ndt_anchor': 'striatal', 'mask3d_cache': '/ssd/datasets/DAT_SCAN/boxcache/canonv2mask_ell.u8.npy', 'lesion_p': 0.25, 'lesion_lo': 0.45, 'lesion_hi': 0.9, 'fuse_lr_mult': 0.3, 'box_cache': '/ssd/datasets/DAT_SCAN/boxcache/canonv2.f16.npy', 'splits': 'meta/cv_round4.csv'}
  NDT anchor = STRIATAL (one scalar per scan, mask through the image affine, window fallback)
  weight EMA decay=0.999 (this IS the shipped artifact, not the last weights)
  COUNTERFACTUAL LESION: p=0.25 sev [0.45,0.9] order_w=0.0 k=8 margin=0.5
  LESION FIRED: 4 normals relabelled abnormal, 0 ordering pairs, batch 24 -> 24 rows
  SAGFUSE_AUX FIRED: w=0.3, 2 view logits supervised
[fu_a3_dnet f2] ep00 val ll 0.6994 auc 0.6504 (best 0.6994@0)
[fu_a3_dnet f2] ep10 val ll 0.3973 auc 0.9303 (best 0.3923@9)
[fu_a3_dnet f2] ep20 val ll 0.2676 auc 0.9604 (best 0.2676@20)
[fu_a3_dnet f2] ep30 val ll 0.2724 auc 0.9521 (best 0.2390@22)
[fu_a3_dnet f2] ep40 val ll 0.2320 auc 0.9646 (best 0.2311@36)
[fu_a3_dnet f2] ep50 val ll 0.2666 auc 0.9587 (best 0.2311@36)
[fu_a3_dnet f2] ep60 val ll 0.2896 auc 0.9612 (best 0.2311@36)
[fu_a3_dnet f2] ep70 val ll 0.2475 auc 0.9604 (best 0.2311@36)
[fu_a3_dnet f2] ep80 val ll 0.4055 auc 0.9559 (best 0.2311@36)
[fu_a3_dnet f2] ep90 val ll 0.2653 auc 0.9603 (best 0.2311@36)
[fu_a3_dnet f2] ep100 val ll 0.2736 auc 0.9609 (best 0.2311@36)
[fu_a3_dnet f2] ep110 val ll 0.2837 auc 0.9608 (best 0.2311@36)
[fu_a3_dnet f2] ep119 val ll 0.2635 auc 0.9620 (best 0.2311@36)
[fu_a3_dnet f2] EMA checkpoint + BN recal (242 layers)
[fu_a3_dnet f2] done 58.9 min: ll 0.2873 auc 0.9624
