recipe: densenet121 seed 10 ep 120 ema 0.999 tau 4.09*mu+1.259
  ARM: {'rot_deg': 31.7, 'sagfuse': 'attnres', 'sagfuse_aug': True, 'sagfuse_aux': 0.3, 'anchor_guard': True, 'ndt_anchor': 'striatal', 'mask3d_cache': '/ssd/datasets/DAT_SCAN/boxcache/canonv2mask_ell.u8.npy', 'lesion_p': 0.25, 'lesion_lo': 0.45, 'lesion_hi': 0.9, 'fuse_lr_mult': 0.3, 'box_cache': '/ssd/datasets/DAT_SCAN/boxcache/canonv2.f16.npy', 'splits': 'meta/cv_round11.csv'}
  NDT anchor = STRIATAL (one scalar per scan, mask through the image affine, window fallback)
  weight EMA decay=0.999 (this IS the shipped artifact, not the last weights)
  COUNTERFACTUAL LESION: p=0.25 sev [0.45,0.9] order_w=0.0 k=8 margin=0.5
  LESION FIRED: 1 normals relabelled abnormal, 0 ordering pairs, batch 24 -> 24 rows
  SAGFUSE_AUX FIRED: w=0.3, 2 view logits supervised
[fu_a10_dnet f1] ep00 val ll 0.6821 auc 0.7715 (best 0.6821@0)
[fu_a10_dnet f1] ep10 val ll 0.3563 auc 0.9572 (best 0.2727@8)
[fu_a10_dnet f1] ep20 val ll 0.2289 auc 0.9726 (best 0.2289@20)
[fu_a10_dnet f1] ep30 val ll 0.2184 auc 0.9746 (best 0.2153@27)
[fu_a10_dnet f1] ep40 val ll 0.2130 auc 0.9718 (best 0.2130@40)
[fu_a10_dnet f1] ep50 val ll 0.3322 auc 0.9662 (best 0.2059@42)
[fu_a10_dnet f1] ep60 val ll 0.1999 auc 0.9756 (best 0.1994@56)
[fu_a10_dnet f1] ep70 val ll 0.2987 auc 0.9747 (best 0.1945@68)
[fu_a10_dnet f1] ep80 val ll 0.2310 auc 0.9745 (best 0.1945@68)
[fu_a10_dnet f1] ep90 val ll 0.2076 auc 0.9767 (best 0.1945@68)
[fu_a10_dnet f1] ep100 val ll 0.2024 auc 0.9769 (best 0.1945@68)
[fu_a10_dnet f1] ep110 val ll 0.2000 auc 0.9768 (best 0.1945@68)
[fu_a10_dnet f1] ep119 val ll 0.2067 auc 0.9768 (best 0.1945@68)
[fu_a10_dnet f1] EMA checkpoint + BN recal (242 layers)
[fu_a10_dnet f1] done 52.5 min: ll 0.2391 auc 0.9763
